Archive member included to satisfy reference by file (symbol)

C:/ST/STM32CubeIDE_1.14.1/STM32CubeIDE/plugins/com.st.stm32cube.ide.mcu.externaltools.gnu-tools-for-stm32.12.3.rel1.win32_1.0.100.202403111256/tools/bin/../lib/gcc/arm-none-eabi/12.3.1/../../../../arm-none-eabi/lib/thumb/v8-m.main+fp/hard\libc_nano.a(libc_a-exit.o)
                              C:/ST/STM32CubeIDE_1.14.1/STM32CubeIDE/plugins/com.st.stm32cube.ide.mcu.externaltools.gnu-tools-for-stm32.12.3.rel1.win32_1.0.100.202403111256/tools/bin/../lib/gcc/arm-none-eabi/12.3.1/../../../../arm-none-eabi/lib/thumb/v8-m.main+fp/hard/crt0.o (exit)
C:/ST/STM32CubeIDE_1.14.1/STM32CubeIDE/plugins/com.st.stm32cube.ide.mcu.externaltools.gnu-tools-for-stm32.12.3.rel1.win32_1.0.100.202403111256/tools/bin/../lib/gcc/arm-none-eabi/12.3.1/../../../../arm-none-eabi/lib/thumb/v8-m.main+fp/hard\libc_nano.a(libc_a-findfp.o)
                              C:/ST/STM32CubeIDE_1.14.1/STM32CubeIDE/plugins/com.st.stm32cube.ide.mcu.externaltools.gnu-tools-for-stm32.12.3.rel1.win32_1.0.100.202403111256/tools/bin/../lib/gcc/arm-none-eabi/12.3.1/../../../../arm-none-eabi/lib/thumb/v8-m.main+fp/hard\libc_nano.a(libc_a-exit.o) (__stdio_exit_handler)
C:/ST/STM32CubeIDE_1.14.1/STM32CubeIDE/plugins/com.st.stm32cube.ide.mcu.externaltools.gnu-tools-for-stm32.12.3.rel1.win32_1.0.100.202403111256/tools/bin/../lib/gcc/arm-none-eabi/12.3.1/../../../../arm-none-eabi/lib/thumb/v8-m.main+fp/hard\libc_nano.a(libc_a-fwalk.o)
                              C:/ST/STM32CubeIDE_1.14.1/STM32CubeIDE/plugins/com.st.stm32cube.ide.mcu.externaltools.gnu-tools-for-stm32.12.3.rel1.win32_1.0.100.202403111256/tools/bin/../lib/gcc/arm-none-eabi/12.3.1/../../../../arm-none-eabi/lib/thumb/v8-m.main+fp/hard\libc_nano.a(libc_a-findfp.o) (_fwalk_sglue)
C:/ST/STM32CubeIDE_1.14.1/STM32CubeIDE/plugins/com.st.stm32cube.ide.mcu.externaltools.gnu-tools-for-stm32.12.3.rel1.win32_1.0.100.202403111256/tools/bin/../lib/gcc/arm-none-eabi/12.3.1/../../../../arm-none-eabi/lib/thumb/v8-m.main+fp/hard\libc_nano.a(libc_a-stdio.o)
                              C:/ST/STM32CubeIDE_1.14.1/STM32CubeIDE/plugins/com.st.stm32cube.ide.mcu.externaltools.gnu-tools-for-stm32.12.3.rel1.win32_1.0.100.202403111256/tools/bin/../lib/gcc/arm-none-eabi/12.3.1/../../../../arm-none-eabi/lib/thumb/v8-m.main+fp/hard\libc_nano.a(libc_a-findfp.o) (__sread)
C:/ST/STM32CubeIDE_1.14.1/STM32CubeIDE/plugins/com.st.stm32cube.ide.mcu.externaltools.gnu-tools-for-stm32.12.3.rel1.win32_1.0.100.202403111256/tools/bin/../lib/gcc/arm-none-eabi/12.3.1/../../../../arm-none-eabi/lib/thumb/v8-m.main+fp/hard\libc_nano.a(libc_a-memset.o)
                              C:/ST/STM32CubeIDE_1.14.1/STM32CubeIDE/plugins/com.st.stm32cube.ide.mcu.externaltools.gnu-tools-for-stm32.12.3.rel1.win32_1.0.100.202403111256/tools/bin/../lib/gcc/arm-none-eabi/12.3.1/../../../../arm-none-eabi/lib/thumb/v8-m.main+fp/hard/crt0.o (memset)
C:/ST/STM32CubeIDE_1.14.1/STM32CubeIDE/plugins/com.st.stm32cube.ide.mcu.externaltools.gnu-tools-for-stm32.12.3.rel1.win32_1.0.100.202403111256/tools/bin/../lib/gcc/arm-none-eabi/12.3.1/../../../../arm-none-eabi/lib/thumb/v8-m.main+fp/hard\libc_nano.a(libc_a-closer.o)
                              C:/ST/STM32CubeIDE_1.14.1/STM32CubeIDE/plugins/com.st.stm32cube.ide.mcu.externaltools.gnu-tools-for-stm32.12.3.rel1.win32_1.0.100.202403111256/tools/bin/../lib/gcc/arm-none-eabi/12.3.1/../../../../arm-none-eabi/lib/thumb/v8-m.main+fp/hard\libc_nano.a(libc_a-stdio.o) (_close_r)
C:/ST/STM32CubeIDE_1.14.1/STM32CubeIDE/plugins/com.st.stm32cube.ide.mcu.externaltools.gnu-tools-for-stm32.12.3.rel1.win32_1.0.100.202403111256/tools/bin/../lib/gcc/arm-none-eabi/12.3.1/../../../../arm-none-eabi/lib/thumb/v8-m.main+fp/hard\libc_nano.a(libc_a-reent.o)
                              C:/ST/STM32CubeIDE_1.14.1/STM32CubeIDE/plugins/com.st.stm32cube.ide.mcu.externaltools.gnu-tools-for-stm32.12.3.rel1.win32_1.0.100.202403111256/tools/bin/../lib/gcc/arm-none-eabi/12.3.1/../../../../arm-none-eabi/lib/thumb/v8-m.main+fp/hard\libc_nano.a(libc_a-closer.o) (errno)
C:/ST/STM32CubeIDE_1.14.1/STM32CubeIDE/plugins/com.st.stm32cube.ide.mcu.externaltools.gnu-tools-for-stm32.12.3.rel1.win32_1.0.100.202403111256/tools/bin/../lib/gcc/arm-none-eabi/12.3.1/../../../../arm-none-eabi/lib/thumb/v8-m.main+fp/hard\libc_nano.a(libc_a-impure.o)
                              C:/ST/STM32CubeIDE_1.14.1/STM32CubeIDE/plugins/com.st.stm32cube.ide.mcu.externaltools.gnu-tools-for-stm32.12.3.rel1.win32_1.0.100.202403111256/tools/bin/../lib/gcc/arm-none-eabi/12.3.1/../../../../arm-none-eabi/lib/thumb/v8-m.main+fp/hard\libc_nano.a(libc_a-reent.o) (_impure_ptr)
C:/ST/STM32CubeIDE_1.14.1/STM32CubeIDE/plugins/com.st.stm32cube.ide.mcu.externaltools.gnu-tools-for-stm32.12.3.rel1.win32_1.0.100.202403111256/tools/bin/../lib/gcc/arm-none-eabi/12.3.1/../../../../arm-none-eabi/lib/thumb/v8-m.main+fp/hard\libc_nano.a(libc_a-lseekr.o)
[...]
Memory Configuration

Name             Origin             Length             Attributes
RAM              0x20000000         0x00008000         xrw
FLASH            0x08000000         0x00020000         xr
*default*        0x00000000         0xffffffff

Linker script and memory map

LOAD C:/ST/STM32CubeIDE_1.14.1/STM32CubeIDE/plugins/com.st.stm32cube.ide.mcu.externaltools.gnu-tools-for-stm32.12.3.rel1.win32_1.0.100.202403111256/tools/bin/../lib/gcc/arm-none-eabi/12.3.1/thumb/v8-m.main+fp/hard/crti.o
LOAD C:/ST/STM32CubeIDE_1.14.1/STM32CubeIDE/plugins/com.st.stm32cube.ide.mcu.externaltools.gnu-tools-for-stm32.12.3.rel1.win32_1.0.100.202403111256/tools/bin/../lib/gcc/arm-none-eabi/12.3.1/thumb/v8-m.main+fp/hard/crtbegin.o
LOAD C:/ST/STM32CubeIDE_1.14.1/STM32CubeIDE/plugins/com.st.stm32cube.ide.mcu.externaltools.gnu-tools-for-stm32.12.3.rel1.win32_1.0.100.202403111256/tools/bin/../lib/gcc/arm-none-eabi/12.3.1/../../../../arm-none-eabi/lib/thumb/v8-m.main+fp/hard/crt0.o
LOAD ./Core/Src/main.o
LOAD ./Core/Src/sht40_lib.o
LOAD ./Core/Src/stm32h5xx_hal_msp.o
LOAD ./Core/Src/stm32h5xx_hal_timebase_tim.o
LOAD ./Core/Src/stm32h5xx_it.o
LOAD ./Core/Src/syscalls.o
LOAD ./Core/Src/sysmem.o
LOAD ./Core/Src/system_stm32h5xx.o
LOAD ./Core/Startup/startup_stm32h503rbtx.o
LOAD ./Drivers/STM32H5xx_HAL_Driver/stm32h5xx_hal.o
LOAD ./Drivers/STM32H5xx_HAL_Driver/stm32h5xx_hal_adc.o
LOAD ./Drivers/STM32H5xx_HAL_Driver/stm32h5xx_hal_adc_ex.o
LOAD ./Drivers/STM32H5xx_HAL_Driver/stm32h5xx_hal_cortex.o
LOAD ./Drivers/STM32H5xx_HAL_Driver/stm32h5xx_hal_dac.o
LOAD ./Drivers/STM32H5xx_HAL_Driver/stm32h5xx_hal_dac_ex.o
LOAD ./Drivers/STM32H5xx_HAL_Driver/stm32h5xx_hal_dma.o
LOAD ./Drivers/STM32H5xx_HAL_Driver/stm32h5xx_hal_dma_ex.o
LOAD ./Drivers/STM32H5xx_HAL_Driver/stm32h5xx_hal_exti.o
LOAD ./Drivers/STM32H5xx_HAL_Driver/stm32h5xx_hal_flash.o
LOAD ./Drivers/STM32H5xx_HAL_Driver/stm32h5xx_hal_flash_ex.o
LOAD ./Drivers/STM32H5xx_HAL_Driver/stm32h5xx_hal_gpio.o
LOAD ./Drivers/STM32H5xx_HAL_Driver/stm32h5xx_hal_i2c.o
LOAD ./Drivers/STM32H5xx_HAL_Driver/stm32h5xx_hal_i2c_ex.o
LOAD ./Drivers/STM32H5xx_HAL_Driver/stm32h5xx_hal_icache.o
LOAD ./Drivers/STM32H5xx_HAL_Driver/stm32h5xx_hal_pcd.o
LOAD ./Drivers/STM32H5xx_HAL_Driver/stm32h5xx_hal_pcd_ex.o
LOAD ./Drivers/STM32H5xx_HAL_Driver/stm32h5xx_hal_pwr.o
LOAD ./Drivers/STM32H5xx_HAL_Driver/stm32h5xx_hal_pwr_ex.o
LOAD ./Drivers/STM32H5xx_HAL_Driver/stm32h5xx_hal_rcc.o
LOAD ./Drivers/STM32H5xx_HAL_Driver/stm32h5xx_hal_rcc_ex.o
LOAD ./Drivers/STM32H5xx_HAL_Driver/stm32h5xx_hal_spi.o
LOAD ./Drivers/STM32H5xx_HAL_Driver/stm32h5xx_hal_spi_ex.o
LOAD ./Drivers/STM32H5xx_HAL_Driver/stm32h5xx_hal_tim.o
LOAD ./Drivers/STM32H5xx_HAL_Driver/stm32h5xx_hal_tim_ex.o
LOAD ./Drivers/STM32H5xx_HAL_Driver/stm32h5xx_hal_usart.o
LOAD ./Drivers/STM32H5xx_HAL_Driver/stm32h5xx_hal_usart_ex.o
LOAD ./Drivers/STM32H5xx_HAL_Driver/stm32h5xx_ll_usb.o
START GROUP
LOAD C:/ST/STM32CubeIDE_1.14.1/STM32CubeIDE/plugins/com.st.stm32cube.ide.mcu.externaltools.gnu-tools-for-stm32.12.3.rel1.win32_1.0.100.202403111256/tools/bin/../lib/gcc/arm-none-eabi/12.3.1/../../../../arm-none-eabi/lib/thumb/v8-m.main+fp/hard\libc_nano.a
LOAD C:/ST/STM32CubeIDE_1.14.1/STM32CubeIDE/plugins/com.st.stm32cube.ide.mcu.externaltools.gnu-tools-for-stm32.12.3.rel1.win32_1.0.100.202403111256/tools/bin/../lib/gcc/arm-none-eabi/12.3.1/../../../../arm-none-eabi/lib/thumb/v8-m.main+fp/hard\libm.a
END GROUP
START GROUP
LOAD C:/ST/STM32CubeIDE_1.14.1/STM32CubeIDE/plugins/com.st.stm32cube.ide.mcu.externaltools.gnu-tools-for-stm32.12.3.rel1.win32_1.0.100.202403111256/tools/bin/../lib/gcc/arm-none-eabi/12.3.1/thumb/v8-m.main+fp/hard\libgcc.a
LOAD C:/ST/STM32CubeIDE_1.14.1/STM32CubeIDE/plugins/com.st.stm32cube.ide.mcu.externaltools.gnu-tools-for-stm32.12.3.rel1.win32_1.0.100.202403111256/tools/bin/../lib/gcc/arm-none-eabi/12.3.1/../../../../arm-none-eabi/lib/thumb/v8-m.main+fp/hard\libc_nano.a
END GROUP
START GROUP
LOAD C:/ST/STM32CubeIDE_1.14.1/STM32CubeIDE/plugins/com.st.stm32cube.ide.mcu.externaltools.gnu-tools-for-stm32.12.3.rel1.win32_1.0.100.202403111256/tools/bin/../lib/gcc/arm-none-eabi/12.3.1/thumb/v8-m.main+fp/hard\libgcc.a
LOAD C:/ST/STM32CubeIDE_1.14.1/STM32CubeIDE/plugins/com.st.stm32cube.ide.mcu.externaltools.gnu-tools-for-stm32.12.3.rel1.win32_1.0.100.202403111256/tools/bin/../lib/gcc/arm-none-eabi/12.3.1/../../../../arm-none-eabi/lib/thumb/v8-m.main+fp/hard\libc_nano.a
LOAD C:/ST/STM32CubeIDE_1.14.1/STM32CubeIDE/plugins/com.st.stm32cube.ide.mcu.externaltools.gnu-tools-for-stm32.12.3.rel1.win32_1.0.100.202403111256/tools/bin/../lib/gcc/arm-none-eabi/12.3.1/../../../../arm-none-eabi/lib/thumb/v8-m.main+fp/hard\libnosys.a
END GROUP
START GROUP
LOAD C:/ST/STM32CubeIDE_1.14.1/STM32CubeIDE/plugins/com.st.stm32cube.ide.mcu.externaltools.gnu-tools-for-stm32.12.3.rel1.win32_1.0.100.202403111256/tools/bin/../lib/gcc/arm-none-eabi/12.3.1/thumb/v8-m.main+fp/hard\libgcc.a
LOAD C:/ST/STM32CubeIDE_1.14.1/STM32CubeIDE/plugins/com.st.stm32cube.ide.mcu.externaltools.gnu-tools-for-stm32.12.3.rel1.win32_1.0.100.202403111256/tools/bin/../lib/gcc/arm-none-eabi/12.3.1/../../../../arm-none-eabi/lib/thumb/v8-m.main+fp/hard\libc_nano.a
LOAD C:/ST/STM32CubeIDE_1.14.1/STM32CubeIDE/plugins/com.st.stm32cube.ide.mcu.externaltools.gnu-tools-for-stm32.12.3.rel1.win32_1.0.100.202403111256/tools/bin/../lib/gcc/arm-none-eabi/12.3.1/../../../../arm-none-eabi/lib/thumb/v8-m.main+fp/hard\libnosys.a
END GROUP
LOAD C:/ST/STM32CubeIDE_1.14.1/STM32CubeIDE/plugins/com.st.stm32cube.ide.mcu.externaltools.gnu-tools-for-stm32.12.3.rel1.win32_1.0.100.202403111256/tools/bin/../lib/gcc/arm-none-eabi/12.3.1/thumb/v8-m.main+fp/hard/crtend.o
LOAD C:/ST/STM32CubeIDE_1.14.1/STM32CubeIDE/plugins/com.st.stm32cube.ide.mcu.externaltools.gnu-tools-for-stm32.12.3.rel1.win32_1.0.100.202403111256/tools/bin/../lib/gcc/arm-none-eabi/12.3.1/thumb/v8-m.main+fp/hard/crtn.o
                0x20008000                        _estack = (ORIGIN (RAM) + LENGTH (RAM))
                0x00000200                        _Min_Heap_Size = 0x200
                0x00000400                        _Min_Stack_Size = 0x400

.isr_vector     0x08000000      0x258
                0x08000000                        . = ALIGN (0x4)
 *(.isr_vector)
 .isr_vector    0x08000000      0x258 ./Core/Startup/startup_stm32h503rbtx.o
                0x08000000                g_pfnVectors
                0x08000258                        . = ALIGN (0x4)

.text           0x08000258     0x6a94
                0x08000258                        . = ALIGN (0x4)
 *(.text)
 .text          0x08000258       0x40 C:/ST/STM32CubeIDE_1.14.1/STM32CubeIDE/plugins/com.st.stm32cube.ide.mcu.externaltools.gnu-tools-for-stm32.12.3.rel1.win32_1.0.100.202403111256/tools/bin/../lib/gcc/arm-none-eabi/12.3.1/thumb/v8-m.main+fp/hard/crtbegin.o
 *(.text*)
 .text.main     0x08000298       0x40 ./Core/Src/main.o
                0x08000298                main
 .text.SystemClock_Config
                0x080002d8       0xe8 ./Core/Src/main.o
                0x080002d8                SystemClock_Config
 .text.MX_ADC1_Init
                0x080003c0       0xc8 ./Core/Src/main.o
 .text.MX_DAC1_Init
                0x08000488       0x84 ./Core/Src/main.o
 .text.MX_I2C1_Init
                0x0800050c       0x80 ./Core/Src/main.o
 .text.MX_I2C2_Init
                0x0800058c       0x80 ./Core/Src/main.o
 .text.MX_ICACHE_Init
                0x0800060c       0x26 ./Core/Src/main.o
 .text.MX_SAU_Init
                0x08000632        0xe ./Core/Src/main.o
 .text.MX_SPI1_Init
                0x08000640       0xac ./Core/Src/main.o
 .text.MX_TIM2_Init
                0x080006ec       0xb4 ./Core/Src/main.o
 .text.MX_TIM3_Init
                0x080007a0       0xb4 ./Core/Src/main.o
 .text.MX_USART3_Init
                0x08000854       0x98 ./Core/Src/main.o
 .text.MX_USB_PCD_Init
                0x080008ec       0x64 ./Core/Src/main.o
 .text.MX_GPIO_Init
                0x08000950      0x1c8 ./Core/Src/main.o
 .text.HAL_TIM_PeriodElapsedCallback
                0x08000b18       0x24 ./Core/Src/main.o
                0x08000b18                HAL_TIM_PeriodElapsedCallback
 .text.Error_Handler
                0x08000b3c        0xc ./Core/Src/main.o
                0x08000b3c                Error_Handler
 .text.HAL_MspInit
                0x08000b48        0xe ./Core/Src/stm32h5xx_hal_msp.o
                0x08000b48                HAL_MspInit
 *fill*         0x08000b56        0x2 
 .text.HAL_ADC_MspInit
                0x08000b58      0x104 ./Core/Src/stm32h5xx_hal_msp.o
                0x08000b58                HAL_ADC_MspInit
 .text.HAL_DAC_MspInit
                0x08000c5c       0xc0 ./Core/Src/stm32h5xx_hal_msp.o
                0x08000c5c                HAL_DAC_MspInit
 .text.HAL_I2C_MspInit
                0x08000d1c      0x19c ./Core/Src/stm32h5xx_hal_msp.o
                0x08000d1c                HAL_I2C_MspInit
 .text.HAL_SPI_MspInit
                0x08000eb8       0xf8 ./Core/Src/stm32h5xx_hal_msp.o
                0x08000eb8                HAL_SPI_MspInit
 .text.HAL_TIM_PWM_MspInit
                0x08000fb0       0x70 ./Core/Src/stm32h5xx_hal_msp.o
                0x08000fb0                HAL_TIM_PWM_MspInit
 .text.HAL_TIM_MspPostInit
                0x08001020       0xc4 ./Core/Src/stm32h5xx_hal_msp.o
                0x08001020                HAL_TIM_MspPostInit
 .text.HAL_USART_MspInit
                0x080010e4      0x11c ./Core/Src/stm32h5xx_hal_msp.o
                0x080010e4                HAL_USART_MspInit
 .text.HAL_PCD_MspInit
                0x08001200       0x74 ./Core/Src/stm32h5xx_hal_msp.o
                0x08001200                HAL_PCD_MspInit
 .text.HAL_InitTick
                0x08001274       0xd8 ./Core/Src/stm32h5xx_hal_timebase_tim.o
                0x08001274                HAL_InitTick
 .text.NMI_Handler
                0x0800134c        0x8 ./Core/Src/stm32h5xx_it.o
                0x0800134c                NMI_Handler
 .text.HardFault_Handler
                0x08001354        0x8 ./Core/Src/stm32h5xx_it.o
                0x08001354                HardFault_Handler
 .text.MemManage_Handler
                0x0800135c        0x8 ./Core/Src/stm32h5xx_it.o
                0x0800135c                MemManage_Handler
 .text.BusFault_Handler
                0x08001364        0x8 ./Core/Src/stm32h5xx_it.o
                0x08001364                BusFault_Handler
 .text.UsageFault_Handler
                0x0800136c        0x8 ./Core/Src/stm32h5xx_it.o
                0x0800136c                UsageFault_Handler
 .text.SVC_Handler
                0x08001374        0xe ./Core/Src/stm32h5xx_it.o
                0x08001374                SVC_Handler
 .text.DebugMon_Handler
                0x08001382        0xe ./Core/Src/stm32h5xx_it.o
                0x08001382                DebugMon_Handler
 .text.PendSV_Handler
                0x08001390        0xe ./Core/Src/stm32h5xx_it.o
                0x08001390                PendSV_Handler
 .text.SysTick_Handler
                0x0800139e        0xe ./Core/Src/stm32h5xx_it.o
                0x0800139e                SysTick_Handler
 .text.TIM1_UP_IRQHandler
                0x080013ac       0x14 ./Core/Src/stm32h5xx_it.o
                0x080013ac                TIM1_UP_IRQHandler
 .text.SystemInit
                0x080013c0       0xe4 ./Core/Src/system_stm32h5xx.o
                0x080013c0                SystemInit
 .text.Reset_Handler
                0x080014a4       0x50 ./Core/Startup/startup_stm32h503rbtx.o
                0x080014a4                Reset_Handler
 .text.Default_Handler
                0x080014f4        0x2 ./Core/Startup/startup_stm32h503rbtx.o
                0x080014f4                EXTI2_IRQHandler
                0x080014f4                EXTI5_IRQHandler
                0x080014f4                I3C1_ER_IRQHandler
                0x080014f4                GPDMA2_Channel1_IRQHandler
                0x080014f4                EXTI13_IRQHandler
                0x080014f4                TIM1_CC_IRQHandler
                0x080014f4                GPDMA2_Channel3_IRQHandler
                0x080014f4                TAMP_IRQHandler
                0x080014f4                TIM6_IRQHandler
                0x080014f4                EXTI12_IRQHandler
                0x080014f4                USB_DRD_FS_IRQHandler
                0x080014f4                EXTI3_IRQHandler
                0x080014f4                GPDMA1_Channel5_IRQHandler
                0x080014f4                EXTI8_IRQHandler
                0x080014f4                GPDMA2_Channel5_IRQHandler
                0x080014f4                LPTIM2_IRQHandler
                0x080014f4                GPDMA2_Channel2_IRQHandler
                0x080014f4                EXTI0_IRQHandler
                0x080014f4                I2C2_EV_IRQHandler
                0x080014f4                FPU_IRQHandler
                0x080014f4                GPDMA1_Channel3_IRQHandler
                0x080014f4                GPDMA1_Channel7_IRQHandler
                0x080014f4                FDCAN1_IT1_IRQHandler
                0x080014f4                RAMCFG_IRQHandler
                0x080014f4                SPI1_IRQHandler
                0x080014f4                GPDMA1_Channel2_IRQHandler
                0x080014f4                ADC1_IRQHandler
                0x080014f4                I3C2_ER_IRQHandler
                0x080014f4                EXTI15_IRQHandler
                0x080014f4                USART3_IRQHandler
                0x080014f4                RTC_IRQHandler
                0x080014f4                EXTI9_IRQHandler
                0x080014f4                I3C2_EV_IRQHandler
                0x080014f4                I2C1_EV_IRQHandler
                0x080014f4                GPDMA1_Channel1_IRQHandler
                0x080014f4                TIM3_IRQHandler
                0x080014f4                RCC_IRQHandler
                0x080014f4                TIM1_TRG_COM_IRQHandler
                0x080014f4                Default_Handler
                0x080014f4                GPDMA2_Channel4_IRQHandler
                0x080014f4                TIM7_IRQHandler
                0x080014f4                GPDMA1_Channel0_IRQHandler
                0x080014f4                I3C1_EV_IRQHandler
                0x080014f4                PVD_AVD_IRQHandler
                0x080014f4                SPI2_IRQHandler
                0x080014f4                EXTI14_IRQHandler
                0x080014f4                EXTI11_IRQHandler
                0x080014f4                CRS_IRQHandler
                0x080014f4                EXTI4_IRQHandler
                0x080014f4                GPDMA2_Channel0_IRQHandler
                0x080014f4                RNG_IRQHandler
                0x080014f4                GPDMA2_Channel6_IRQHandler
                0x080014f4                WWDG_IRQHandler
                0x080014f4                IWDG_IRQHandler
                0x080014f4                LPUART1_IRQHandler
                0x080014f4                FDCAN1_IT0_IRQHandler
                0x080014f4                TIM2_IRQHandler
                0x080014f4                GPDMA1_Channel4_IRQHandler
                0x080014f4                EXTI7_IRQHandler
                0x080014f4                TIM1_BRK_IRQHandler
                0x080014f4                EXTI1_IRQHandler
                0x080014f4                DAC1_IRQHandler
                0x080014f4                DTS_IRQHandler
                0x080014f4                GTZC_IRQHandler
                0x080014f4                USART2_IRQHandler
                0x080014f4                GPDMA1_Channel6_IRQHandler
                0x080014f4                GPDMA2_Channel7_IRQHandler
                0x080014f4                I2C2_ER_IRQHandler
                0x080014f4                FLASH_IRQHandler
                0x080014f4                USART1_IRQHandler
                0x080014f4                EXTI10_IRQHandler
                0x080014f4                SPI3_IRQHandler
                0x080014f4                I2C1_ER_IRQHandler
                0x080014f4                EXTI6_IRQHandler
                0x080014f4                COMP1_IRQHandler
                0x080014f4                LPTIM1_IRQHandler
                0x080014f4                ICACHE_IRQHandler
                0x080014f4                HASH_IRQHandler
 *fill*         0x080014f6        0x2 
 .text.HAL_Init
                0x080014f8       0x50 ./Drivers/STM32H5xx_HAL_Driver/stm32h5xx_hal.o
                0x080014f8                HAL_Init
 .text.HAL_IncTick
                0x08001548       0x28 ./Drivers/STM32H5xx_HAL_Driver/stm32h5xx_hal.o
                0x08001548                HAL_IncTick
 .text.HAL_GetTick
                0x08001570       0x18 ./Drivers/STM32H5xx_HAL_Driver/stm32h5xx_hal.o
                0x08001570                HAL_GetTick
 .text.LL_ADC_SetCommonClock
                0x08001588       0x26 ./Drivers/STM32H5xx_HAL_Driver/stm32h5xx_hal_adc.o
 .text.LL_ADC_SetCommonPathInternalCh
                0x080015ae       0x26 ./Drivers/STM32H5xx_HAL_Driver/stm32h5xx_hal_adc.o
 .text.LL_ADC_GetCommonPathInternalCh
                0x080015d4       0x1c ./Drivers/STM32H5xx_HAL_Driver/stm32h5xx_hal_adc.o
 .text.LL_ADC_EnableChannelVDDcore
                0x080015f0       0x24 ./Drivers/STM32H5xx_HAL_Driver/stm32h5xx_hal_adc.o
 .text.LL_ADC_EnableChannel0_GPIO
                0x08001614       0x28 ./Drivers/STM32H5xx_HAL_Driver/stm32h5xx_hal_adc.o
 .text.LL_ADC_SetOffset
                0x0800163c       0x48 ./Drivers/STM32H5xx_HAL_Driver/stm32h5xx_hal_adc.o
 .text.LL_ADC_GetOffsetChannel
                0x08001684       0x2c ./Drivers/STM32H5xx_HAL_Driver/stm32h5xx_hal_adc.o
 .text.LL_ADC_SetOffsetState
                0x080016b0       0x36 ./Drivers/STM32H5xx_HAL_Driver/stm32h5xx_hal_adc.o
 .text.LL_ADC_SetOffsetSign
                0x080016e6       0x36 ./Drivers/STM32H5xx_HAL_Driver/stm32h5xx_hal_adc.o
 .text.LL_ADC_SetOffsetSaturation
                0x0800171c       0x36 ./Drivers/STM32H5xx_HAL_Driver/stm32h5xx_hal_adc.o
 .text.LL_ADC_SetSamplingTimeCommonConfig
                0x08001752       0x26 ./Drivers/STM32H5xx_HAL_Driver/stm32h5xx_hal_adc.o
 .text.LL_ADC_REG_SetSequencerRanks
                0x08001778       0x58 ./Drivers/STM32H5xx_HAL_Driver/stm32h5xx_hal_adc.o
 .text.LL_ADC_SetChannelSamplingTime
                0x080017d0       0x56 ./Drivers/STM32H5xx_HAL_Driver/stm32h5xx_hal_adc.o
 *fill*         0x08001826        0x2 
 .text.LL_ADC_SetChannelSingleDiff
                0x08001828       0x48 ./Drivers/STM32H5xx_HAL_Driver/stm32h5xx_hal_adc.o
 .text.LL_ADC_DisableDeepPowerDown
                0x08001870       0x24 ./Drivers/STM32H5xx_HAL_Driver/stm32h5xx_hal_adc.o
 .text.LL_ADC_IsDeepPowerDownEnabled
                0x08001894       0x28 ./Drivers/STM32H5xx_HAL_Driver/stm32h5xx_hal_adc.o
 .text.LL_ADC_EnableInternalRegulator
                0x080018bc       0x28 ./Drivers/STM32H5xx_HAL_Driver/stm32h5xx_hal_adc.o
 .text.LL_ADC_IsInternalRegulatorEnabled
                0x080018e4       0x28 ./Drivers/STM32H5xx_HAL_Driver/stm32h5xx_hal_adc.o
 .text.LL_ADC_IsEnabled
                0x0800190c       0x26 ./Drivers/STM32H5xx_HAL_Driver/stm32h5xx_hal_adc.o
 .text.LL_ADC_REG_IsConversionOngoing
                0x08001932       0x26 ./Drivers/STM32H5xx_HAL_Driver/stm32h5xx_hal_adc.o
 .text.LL_ADC_INJ_IsConversionOngoing
                0x08001958       0x26 ./Drivers/STM32H5xx_HAL_Driver/stm32h5xx_hal_adc.o
 *fill*         0x0800197e        0x2 
 .text.HAL_ADC_Init
                0x08001980      0x29c ./Drivers/STM32H5xx_HAL_Driver/stm32h5xx_hal_adc.o
                0x08001980                HAL_ADC_Init
 .text.HAL_ADC_ConfigChannel
                0x08001c1c      0x800 ./Drivers/STM32H5xx_HAL_Driver/stm32h5xx_hal_adc.o
                0x08001c1c                HAL_ADC_ConfigChannel
 .text.__NVIC_SetPriorityGrouping
                0x0800241c       0x48 ./Drivers/STM32H5xx_HAL_Driver/stm32h5xx_hal_cortex.o
 .text.__NVIC_GetPriorityGrouping
                0x08002464       0x1c ./Drivers/STM32H5xx_HAL_Driver/stm32h5xx_hal_cortex.o
 .text.__NVIC_EnableIRQ
                0x08002480       0x3c ./Drivers/STM32H5xx_HAL_Driver/stm32h5xx_hal_cortex.o
 .text.__NVIC_SetPriority
                0x080024bc       0x54 ./Drivers/STM32H5xx_HAL_Driver/stm32h5xx_hal_cortex.o
 .text.NVIC_EncodePriority
                0x08002510       0x66 ./Drivers/STM32H5xx_HAL_Driver/stm32h5xx_hal_cortex.o
 .text.HAL_NVIC_SetPriorityGrouping
                0x08002576       0x16 ./Drivers/STM32H5xx_HAL_Driver/stm32h5xx_hal_cortex.o
                0x08002576                HAL_NVIC_SetPriorityGrouping
 .text.HAL_NVIC_SetPriority
                0x0800258c       0x34 ./Drivers/STM32H5xx_HAL_Driver/stm32h5xx_hal_cortex.o
                0x0800258c                HAL_NVIC_SetPriority
 .text.HAL_NVIC_EnableIRQ
                0x080025c0       0x1c ./Drivers/STM32H5xx_HAL_Driver/stm32h5xx_hal_cortex.o
                0x080025c0                HAL_NVIC_EnableIRQ
 .text.HAL_SYSTICK_CLKSourceConfig
                0x080025dc       0xb0 ./Drivers/STM32H5xx_HAL_Driver/stm32h5xx_hal_cortex.o
                0x080025dc                HAL_SYSTICK_CLKSourceConfig
 .text.HAL_DAC_Init
                0x0800268c       0x44 ./Drivers/STM32H5xx_HAL_Driver/stm32h5xx_hal_dac.o
                0x0800268c                HAL_DAC_Init
 .text.HAL_DAC_ConfigChannel
                0x080026d0      0x36c ./Drivers/STM32H5xx_HAL_Driver/stm32h5xx_hal_dac.o
                0x080026d0                HAL_DAC_ConfigChannel
 .text.HAL_GPIO_Init
                0x08002a3c      0x2a4 ./Drivers/STM32H5xx_HAL_Driver/stm32h5xx_hal_gpio.o
                0x08002a3c                HAL_GPIO_Init
 .text.HAL_GPIO_WritePin
                0x08002ce0       0x30 ./Drivers/STM32H5xx_HAL_Driver/stm32h5xx_hal_gpio.o
                0x08002ce0                HAL_GPIO_WritePin
 .text.HAL_I2C_Init
                0x08002d10      0x136 ./Drivers/STM32H5xx_HAL_Driver/stm32h5xx_hal_i2c.o
                0x08002d10                HAL_I2C_Init
 .text.HAL_I2CEx_ConfigAnalogFilter
                0x08002e46       0x96 ./Drivers/STM32H5xx_HAL_Driver/stm32h5xx_hal_i2c_ex.o
                0x08002e46                HAL_I2CEx_ConfigAnalogFilter
 .text.HAL_I2CEx_ConfigDigitalFilter
                0x08002edc       0x98 ./Drivers/STM32H5xx_HAL_Driver/stm32h5xx_hal_i2c_ex.o
                0x08002edc                HAL_I2CEx_ConfigDigitalFilter
 .text.HAL_ICACHE_ConfigAssociativityMode
                0x08002f74       0x40 ./Drivers/STM32H5xx_HAL_Driver/stm32h5xx_hal_icache.o
                0x08002f74                HAL_ICACHE_ConfigAssociativityMode
 .text.HAL_ICACHE_Enable
                0x08002fb4       0x20 ./Drivers/STM32H5xx_HAL_Driver/stm32h5xx_hal_icache.o
                0x08002fb4                HAL_ICACHE_Enable
 .text.HAL_PCD_Init
                0x08002fd4      0x1a2 ./Drivers/STM32H5xx_HAL_Driver/stm32h5xx_hal_pcd.o
                0x08002fd4                HAL_PCD_Init
 .text.HAL_PCDEx_ActivateLPM
                0x08003176       0x44 ./Drivers/STM32H5xx_HAL_Driver/stm32h5xx_hal_pcd_ex.o
                0x08003176                HAL_PCDEx_ActivateLPM
 *fill*         0x080031ba        0x2 
 .text.HAL_RCC_OscConfig
                0x080031bc      0x870 ./Drivers/STM32H5xx_HAL_Driver/stm32h5xx_hal_rcc.o
                0x080031bc                HAL_RCC_OscConfig
 .text.HAL_RCC_ClockConfig
                0x08003a2c      0x370 ./Drivers/STM32H5xx_HAL_Driver/stm32h5xx_hal_rcc.o
                0x08003a2c                HAL_RCC_ClockConfig
 .text.HAL_RCC_GetSysClockFreq
                0x08003d9c      0x258 ./Drivers/STM32H5xx_HAL_Driver/stm32h5xx_hal_rcc.o
                0x08003d9c                HAL_RCC_GetSysClockFreq
 .text.HAL_RCC_GetHCLKFreq
                0x08003ff4       0x38 ./Drivers/STM32H5xx_HAL_Driver/stm32h5xx_hal_rcc.o
                0x08003ff4                HAL_RCC_GetHCLKFreq
 .text.HAL_RCC_GetPCLK1Freq
                0x0800402c       0x2c ./Drivers/STM32H5xx_HAL_Driver/stm32h5xx_hal_rcc.o
                0x0800402c                HAL_RCC_GetPCLK1Freq
 .text.HAL_RCC_GetPCLK2Freq
                0x08004058       0x2c ./Drivers/STM32H5xx_HAL_Driver/stm32h5xx_hal_rcc.o
                0x08004058                HAL_RCC_GetPCLK2Freq
 .text.HAL_RCC_GetClockConfig
                0x08004084       0x70 ./Drivers/STM32H5xx_HAL_Driver/stm32h5xx_hal_rcc.o
                0x08004084                HAL_RCC_GetClockConfig
 .text.HAL_RCCEx_PeriphCLKConfig
                0x080040f4      0xc48 ./Drivers/STM32H5xx_HAL_Driver/stm32h5xx_hal_rcc_ex.o
                0x080040f4                HAL_RCCEx_PeriphCLKConfig
 .text.HAL_RCCEx_GetPLL2ClockFreq
                0x08004d3c      0x2d4 ./Drivers/STM32H5xx_HAL_Driver/stm32h5xx_hal_rcc_ex.o
                0x08004d3c                HAL_RCCEx_GetPLL2ClockFreq
 .text.RCCEx_PLL2_Config
                0x08005010      0x130 ./Drivers/STM32H5xx_HAL_Driver/stm32h5xx_hal_rcc_ex.o
 .text.HAL_SPI_Init
                0x08005140      0x1f8 ./Drivers/STM32H5xx_HAL_Driver/stm32h5xx_hal_spi.o
                0x08005140                HAL_SPI_Init
 .text.SPI_GetPacketSize
                0x08005338       0x36 ./Drivers/STM32H5xx_HAL_Driver/stm32h5xx_hal_spi.o
 .text.HAL_TIM_Base_Init
                0x0800536e       0xae ./Drivers/STM32H5xx_HAL_Driver/stm32h5xx_hal_tim.o
                0x0800536e                HAL_TIM_Base_Init
 .text.HAL_TIM_Base_MspInit
                0x0800541c       0x14 ./Drivers/STM32H5xx_HAL_Driver/stm32h5xx_hal_tim.o
                0x0800541c                HAL_TIM_Base_MspInit
 .text.HAL_TIM_Base_Start_IT
                0x08005430       0xa8 ./Drivers/STM32H5xx_HAL_Driver/stm32h5xx_hal_tim.o
                0x08005430                HAL_TIM_Base_Start_IT
 .text.HAL_TIM_PWM_Init
                0x080054d8       0xae ./Drivers/STM32H5xx_HAL_Driver/stm32h5xx_hal_tim.o
                0x080054d8                HAL_TIM_PWM_Init
 .text.HAL_TIM_IRQHandler
                0x08005586      0x29e ./Drivers/STM32H5xx_HAL_Driver/stm32h5xx_hal_tim.o
                0x08005586                HAL_TIM_IRQHandler
 .text.HAL_TIM_PWM_ConfigChannel
                0x08005824      0x228 ./Drivers/STM32H5xx_HAL_Driver/stm32h5xx_hal_tim.o
                0x08005824                HAL_TIM_PWM_ConfigChannel
 .text.HAL_TIM_OC_DelayElapsedCallback
                0x08005a4c       0x14 ./Drivers/STM32H5xx_HAL_Driver/stm32h5xx_hal_tim.o
                0x08005a4c                HAL_TIM_OC_DelayElapsedCallback
 .text.HAL_TIM_IC_CaptureCallback
                0x08005a60       0x14 ./Drivers/STM32H5xx_HAL_Driver/stm32h5xx_hal_tim.o
                0x08005a60                HAL_TIM_IC_CaptureCallback
 .text.HAL_TIM_PWM_PulseFinishedCallback
                0x08005a74       0x14 ./Drivers/STM32H5xx_HAL_Driver/stm32h5xx_hal_tim.o
                0x08005a74                HAL_TIM_PWM_PulseFinishedCallback
 .text.HAL_TIM_TriggerCallback
                0x08005a88       0x14 ./Drivers/STM32H5xx_HAL_Driver/stm32h5xx_hal_tim.o
                0x08005a88                HAL_TIM_TriggerCallback
 .text.TIM_Base_SetConfig
                0x08005a9c       0xcc ./Drivers/STM32H5xx_HAL_Driver/stm32h5xx_hal_tim.o
                0x08005a9c                TIM_Base_SetConfig
 .text.TIM_OC1_SetConfig
                0x08005b68       0xd0 ./Drivers/STM32H5xx_HAL_Driver/stm32h5xx_hal_tim.o
 .text.TIM_OC2_SetConfig
                0x08005c38       0xdc ./Drivers/STM32H5xx_HAL_Driver/stm32h5xx_hal_tim.o
                0x08005c38                TIM_OC2_SetConfig
 .text.TIM_OC3_SetConfig
                0x08005d14       0xd8 ./Drivers/STM32H5xx_HAL_Driver/stm32h5xx_hal_tim.o
 .text.TIM_OC4_SetConfig
                0x08005dec       0xdc ./Drivers/STM32H5xx_HAL_Driver/stm32h5xx_hal_tim.o
 .text.TIM_OC5_SetConfig
                0x08005ec8       0x98 ./Drivers/STM32H5xx_HAL_Driver/stm32h5xx_hal_tim.o
 .text.TIM_OC6_SetConfig
                0x08005f60       0x9c ./Drivers/STM32H5xx_HAL_Driver/stm32h5xx_hal_tim.o
 .text.HAL_TIMEx_MasterConfigSynchronization
                0x08005ffc       0xd0 ./Drivers/STM32H5xx_HAL_Driver/stm32h5xx_hal_tim_ex.o
                0x08005ffc                HAL_TIMEx_MasterConfigSynchronization
 .text.HAL_TIMEx_CommutCallback
                0x080060cc       0x14 ./Drivers/STM32H5xx_HAL_Driver/stm32h5xx_hal_tim_ex.o
                0x080060cc                HAL_TIMEx_CommutCallback
 .text.HAL_TIMEx_BreakCallback
                0x080060e0       0x14 ./Drivers/STM32H5xx_HAL_Driver/stm32h5xx_hal_tim_ex.o
                0x080060e0                HAL_TIMEx_BreakCallback
 .text.HAL_TIMEx_Break2Callback
                0x080060f4       0x14 ./Drivers/STM32H5xx_HAL_Driver/stm32h5xx_hal_tim_ex.o
                0x080060f4                HAL_TIMEx_Break2Callback
 .text.HAL_TIMEx_EncoderIndexCallback
                0x08006108       0x14 ./Drivers/STM32H5xx_HAL_Driver/stm32h5xx_hal_tim_ex.o
                0x08006108                HAL_TIMEx_EncoderIndexCallback
 .text.HAL_TIMEx_DirectionChangeCallback
                0x0800611c       0x14 ./Drivers/STM32H5xx_HAL_Driver/stm32h5xx_hal_tim_ex.o
                0x0800611c                HAL_TIMEx_DirectionChangeCallback
 .text.HAL_TIMEx_IndexErrorCallback
                0x08006130       0x14 ./Drivers/STM32H5xx_HAL_Driver/stm32h5xx_hal_tim_ex.o
                0x08006130                HAL_TIMEx_IndexErrorCallback
 .text.HAL_TIMEx_TransitionErrorCallback
                0x08006144       0x14 ./Drivers/STM32H5xx_HAL_Driver/stm32h5xx_hal_tim_ex.o
                0x08006144                HAL_TIMEx_TransitionErrorCallback
 .text.HAL_USART_Init
                0x08006158       0x94 ./Drivers/STM32H5xx_HAL_Driver/stm32h5xx_hal_usart.o
                0x08006158                HAL_USART_Init
 .text.USART_WaitOnFlagUntilTimeout
                0x080061ec       0x6c ./Drivers/STM32H5xx_HAL_Driver/stm32h5xx_hal_usart.o
 .text.USART_SetConfig
                0x08006258      0x6e8 ./Drivers/STM32H5xx_HAL_Driver/stm32h5xx_hal_usart.o
 .text.USART_CheckIdleState
                0x08006940       0x86 ./Drivers/STM32H5xx_HAL_Driver/stm32h5xx_hal_usart.o
 .text.HAL_USARTEx_DisableFifoMode
                0x080069c6       0x72 ./Drivers/STM32H5xx_HAL_Driver/stm32h5xx_hal_usart_ex.o
                0x080069c6                HAL_USARTEx_DisableFifoMode
 .text.HAL_USARTEx_SetTxFifoThreshold
                0x08006a38       0x7c ./Drivers/STM32H5xx_HAL_Driver/stm32h5xx_hal_usart_ex.o
                0x08006a38                HAL_USARTEx_SetTxFifoThreshold
 .text.HAL_USARTEx_SetRxFifoThreshold
                0x08006ab4       0x7c ./Drivers/STM32H5xx_HAL_Driver/stm32h5xx_hal_usart_ex.o
                0x08006ab4                HAL_USARTEx_SetRxFifoThreshold
 .text.USARTEx_SetNbDataToProcess
                0x08006b30       0x94 ./Drivers/STM32H5xx_HAL_Driver/stm32h5xx_hal_usart_ex.o
 .text.USB_DisableGlobalInt
                0x08006bc4       0x2a ./Drivers/STM32H5xx_HAL_Driver/stm32h5xx_ll_usb.o
                0x08006bc4                USB_DisableGlobalInt
 .text.USB_SetCurrentMode
                0x08006bee       0x46 ./Drivers/STM32H5xx_HAL_Driver/stm32h5xx_ll_usb.o
                0x08006bee                USB_SetCurrentMode
 .text.USB_DevInit
                0x08006c34       0x46 ./Drivers/STM32H5xx_HAL_Driver/stm32h5xx_ll_usb.o
                0x08006c34                USB_DevInit
 .text.memset   0x08006c7a       0x10 C:/ST/STM32CubeIDE_1.14.1/STM32CubeIDE/plugins/com.st.stm32cube.ide.mcu.externaltools.gnu-tools-for-stm32.12.3.rel1.win32_1.0.100.202403111256/tools/bin/../lib/gcc/arm-none-eabi/12.3.1/../../../../arm-none-eabi/lib/thumb/v8-m.main+fp/hard\libc_nano.a(libc_a-memset.o)
                0x08006c7a                memset
 *fill*         0x08006c8a        0x2 
 .text.__libc_init_array
                0x08006c8c       0x48 C:/ST/STM32CubeIDE_1.14.1/STM32CubeIDE/plugins/com.st.stm32cube.ide.mcu.externaltools.gnu-tools-for-stm32.12.3.rel1.win32_1.0.100.202403111256/tools/bin/../lib/gcc/arm-none-eabi/12.3.1/../../../../arm-none-eabi/lib/thumb/v8-m.main+fp/hard\libc_nano.a(libc_a-init.o)
                0x08006c8c                __libc_init_array
 *(.glue_7)
 .glue_7        0x08006cd4        0x0 linker stubs
 *(.glue_7t)
 .glue_7t       0x08006cd4        0x0 linker stubs
 *(.eh_frame)
 .eh_frame      0x08006cd4        0x0 C:/ST/STM32CubeIDE_1.14.1/STM32CubeIDE/plugins/com.st.stm32cube.ide.mcu.externaltools.gnu-tools-for-stm32.12.3.rel1.win32_1.0.100.202403111256/tools/bin/../lib/gcc/arm-none-eabi/12.3.1/thumb/v8-m.main+fp/hard/crtbegin.o
 *(.init)
 .init          0x08006cd4        0x4 C:/ST/STM32CubeIDE_1.14.1/STM32CubeIDE/plugins/com.st.stm32cube.ide.mcu.externaltools.gnu-tools-for-stm32.12.3.rel1.win32_1.0.100.202403111256/tools/bin/../lib/gcc/arm-none-eabi/12.3.1/thumb/v8-m.main+fp/hard/crti.o
                0x08006cd4                _init
 .init          0x08006cd8        0x8 C:/ST/STM32CubeIDE_1.14.1/STM32CubeIDE/plugins/com.st.stm32cube.ide.mcu.externaltools.gnu-tools-for-stm32.12.3.rel1.win32_1.0.100.202403111256/tools/bin/../lib/gcc/arm-none-eabi/12.3.1/thumb/v8-m.main+fp/hard/crtn.o
 *(.fini)
 .fini          0x08006ce0        0x4 C:/ST/STM32CubeIDE_1.14.1/STM32CubeIDE/plugins/com.st.stm32cube.ide.mcu.externaltools.gnu-tools-for-stm32.12.3.rel1.win32_1.0.100.202403111256/tools/bin/../lib/gcc/arm-none-eabi/12.3.1/thumb/v8-m.main+fp/hard/crti.o
                0x08006ce0                _fini
 .fini          0x08006ce4        0x8 C:/ST/STM32CubeIDE_1.14.1/STM32CubeIDE/plugins/com.st.stm32cube.ide.mcu.externaltools.gnu-tools-for-stm32.12.3.rel1.win32_1.0.100.202403111256/tools/bin/../lib/gcc/arm-none-eabi/12.3.1/thumb/v8-m.main+fp/hard/crtn.o
                0x08006cec                        . = ALIGN (0x4)
                0x08006cec                        _etext = .

.vfp11_veneer   0x08006cec        0x0
 .vfp11_veneer  0x08006cec        0x0 linker stubs

.v4_bx          0x08006cec        0x0
 .v4_bx         0x08006cec        0x0 linker stubs

.iplt           0x08006cec        0x0
 .iplt          0x08006cec        0x0 C:/ST/STM32CubeIDE_1.14.1/STM32CubeIDE/plugins/com.st.stm32cube.ide.mcu.externaltools.gnu-tools-for-stm32.12.3.rel1.win32_1.0.100.202403111256/tools/bin/../lib/gcc/arm-none-eabi/12.3.1/thumb/v8-m.main+fp/hard/crtbegin.o

.rodata         0x08006cec       0x28
                0x08006cec                        . = ALIGN (0x4)
 *(.rodata)
 *(.rodata*)
 .rodata.AHBPrescTable
                0x08006cec       0x10 ./Core/Src/system_stm32h5xx.o
                0x08006cec                AHBPrescTable
 .rodata.APBPrescTable
                0x08006cfc        0x8 ./Core/Src/system_stm32h5xx.o
                0x08006cfc                APBPrescTable
 .rodata.numerator.1
                0x08006d04        0x8 ./Drivers/STM32H5xx_HAL_Driver/stm32h5xx_hal_usart_ex.o
 .rodata.denominator.0
                0x08006d0c        0x8 ./Drivers/STM32H5xx_HAL_Driver/stm32h5xx_hal_usart_ex.o
                0x08006d14                        . = ALIGN (0x4)

.ARM.extab      0x08006d14        0x0
                0x08006d14                        . = ALIGN (0x4)
 *(.ARM.extab* .gnu.linkonce.armextab.*)
                0x08006d14                        . = ALIGN (0x4)

.ARM            0x08006d14        0x0
                0x08006d14                        . = ALIGN (0x4)
                0x08006d14                        __exidx_start = .
 *(.ARM.exidx*)
                0x08006d14                        __exidx_end = .
                0x08006d14                        . = ALIGN (0x4)

.preinit_array  0x08006d14        0x0
                0x08006d14                        . = ALIGN (0x4)
                0x08006d14                        PROVIDE (__preinit_array_start = .)
 *(.preinit_array*)
                0x08006d14                        PROVIDE (__preinit_array_end = .)
                0x08006d14                        . = ALIGN (0x4)

.init_array     0x08006d14        0x4
                0x08006d14                        . = ALIGN (0x4)
                0x08006d14                        PROVIDE (__init_array_start = .)
 *(SORT_BY_NAME(.init_array.*))
 *(.init_array*)
 .init_array    0x08006d14        0x4 C:/ST/STM32CubeIDE_1.14.1/STM32CubeIDE/plugins/com.st.stm32cube.ide.mcu.externaltools.gnu-tools-for-stm32.12.3.rel1.win32_1.0.100.202403111256/tools/bin/../lib/gcc/arm-none-eabi/12.3.1/thumb/v8-m.main+fp/hard/crtbegin.o
                0x08006d18                        PROVIDE (__init_array_end = .)
                0x08006d18                        . = ALIGN (0x4)

.fini_array     0x08006d18        0x4
                0x08006d18                        . = ALIGN (0x4)
                [!provide]                        PROVIDE (__fini_array_start = .)
 *(SORT_BY_NAME(.fini_array.*))
 *(.fini_array*)
 .fini_array    0x08006d18        0x4 C:/ST/STM32CubeIDE_1.14.1/STM32CubeIDE/plugins/com.st.stm32cube.ide.mcu.externaltools.gnu-tools-for-stm32.12.3.rel1.win32_1.0.100.202403111256/tools/bin/../lib/gcc/arm-none-eabi/12.3.1/thumb/v8-m.main+fp/hard/crtbegin.o
                [!provide]                        PROVIDE (__fini_array_end = .)
                0x08006d1c                        . = ALIGN (0x4)
                0x08006d1c                        _sidata = LOADADDR (.data)

.rel.dyn        0x08006d1c        0x0
 .rel.iplt      0x08006d1c        0x0 C:/ST/STM32CubeIDE_1.14.1/STM32CubeIDE/plugins/com.st.stm32cube.ide.mcu.externaltools.gnu-tools-for-stm32.12.3.rel1.win32_1.0.100.202403111256/tools/bin/../lib/gcc/arm-none-eabi/12.3.1/thumb/v8-m.main+fp/hard/crtbegin.o

.data           0x20000000        0xc load address 0x08006d1c
                0x20000000                        . = ALIGN (0x4)
                0x20000000                        _sdata = .
 *(.data)
 *(.data*)
 .data.SystemCoreClock
                0x20000000        0x4 ./Core/Src/system_stm32h5xx.o
                0x20000000                SystemCoreClock
 .data.uwTickPrio
                0x20000004        0x4 ./Drivers/STM32H5xx_HAL_Driver/stm32h5xx_hal.o
                0x20000004                uwTickPrio
 .data.uwTickFreq
                0x20000008        0x1 ./Drivers/STM32H5xx_HAL_Driver/stm32h5xx_hal.o
                0x20000008                uwTickFreq
 *(.RamFunc)
 *(.RamFunc*)
                0x2000000c                        . = ALIGN (0x4)
 *fill*         0x20000009        0x3 
                0x2000000c                        _edata = .

.igot.plt       0x2000000c        0x0 load address 0x08006d28
 .igot.plt      0x2000000c        0x0 C:/ST/STM32CubeIDE_1.14.1/STM32CubeIDE/plugins/com.st.stm32cube.ide.mcu.externaltools.gnu-tools-for-stm32.12.3.rel1.win32_1.0.100.202403111256/tools/bin/../lib/gcc/arm-none-eabi/12.3.1/thumb/v8-m.main+fp/hard/crtbegin.o
                0x2000000c                        . = ALIGN (0x4)

.bss            0x2000000c      0x5f8 load address 0x08006d28
                0x2000000c                        _sbss = .
                0x2000000c                        __bss_start__ = _sbss
 *(.bss)
 .bss           0x2000000c       0x1c C:/ST/STM32CubeIDE_1.14.1/STM32CubeIDE/plugins/com.st.stm32cube.ide.mcu.externaltools.gnu-tools-for-stm32.12.3.rel1.win32_1.0.100.202403111256/tools/bin/../lib/gcc/arm-none-eabi/12.3.1/thumb/v8-m.main+fp/hard/crtbegin.o
 *(.bss*)
 .bss.hadc1     0x20000028       0x68 ./Core/Src/main.o
                0x20000028                hadc1
 .bss.hdac1     0x20000090       0x14 ./Core/Src/main.o
                0x20000090                hdac1
 .bss.hi2c1     0x200000a4       0x54 ./Core/Src/main.o
                0x200000a4                hi2c1
 .bss.hi2c2     0x200000f8       0x54 ./Core/Src/main.o
                0x200000f8                hi2c2
 .bss.hspi1     0x2000014c       0x90 ./Core/Src/main.o
                0x2000014c                hspi1
 .bss.htim2     0x200001dc       0x4c ./Core/Src/main.o
                0x200001dc                htim2
 .bss.htim3     0x20000228       0x4c ./Core/Src/main.o
                0x20000228                htim3
 .bss.husart3   0x20000274       0x60 ./Core/Src/main.o
                0x20000274                husart3
 .bss.hpcd_USB_DRD_FS
                0x200002d4      0x2e0 ./Core/Src/main.o
                0x200002d4                hpcd_USB_DRD_FS
 .bss.htim1     0x200005b4       0x4c ./Core/Src/stm32h5xx_hal_timebase_tim.o
                0x200005b4                htim1
 .bss.uwTick    0x20000600        0x4 ./Drivers/STM32H5xx_HAL_Driver/stm32h5xx_hal.o
                0x20000600                uwTick
 *(COMMON)
                0x20000604                        . = ALIGN (0x4)
                0x20000604                        _ebss = .
                0x20000604                        __bss_end__ = _ebss

._user_heap_stack
                0x20000604      0x604 load address 0x08006d28
                0x20000608                        . = ALIGN (0x8)
 *fill*         0x20000604        0x4 
                [!provide]                        PROVIDE (end = .)
                0x20000608                        PROVIDE (_end = .)
                0x20000808                        . = (. + _Min_Heap_Size)
 *fill*         0x20000608      0x200 
                0x20000c08                        . = (. + _Min_Stack_Size)
 *fill*         0x20000808      0x400 
                0x20000c08                        . = ALIGN (0x8)

/DISCARD/
 libc.a(*)
 libm.a(*)
 libgcc.a(*)

.ARM.attributes
                0x00000000       0x36
 *(.ARM.attributes)
 .ARM.attributes
                0x00000000       0x26 C:/ST/STM32CubeIDE_1.14.1/STM32CubeIDE/plugins/com.st.stm32cube.ide.mcu.externaltools.gnu-tools-for-stm32.12.3.rel1.win32_1.0.100.202403111256/tools/bin/../lib/gcc/arm-none-eabi/12.3.1/thumb/v8-m.main+fp/hard/crti.o
 .ARM.attributes
                0x00000026       0x38 C:/ST/STM32CubeIDE_1.14.1/STM32CubeIDE/plugins/com.st.stm32cube.ide.mcu.externaltools.gnu-tools-for-stm32.12.3.rel1.win32_1.0.100.202403111256/tools/bin/../lib/gcc/arm-none-eabi/12.3.1/thumb/v8-m.main+fp/hard/crtbegin.o
 .ARM.attributes
                0x0000005e       0x3a ./Core/Src/main.o
 .ARM.attributes
                0x00000098       0x3a ./Core/Src/stm32h5xx_hal_msp.o
 .ARM.attributes
                0x000000d2       0x3a ./Core/Src/stm32h5xx_hal_timebase_tim.o
 .ARM.attributes
                0x0000010c       0x3a ./Core/Src/stm32h5xx_it.o
 .ARM.attributes
                0x00000146       0x3a ./Core/Src/system_stm32h5xx.o
 .ARM.attributes
                0x00000180       0x24 ./Core/Startup/startup_stm32h503rbtx.o
 .ARM.attributes
                0x000001a4       0x3a ./Drivers/STM32H5xx_HAL_Driver/stm32h5xx_hal.o
 .ARM.attributes
                0x000001de       0x3a ./Drivers/STM32H5xx_HAL_Driver/stm32h5xx_hal_adc.o
 .ARM.attributes
                0x00000218       0x3a ./Drivers/STM32H5xx_HAL_Driver/stm32h5xx_hal_cortex.o
 .ARM.attributes
                0x00000252       0x3a ./Drivers/STM32H5xx_HAL_Driver/stm32h5xx_hal_dac.o
 .ARM.attributes
                0x0000028c       0x3a ./Drivers/STM32H5xx_HAL_Driver/stm32h5xx_hal_gpio.o
 .ARM.attributes
                0x000002c6       0x3a ./Drivers/STM32H5xx_HAL_Driver/stm32h5xx_hal_i2c.o
 .ARM.attributes
                0x00000300       0x3a ./Drivers/STM32H5xx_HAL_Driver/stm32h5xx_hal_i2c_ex.o
 .ARM.attributes
                0x0000033a       0x3a ./Drivers/STM32H5xx_HAL_Driver/stm32h5xx_hal_icache.o
 .ARM.attributes
                0x00000374       0x3a ./Drivers/STM32H5xx_HAL_Driver/stm32h5xx_hal_pcd.o
 .ARM.attributes
                0x000003ae       0x3a ./Drivers/STM32H5xx_HAL_Driver/stm32h5xx_hal_pcd_ex.o
 .ARM.attributes
                0x000003e8       0x3a ./Drivers/STM32H5xx_HAL_Driver/stm32h5xx_hal_rcc.o
 .ARM.attributes
                0x00000422       0x3a ./Drivers/STM32H5xx_HAL_Driver/stm32h5xx_hal_rcc_ex.o
 .ARM.attributes
                0x0000045c       0x3a ./Drivers/STM32H5xx_HAL_Driver/stm32h5xx_hal_spi.o
 .ARM.attributes
                0x00000496       0x3a ./Drivers/STM32H5xx_HAL_Driver/stm32h5xx_hal_tim.o
 .ARM.attributes
                0x000004d0       0x3a ./Drivers/STM32H5xx_HAL_Driver/stm32h5xx_hal_tim_ex.o
 .ARM.attributes
                0x0000050a       0x3a ./Drivers/STM32H5xx_HAL_Driver/stm32h5xx_hal_usart.o
 .ARM.attributes
                0x00000544       0x3a ./Drivers/STM32H5xx_HAL_Driver/stm32h5xx_hal_usart_ex.o
 .ARM.attributes
                0x0000057e       0x3a ./Drivers/STM32H5xx_HAL_Driver/stm32h5xx_ll_usb.o
 .ARM.attributes
                0x000005b8       0x38 C:/ST/STM32CubeIDE_1.14.1/STM32CubeIDE/plugins/com.st.stm32cube.ide.mcu.externaltools.gnu-tools-for-stm32.12.3.rel1.win32_1.0.100.202403111256/tools/bin/../lib/gcc/arm-none-eabi/12.3.1/../../../../arm-none-eabi/lib/thumb/v8-m.main+fp/hard\libc_nano.a(libc_a-memset.o)
 .ARM.attributes
                0x000005f0       0x38 C:/ST/STM32CubeIDE_1.14.1/STM32CubeIDE/plugins/com.st.stm32cube.ide.mcu.externaltools.gnu-tools-for-stm32.12.3.rel1.win32_1.0.100.202403111256/tools/bin/../lib/gcc/arm-none-eabi/12.3.1/../../../../arm-none-eabi/lib/thumb/v8-m.main+fp/hard\libc_nano.a(libc_a-init.o)
 .ARM.attributes
                0x00000628       0x26 C:/ST/STM32CubeIDE_1.14.1/STM32CubeIDE/plugins/com.st.stm32cube.ide.mcu.externaltools.gnu-tools-for-stm32.12.3.rel1.win32_1.0.100.202403111256/tools/bin/../lib/gcc/arm-none-eabi/12.3.1/thumb/v8-m.main+fp/hard/crtn.o
OUTPUT(Pleiades-Sensor-Integration.elf elf32-littlearm)
LOAD linker stubs
LOAD C:/ST/STM32CubeIDE_1.14.1/STM32CubeIDE/plugins/com.st.stm32cube.ide.mcu.externaltools.gnu-tools-for-stm32.12.3.rel1.win32_1.0.100.202403111256/tools/bin/../lib/gcc/arm-none-eabi/12.3.1/../../../../arm-none-eabi/lib/thumb/v8-m.main+fp/hard\libc.a
LOAD C:/ST/STM32CubeIDE_1.14.1/STM32CubeIDE/plugins/com.st.stm32cube.ide.mcu.externaltools.gnu-tools-for-stm32.12.3.rel1.win32_1.0.100.202403111256/tools/bin/../lib/gcc/arm-none-eabi/12.3.1/../../../../arm-none-eabi/lib/thumb/v8-m.main+fp/hard\libm.a
LOAD C:/ST/STM32CubeIDE_1.14.1/STM32CubeIDE/plugins/com.st.stm32cube.ide.mcu.externaltools.gnu-tools-for-stm32.12.3.rel1.win32_1.0.100.202403111256/tools/bin/../lib/gcc/arm-none-eabi/12.3.1/thumb/v8-m.main+fp/hard\libgcc.a

.debug_info     0x00000000    0x1e580
 .debug_info    0x00000000     0x2c82 ./Core/Src/main.o
 .debug_info    0x00002c82     0x28e4 ./Core/Src/stm32h5xx_hal_msp.o
 .debug_info    0x00005566     0x104e ./Core/Src/stm32h5xx_hal_timebase_tim.o
 .debug_info    0x000065b4      0x976 ./Core/Src/stm32h5xx_it.o
 .debug_info    0x00006f2a      0xc0b ./Core/Src/system_stm32h5xx.o
 .debug_info    0x00007b35       0x30 ./Core/Startup/startup_stm32h503rbtx.o
 .debug_info    0x00007b65     0x1069 ./Drivers/STM32H5xx_HAL_Driver/stm32h5xx_hal.o
 .debug_info    0x00008bce     0x229a ./Drivers/STM32H5xx_HAL_Driver/stm32h5xx_hal_adc.o
 .debug_info    0x0000ae68     0x1522 ./Drivers/STM32H5xx_HAL_Driver/stm32h5xx_hal_cortex.o
 .debug_info    0x0000c38a      0xf86 ./Drivers/STM32H5xx_HAL_Driver/stm32h5xx_hal_dac.o
 .debug_info    0x0000d310      0x6aa ./Drivers/STM32H5xx_HAL_Driver/stm32h5xx_hal_gpio.o
 .debug_info    0x0000d9ba     0x231b ./Drivers/STM32H5xx_HAL_Driver/stm32h5xx_hal_i2c.o
 .debug_info    0x0000fcd5      0x8fb ./Drivers/STM32H5xx_HAL_Driver/stm32h5xx_hal_i2c_ex.o
 .debug_info    0x000105d0      0x377 ./Drivers/STM32H5xx_HAL_Driver/stm32h5xx_hal_icache.o
 .debug_info    0x00010947     0x1461 ./Drivers/STM32H5xx_HAL_Driver/stm32h5xx_hal_pcd.o
 .debug_info    0x00011da8      0x7cb ./Drivers/STM32H5xx_HAL_Driver/stm32h5xx_hal_pcd_ex.o
 .debug_info    0x00012573      0xfdf ./Drivers/STM32H5xx_HAL_Driver/stm32h5xx_hal_rcc.o
 .debug_info    0x00013552      0xf52 ./Drivers/STM32H5xx_HAL_Driver/stm32h5xx_hal_rcc_ex.o
 .debug_info    0x000144a4     0x158d ./Drivers/STM32H5xx_HAL_Driver/stm32h5xx_hal_spi.o
 .debug_info    0x00015a31     0x2e54 ./Drivers/STM32H5xx_HAL_Driver/stm32h5xx_hal_tim.o
 .debug_info    0x00018885     0x1eaa ./Drivers/STM32H5xx_HAL_Driver/stm32h5xx_hal_tim_ex.o
 .debug_info    0x0001a72f     0x1ab5 ./Drivers/STM32H5xx_HAL_Driver/stm32h5xx_hal_usart.o
 .debug_info    0x0001c1e4      0xa88 ./Drivers/STM32H5xx_HAL_Driver/stm32h5xx_hal_usart_ex.o
 .debug_info    0x0001cc6c     0x1914 ./Drivers/STM32H5xx_HAL_Driver/stm32h5xx_ll_usb.o

.debug_abbrev   0x00000000     0x37cd
 .debug_abbrev  0x00000000      0x381 ./Core/Src/main.o
 .debug_abbrev  0x00000381      0x2a8 ./Core/Src/stm32h5xx_hal_msp.o
 .debug_abbrev  0x00000629      0x229 ./Core/Src/stm32h5xx_hal_timebase_tim.o
 .debug_abbrev  0x00000852      0x1af ./Core/Src/stm32h5xx_it.o
 .debug_abbrev  0x00000a01      0x13a ./Core/Src/system_stm32h5xx.o
 .debug_abbrev  0x00000b3b       0x24 ./Core/Startup/startup_stm32h503rbtx.o
 .debug_abbrev  0x00000b5f      0x2ac ./Drivers/STM32H5xx_HAL_Driver/stm32h5xx_hal.o
 .debug_abbrev  0x00000e0b      0x2b9 ./Drivers/STM32H5xx_HAL_Driver/stm32h5xx_hal_adc.o
 .debug_abbrev  0x000010c4      0x311 ./Drivers/STM32H5xx_HAL_Driver/stm32h5xx_hal_cortex.o
 .debug_abbrev  0x000013d5      0x234 ./Drivers/STM32H5xx_HAL_Driver/stm32h5xx_hal_dac.o
 .debug_abbrev  0x00001609      0x1db ./Drivers/STM32H5xx_HAL_Driver/stm32h5xx_hal_gpio.o
 .debug_abbrev  0x000017e4      0x280 ./Drivers/STM32H5xx_HAL_Driver/stm32h5xx_hal_i2c.o
 .debug_abbrev  0x00001a64      0x1b7 ./Drivers/STM32H5xx_HAL_Driver/stm32h5xx_hal_i2c_ex.o
 .debug_abbrev  0x00001c1b      0x1e4 ./Drivers/STM32H5xx_HAL_Driver/stm32h5xx_hal_icache.o
 .debug_abbrev  0x00001dff      0x307 ./Drivers/STM32H5xx_HAL_Driver/stm32h5xx_hal_pcd.o
 .debug_abbrev  0x00002106      0x228 ./Drivers/STM32H5xx_HAL_Driver/stm32h5xx_hal_pcd_ex.o
 .debug_abbrev  0x0000232e      0x28e ./Drivers/STM32H5xx_HAL_Driver/stm32h5xx_hal_rcc.o
 .debug_abbrev  0x000025bc      0x25c ./Drivers/STM32H5xx_HAL_Driver/stm32h5xx_hal_rcc_ex.o
 .debug_abbrev  0x00002818      0x2b3 ./Drivers/STM32H5xx_HAL_Driver/stm32h5xx_hal_spi.o
 .debug_abbrev  0x00002acb      0x2bd ./Drivers/STM32H5xx_HAL_Driver/stm32h5xx_hal_tim.o
 .debug_abbrev  0x00002d88      0x2c7 ./Drivers/STM32H5xx_HAL_Driver/stm32h5xx_hal_tim_ex.o
 .debug_abbrev  0x0000304f      0x2b2 ./Drivers/STM32H5xx_HAL_Driver/stm32h5xx_hal_usart.o
 .debug_abbrev  0x00003301      0x209 ./Drivers/STM32H5xx_HAL_Driver/stm32h5xx_hal_usart_ex.o
 .debug_abbrev  0x0000350a      0x2c3 ./Drivers/STM32H5xx_HAL_Driver/stm32h5xx_ll_usb.o

.debug_aranges  0x00000000     0x1a28
 .debug_aranges
                0x00000000       0x98 ./Core/Src/main.o
 .debug_aranges
                0x00000098       0x98 ./Core/Src/stm32h5xx_hal_msp.o
 .debug_aranges
                0x00000130       0x30 ./Core/Src/stm32h5xx_hal_timebase_tim.o
 .debug_aranges
                0x00000160       0x68 ./Core/Src/stm32h5xx_it.o
 .debug_aranges
                0x000001c8       0x28 ./Core/Src/system_stm32h5xx.o
 .debug_aranges
                0x000001f0       0x28 ./Core/Startup/startup_stm32h503rbtx.o
 .debug_aranges
                0x00000218      0x1a0 ./Drivers/STM32H5xx_HAL_Driver/stm32h5xx_hal.o
 .debug_aranges
                0x000003b8      0x248 ./Drivers/STM32H5xx_HAL_Driver/stm32h5xx_hal_adc.o
 .debug_aranges
                0x00000600      0x140 ./Drivers/STM32H5xx_HAL_Driver/stm32h5xx_hal_cortex.o
 .debug_aranges
                0x00000740       0xc0 ./Drivers/STM32H5xx_HAL_Driver/stm32h5xx_hal_dac.o
 .debug_aranges
                0x00000800       0x78 ./Drivers/STM32H5xx_HAL_Driver/stm32h5xx_hal_gpio.o
 .debug_aranges
                0x00000878      0x2a0 ./Drivers/STM32H5xx_HAL_Driver/stm32h5xx_hal_i2c.o
 .debug_aranges
                0x00000b18       0x40 ./Drivers/STM32H5xx_HAL_Driver/stm32h5xx_hal_i2c_ex.o
 .debug_aranges
                0x00000b58       0x98 ./Drivers/STM32H5xx_HAL_Driver/stm32h5xx_hal_icache.o
 .debug_aranges
                0x00000bf0      0x150 ./Drivers/STM32H5xx_HAL_Driver/stm32h5xx_hal_pcd.o
 .debug_aranges
                0x00000d40       0x58 ./Drivers/STM32H5xx_HAL_Driver/stm32h5xx_hal_pcd_ex.o
 .debug_aranges
                0x00000d98       0xa0 ./Drivers/STM32H5xx_HAL_Driver/stm32h5xx_hal_rcc.o
 .debug_aranges
                0x00000e38       0xe8 ./Drivers/STM32H5xx_HAL_Driver/stm32h5xx_hal_rcc_ex.o
 .debug_aranges
                0x00000f20      0x1a8 ./Drivers/STM32H5xx_HAL_Driver/stm32h5xx_hal_spi.o
 .debug_aranges
                0x000010c8      0x3e8 ./Drivers/STM32H5xx_HAL_Driver/stm32h5xx_hal_tim.o
 .debug_aranges
                0x000014b0      0x240 ./Drivers/STM32H5xx_HAL_Driver/stm32h5xx_hal_tim_ex.o
 .debug_aranges
                0x000016f0      0x1a0 ./Drivers/STM32H5xx_HAL_Driver/stm32h5xx_hal_usart.o
 .debug_aranges
                0x00001890       0x68 ./Drivers/STM32H5xx_HAL_Driver/stm32h5xx_hal_usart_ex.o
 .debug_aranges
                0x000018f8      0x130 ./Drivers/STM32H5xx_HAL_Driver/stm32h5xx_ll_usb.o

.debug_rnglists
                0x00000000     0x1445
 .debug_rnglists
                0x00000000       0x77 ./Core/Src/main.o
 .debug_rnglists
                0x00000077       0x74 ./Core/Src/stm32h5xx_hal_msp.o
 .debug_rnglists
                0x000000eb       0x20 ./Core/Src/stm32h5xx_hal_timebase_tim.o
 .debug_rnglists
                0x0000010b       0x49 ./Core/Src/stm32h5xx_it.o
 .debug_rnglists
                0x00000154       0x1b ./Core/Src/system_stm32h5xx.o
 .debug_rnglists
                0x0000016f       0x19 ./Core/Startup/startup_stm32h503rbtx.o
 .debug_rnglists
                0x00000188      0x134 ./Drivers/STM32H5xx_HAL_Driver/stm32h5xx_hal.o
 .debug_rnglists
                0x000002bc      0x1c0 ./Drivers/STM32H5xx_HAL_Driver/stm32h5xx_hal_adc.o
 .debug_rnglists
                0x0000047c       0xec ./Drivers/STM32H5xx_HAL_Driver/stm32h5xx_hal_cortex.o
 .debug_rnglists
                0x00000568       0x90 ./Drivers/STM32H5xx_HAL_Driver/stm32h5xx_hal_dac.o
 .debug_rnglists
                0x000005f8       0x57 ./Drivers/STM32H5xx_HAL_Driver/stm32h5xx_hal_gpio.o
 .debug_rnglists
                0x0000064f      0x228 ./Drivers/STM32H5xx_HAL_Driver/stm32h5xx_hal_i2c.o
 .debug_rnglists
                0x00000877       0x30 ./Drivers/STM32H5xx_HAL_Driver/stm32h5xx_hal_i2c_ex.o
 .debug_rnglists
                0x000008a7       0x6d ./Drivers/STM32H5xx_HAL_Driver/stm32h5xx_hal_icache.o
 .debug_rnglists
                0x00000914      0x100 ./Drivers/STM32H5xx_HAL_Driver/stm32h5xx_hal_pcd.o
 .debug_rnglists
                0x00000a14       0x3f ./Drivers/STM32H5xx_HAL_Driver/stm32h5xx_hal_pcd_ex.o
 .debug_rnglists
                0x00000a53       0x79 ./Drivers/STM32H5xx_HAL_Driver/stm32h5xx_hal_rcc.o
 .debug_rnglists
                0x00000acc       0xb4 ./Drivers/STM32H5xx_HAL_Driver/stm32h5xx_hal_rcc_ex.o
 .debug_rnglists
                0x00000b80      0x148 ./Drivers/STM32H5xx_HAL_Driver/stm32h5xx_hal_spi.o
 .debug_rnglists
                0x00000cc8      0x32e ./Drivers/STM32H5xx_HAL_Driver/stm32h5xx_hal_tim.o
 .debug_rnglists
                0x00000ff6      0x1cb ./Drivers/STM32H5xx_HAL_Driver/stm32h5xx_hal_tim_ex.o
 .debug_rnglists
                0x000011c1      0x14e ./Drivers/STM32H5xx_HAL_Driver/stm32h5xx_hal_usart.o
 .debug_rnglists
                0x0000130f       0x4b ./Drivers/STM32H5xx_HAL_Driver/stm32h5xx_hal_usart_ex.o
 .debug_rnglists
                0x0000135a       0xeb ./Drivers/STM32H5xx_HAL_Driver/stm32h5xx_ll_usb.o

.debug_macro    0x00000000    0x24aa7
 .debug_macro   0x00000000      0x314 ./Core/Src/main.o
 .debug_macro   0x00000314      0xaba ./Core/Src/main.o
 .debug_macro   0x00000dce      0x1ee ./Core/Src/main.o
 .debug_macro   0x00000fbc       0x22 ./Core/Src/main.o
 .debug_macro   0x00000fde       0x5b ./Core/Src/main.o
 .debug_macro   0x00001039       0x2a ./Core/Src/main.o
 .debug_macro   0x00001063       0x94 ./Core/Src/main.o
 .debug_macro   0x000010f7       0x43 ./Core/Src/main.o
 .debug_macro   0x0000113a       0x34 ./Core/Src/main.o
 .debug_macro   0x0000116e      0x189 ./Core/Src/main.o
 .debug_macro   0x000012f7       0x16 ./Core/Src/main.o
 .debug_macro   0x0000130d       0x43 ./Core/Src/main.o
 .debug_macro   0x00001350       0x57 ./Core/Src/main.o
 .debug_macro   0x000013a7       0x34 ./Core/Src/main.o
 .debug_macro   0x000013db       0x10 ./Core/Src/main.o
 .debug_macro   0x000013eb       0x58 ./Core/Src/main.o
 .debug_macro   0x00001443       0x8e ./Core/Src/main.o
 .debug_macro   0x000014d1       0x1c ./Core/Src/main.o
 .debug_macro   0x000014ed      0x177 ./Core/Src/main.o
 .debug_macro   0x00001664      0x369 ./Core/Src/main.o
 .debug_macro   0x000019cd      0x19b ./Core/Src/main.o
 .debug_macro   0x00001b68       0x28 ./Core/Src/main.o
 .debug_macro   0x00001b90       0x42 ./Core/Src/main.o
 .debug_macro   0x00001bd2      0x103 ./Core/Src/main.o
 .debug_macro   0x00001cd5       0x6a ./Core/Src/main.o
 .debug_macro   0x00001d3f      0x1df ./Core/Src/main.o
 .debug_macro   0x00001f1e       0x1c ./Core/Src/main.o
 .debug_macro   0x00001f3a       0x29 ./Core/Src/main.o
 .debug_macro   0x00001f63       0xfb ./Core/Src/main.o
 .debug_macro   0x0000205e     0x1685 ./Core/Src/main.o
 .debug_macro   0x000036e3       0x5e ./Core/Src/main.o
 .debug_macro   0x00003741    0x12007 ./Core/Src/main.o
 .debug_macro   0x00015748       0x6d ./Core/Src/main.o
 .debug_macro   0x000157b5     0x3891 ./Core/Src/main.o
 .debug_macro   0x00019046       0x63 ./Core/Src/main.o
 .debug_macro   0x000190a9     0x146a ./Core/Src/main.o
 .debug_macro   0x0001a513      0x75e ./Core/Src/main.o
 .debug_macro   0x0001ac71      0x166 ./Core/Src/main.o
 .debug_macro   0x0001add7      0x1a6 ./Core/Src/main.o
 .debug_macro   0x0001af7d       0x6e ./Core/Src/main.o
 .debug_macro   0x0001afeb      0x527 ./Core/Src/main.o
 .debug_macro   0x0001b512      0x40f ./Core/Src/main.o
 .debug_macro   0x0001b921       0xd6 ./Core/Src/main.o
 .debug_macro   0x0001b9f7      0x1ce ./Core/Src/main.o
 .debug_macro   0x0001bbc5      0xdd7 ./Core/Src/main.o
 .debug_macro   0x0001c99c      0x64e ./Core/Src/main.o
 .debug_macro   0x0001cfea      0x22c ./Core/Src/main.o
 .debug_macro   0x0001d216      0x199 ./Core/Src/main.o
 .debug_macro   0x0001d3af       0xde ./Core/Src/main.o
 .debug_macro   0x0001d48d      0x1c3 ./Core/Src/main.o
 .debug_macro   0x0001d650      0x4ef ./Core/Src/main.o
 .debug_macro   0x0001db3f       0x58 ./Core/Src/main.o
 .debug_macro   0x0001db97      0x22c ./Core/Src/main.o
 .debug_macro   0x0001ddc3       0x35 ./Core/Src/main.o
 .debug_macro   0x0001ddf8       0xa5 ./Core/Src/main.o
 .debug_macro   0x0001de9d      0x272 ./Core/Src/main.o
 .debug_macro   0x0001e10f      0x1a6 ./Core/Src/main.o
 .debug_macro   0x0001e2b5      0x5cf ./Core/Src/main.o
 .debug_macro   0x0001e884       0xd6 ./Core/Src/main.o
 .debug_macro   0x0001e95a      0xbef ./Core/Src/main.o
 .debug_macro   0x0001f549      0x2b6 ./Core/Src/main.o
 .debug_macro   0x0001f7ff      0x359 ./Core/Src/main.o
 .debug_macro   0x0001fb58       0xb9 ./Core/Src/main.o
 .debug_macro   0x0001fc11      0x224 ./Core/Src/main.o
 .debug_macro   0x0001fe35      0x169 ./Core/Src/main.o
 .debug_macro   0x0001ff9e      0x20a ./Core/Src/main.o
 .debug_macro   0x000201a8      0x31f ./Core/Src/main.o
 .debug_macro   0x000204c7      0x118 ./Core/Src/main.o
 .debug_macro   0x000205df      0x314 ./Core/Src/stm32h5xx_hal_msp.o
 .debug_macro   0x000208f3      0x305 ./Core/Src/stm32h5xx_hal_timebase_tim.o
 .debug_macro   0x00020bf8      0x31e ./Core/Src/stm32h5xx_it.o
 .debug_macro   0x00020f16      0x30c ./Core/Src/system_stm32h5xx.o
 .debug_macro   0x00021222      0x335 ./Drivers/STM32H5xx_HAL_Driver/stm32h5xx_hal.o
 .debug_macro   0x00021557      0x322 ./Drivers/STM32H5xx_HAL_Driver/stm32h5xx_hal_adc.o
 .debug_macro   0x00021879      0x305 ./Drivers/STM32H5xx_HAL_Driver/stm32h5xx_hal_cortex.o
 .debug_macro   0x00021b7e      0x31b ./Drivers/STM32H5xx_HAL_Driver/stm32h5xx_hal_dac.o
 .debug_macro   0x00021e99      0x33b ./Drivers/STM32H5xx_HAL_Driver/stm32h5xx_hal_gpio.o
 .debug_macro   0x000221d4      0x3d1 ./Drivers/STM32H5xx_HAL_Driver/stm32h5xx_hal_i2c.o
 .debug_macro   0x000225a5      0x305 ./Drivers/STM32H5xx_HAL_Driver/stm32h5xx_hal_i2c_ex.o
 .debug_macro   0x000228aa      0x31d ./Drivers/STM32H5xx_HAL_Driver/stm32h5xx_hal_icache.o
 .debug_macro   0x00022bc7      0x311 ./Drivers/STM32H5xx_HAL_Driver/stm32h5xx_hal_pcd.o
 .debug_macro   0x00022ed8      0x305 ./Drivers/STM32H5xx_HAL_Driver/stm32h5xx_hal_pcd_ex.o
 .debug_macro   0x000231dd      0x347 ./Drivers/STM32H5xx_HAL_Driver/stm32h5xx_hal_rcc.o
 .debug_macro   0x00023524      0x311 ./Drivers/STM32H5xx_HAL_Driver/stm32h5xx_hal_rcc_ex.o
 .debug_macro   0x00023835      0x30d ./Drivers/STM32H5xx_HAL_Driver/stm32h5xx_hal_spi.o
 .debug_macro   0x00023b42      0x30d ./Drivers/STM32H5xx_HAL_Driver/stm32h5xx_hal_tim.o
 .debug_macro   0x00023e4f      0x30b ./Drivers/STM32H5xx_HAL_Driver/stm32h5xx_hal_tim_ex.o
 .debug_macro   0x0002415a      0x337 ./Drivers/STM32H5xx_HAL_Driver/stm32h5xx_hal_usart.o
 .debug_macro   0x00024491      0x311 ./Drivers/STM32H5xx_HAL_Driver/stm32h5xx_hal_usart_ex.o
 .debug_macro   0x000247a2      0x305 ./Drivers/STM32H5xx_HAL_Driver/stm32h5xx_ll_usb.o

.debug_line     0x00000000    0x22f3c
 .debug_line    0x00000000      0xf33 ./Core/Src/main.o
 .debug_line    0x00000f33      0xdf0 ./Core/Src/stm32h5xx_hal_msp.o
 .debug_line    0x00001d23      0xb16 ./Core/Src/stm32h5xx_hal_timebase_tim.o
 .debug_line    0x00002839      0xb83 ./Core/Src/stm32h5xx_it.o
 .debug_line    0x000033bc      0xc1f ./Core/Src/system_stm32h5xx.o
 .debug_line    0x00003fdb       0x77 ./Core/Startup/startup_stm32h503rbtx.o
 .debug_line    0x00004052     0x10aa ./Drivers/STM32H5xx_HAL_Driver/stm32h5xx_hal.o
 .debug_line    0x000050fc     0x21cd ./Drivers/STM32H5xx_HAL_Driver/stm32h5xx_hal_adc.o
 .debug_line    0x000072c9     0x1159 ./Drivers/STM32H5xx_HAL_Driver/stm32h5xx_hal_cortex.o
 .debug_line    0x00008422     0x1210 ./Drivers/STM32H5xx_HAL_Driver/stm32h5xx_hal_dac.o
 .debug_line    0x00009632      0xee5 ./Drivers/STM32H5xx_HAL_Driver/stm32h5xx_hal_gpio.o
 .debug_line    0x0000a517     0x407e ./Drivers/STM32H5xx_HAL_Driver/stm32h5xx_hal_i2c.o
 .debug_line    0x0000e595      0xd38 ./Drivers/STM32H5xx_HAL_Driver/stm32h5xx_hal_i2c_ex.o
 .debug_line    0x0000f2cd      0xd20 ./Drivers/STM32H5xx_HAL_Driver/stm32h5xx_hal_icache.o
 .debug_line    0x0000ffed     0x17eb ./Drivers/STM32H5xx_HAL_Driver/stm32h5xx_hal_pcd.o
 .debug_line    0x000117d8      0xc7e ./Drivers/STM32H5xx_HAL_Driver/stm32h5xx_hal_pcd_ex.o
 .debug_line    0x00012456     0x1544 ./Drivers/STM32H5xx_HAL_Driver/stm32h5xx_hal_rcc.o
 .debug_line    0x0001399a     0x1e20 ./Drivers/STM32H5xx_HAL_Driver/stm32h5xx_hal_rcc_ex.o
 .debug_line    0x000157ba     0x256b ./Drivers/STM32H5xx_HAL_Driver/stm32h5xx_hal_spi.o
 .debug_line    0x00017d25     0x3f87 ./Drivers/STM32H5xx_HAL_Driver/stm32h5xx_hal_tim.o
 .debug_line    0x0001bcac     0x22c8 ./Drivers/STM32H5xx_HAL_Driver/stm32h5xx_hal_tim_ex.o
 .debug_line    0x0001df74     0x28a7 ./Drivers/STM32H5xx_HAL_Driver/stm32h5xx_hal_usart.o
 .debug_line    0x0002081b      0xe48 ./Drivers/STM32H5xx_HAL_Driver/stm32h5xx_hal_usart_ex.o
 .debug_line    0x00021663     0x18d9 ./Drivers/STM32H5xx_HAL_Driver/stm32h5xx_ll_usb.o

.debug_str      0x00000000    0xea53b
 .debug_str     0x00000000    0xe2994 ./Core/Src/main.o
                              0xe3171 (size before relaxing)
 .debug_str     0x000e2994      0x3be ./Core/Src/stm32h5xx_hal_msp.o
                              0xe2df8 (size before relaxing)
 .debug_str     0x000e2d52      0x5cc ./Core/Src/stm32h5xx_hal_timebase_tim.o
                              0xe1d54 (size before relaxing)
 .debug_str     0x000e331e       0xe3 ./Core/Src/stm32h5xx_it.o
                              0xe1a3f (size before relaxing)
 .debug_str     0x000e3401      0x2e9 ./Core/Src/system_stm32h5xx.o
                              0xe131b (size before relaxing)
 .debug_str     0x000e36ea       0x44 ./Core/Startup/startup_stm32h503rbtx.o
                                 0xbf (size before relaxing)
 .debug_str     0x000e372e      0x839 ./Drivers/STM32H5xx_HAL_Driver/stm32h5xx_hal.o
                              0xe1ec9 (size before relaxing)
 .debug_str     0x000e3f67      0xca9 ./Drivers/STM32H5xx_HAL_Driver/stm32h5xx_hal_adc.o
                              0xe22b7 (size before relaxing)
 .debug_str     0x000e4c10      0x420 ./Drivers/STM32H5xx_HAL_Driver/stm32h5xx_hal_cortex.o
                              0xe1c33 (size before relaxing)
 .debug_str     0x000e5030      0x2f0 ./Drivers/STM32H5xx_HAL_Driver/stm32h5xx_hal_dac.o
                              0xe19bf (size before relaxing)
 .debug_str     0x000e5320      0x2ef ./Drivers/STM32H5xx_HAL_Driver/stm32h5xx_hal_gpio.o
                              0xe1234 (size before relaxing)
 .debug_str     0x000e560f      0xf34 ./Drivers/STM32H5xx_HAL_Driver/stm32h5xx_hal_i2c.o
                              0xe2486 (size before relaxing)
 .debug_str     0x000e6543       0xc2 ./Drivers/STM32H5xx_HAL_Driver/stm32h5xx_hal_i2c_ex.o
                              0xe15a7 (size before relaxing)
 .debug_str     0x000e6605      0x349 ./Drivers/STM32H5xx_HAL_Driver/stm32h5xx_hal_icache.o
                              0xe11e6 (size before relaxing)
 .debug_str     0x000e694e      0x5d6 ./Drivers/STM32H5xx_HAL_Driver/stm32h5xx_hal_pcd.o
                              0xe1838 (size before relaxing)
 .debug_str     0x000e6f24      0x1c1 ./Drivers/STM32H5xx_HAL_Driver/stm32h5xx_hal_pcd_ex.o
                              0xe142f (size before relaxing)
 .debug_str     0x000e70e5      0x37b ./Drivers/STM32H5xx_HAL_Driver/stm32h5xx_hal_rcc.o
                              0xe1896 (size before relaxing)
 .debug_str     0x000e7460      0x5e1 ./Drivers/STM32H5xx_HAL_Driver/stm32h5xx_hal_rcc_ex.o
                              0xe19ed (size before relaxing)
 .debug_str     0x000e7a41      0x548 ./Drivers/STM32H5xx_HAL_Driver/stm32h5xx_hal_spi.o
                              0xe1b1c (size before relaxing)
 .debug_str     0x000e7f89      0xef1 ./Drivers/STM32H5xx_HAL_Driver/stm32h5xx_hal_tim.o
                              0xe2682 (size before relaxing)
 .debug_str     0x000e8e7a      0x93b ./Drivers/STM32H5xx_HAL_Driver/stm32h5xx_hal_tim_ex.o
                              0xe22ac (size before relaxing)
 .debug_str     0x000e97b5      0x843 ./Drivers/STM32H5xx_HAL_Driver/stm32h5xx_hal_usart.o
                              0xe200d (size before relaxing)
 .debug_str     0x000e9ff8      0x17f ./Drivers/STM32H5xx_HAL_Driver/stm32h5xx_hal_usart_ex.o
                              0xe1637 (size before relaxing)
 .debug_str     0x000ea177      0x3c4 ./Drivers/STM32H5xx_HAL_Driver/stm32h5xx_ll_usb.o
                              0xe1606 (size before relaxing)

.comment        0x00000000       0x43
 .comment       0x00000000       0x43 ./Core/Src/main.o
                                 0x44 (size before relaxing)
 .comment       0x00000043       0x44 ./Core/Src/stm32h5xx_hal_msp.o
 .comment       0x00000043       0x44 ./Core/Src/stm32h5xx_hal_timebase_tim.o
 .comment       0x00000043       0x44 ./Core/Src/stm32h5xx_it.o
 .comment       0x00000043       0x44 ./Core/Src/system_stm32h5xx.o
 .comment       0x00000043       0x44 ./Drivers/STM32H5xx_HAL_Driver/stm32h5xx_hal.o
 .comment       0x00000043       0x44 ./Drivers/STM32H5xx_HAL_Driver/stm32h5xx_hal_adc.o
 .comment       0x00000043       0x44 ./Drivers/STM32H5xx_HAL_Driver/stm32h5xx_hal_cortex.o
 .comment       0x00000043       0x44 ./Drivers/STM32H5xx_HAL_Driver/stm32h5xx_hal_dac.o
 .comment       0x00000043       0x44 ./Drivers/STM32H5xx_HAL_Driver/stm32h5xx_hal_gpio.o
 .comment       0x00000043       0x44 ./Drivers/STM32H5xx_HAL_Driver/stm32h5xx_hal_i2c.o
 .comment       0x00000043       0x44 ./Drivers/STM32H5xx_HAL_Driver/stm32h5xx_hal_i2c_ex.o
 .comment       0x00000043       0x44 ./Drivers/STM32H5xx_HAL_Driver/stm32h5xx_hal_icache.o
 .comment       0x00000043       0x44 ./Drivers/STM32H5xx_HAL_Driver/stm32h5xx_hal_pcd.o
 .comment       0x00000043       0x44 ./Drivers/STM32H5xx_HAL_Driver/stm32h5xx_hal_pcd_ex.o
 .comment       0x00000043       0x44 ./Drivers/STM32H5xx_HAL_Driver/stm32h5xx_hal_rcc.o
 .comment       0x00000043       0x44 ./Drivers/STM32H5xx_HAL_Driver/stm32h5xx_hal_rcc_ex.o
 .comment       0x00000043       0x44 ./Drivers/STM32H5xx_HAL_Driver/stm32h5xx_hal_spi.o
 .comment       0x00000043       0x44 ./Drivers/STM32H5xx_HAL_Driver/stm32h5xx_hal_tim.o
 .comment       0x00000043       0x44 ./Drivers/STM32H5xx_HAL_Driver/stm32h5xx_hal_tim_ex.o
 .comment       0x00000043       0x44 ./Drivers/STM32H5xx_HAL_Driver/stm32h5xx_hal_usart.o
 .comment       0x00000043       0x44 ./Drivers/STM32H5xx_HAL_Driver/stm32h5xx_hal_usart_ex.o
 .comment       0x00000043       0x44 ./Drivers/STM32H5xx_HAL_Driver/stm32h5xx_ll_usb.o

.debug_frame    0x00000000     0x7218
 .debug_frame   0x00000000      0x208 ./Core/Src/main.o
 .debug_frame   0x00000208      0x26c ./Core/Src/stm32h5xx_hal_msp.o
 .debug_frame   0x00000474       0x74 ./Core/Src/stm32h5xx_hal_timebase_tim.o
 .debug_frame   0x000004e8      0x124 ./Core/Src/stm32h5xx_it.o
 .debug_frame   0x0000060c       0x60 ./Core/Src/system_stm32h5xx.o
 .debug_frame   0x0000066c      0x66c ./Drivers/STM32H5xx_HAL_Driver/stm32h5xx_hal.o
 .debug_frame   0x00000cd8      0xacc ./Drivers/STM32H5xx_HAL_Driver/stm32h5xx_hal_adc.o
 .debug_frame   0x000017a4      0x560 ./Drivers/STM32H5xx_HAL_Driver/stm32h5xx_hal_cortex.o
 .debug_frame   0x00001d04      0x33c ./Drivers/STM32H5xx_HAL_Driver/stm32h5xx_hal_dac.o
 .debug_frame   0x00002040      0x1ec ./Drivers/STM32H5xx_HAL_Driver/stm32h5xx_hal_gpio.o
 .debug_frame   0x0000222c      0xc44 ./Drivers/STM32H5xx_HAL_Driver/stm32h5xx_hal_i2c.o
 .debug_frame   0x00002e70       0xd8 ./Drivers/STM32H5xx_HAL_Driver/stm32h5xx_hal_i2c_ex.o
 .debug_frame   0x00002f48      0x248 ./Drivers/STM32H5xx_HAL_Driver/stm32h5xx_hal_icache.o
 .debug_frame   0x00003190      0x5e0 ./Drivers/STM32H5xx_HAL_Driver/stm32h5xx_hal_pcd.o
 .debug_frame   0x00003770      0x14c ./Drivers/STM32H5xx_HAL_Driver/stm32h5xx_hal_pcd_ex.o
 .debug_frame   0x000038bc      0x264 ./Drivers/STM32H5xx_HAL_Driver/stm32h5xx_hal_rcc.o
 .debug_frame   0x00003b20      0x3d0 ./Drivers/STM32H5xx_HAL_Driver/stm32h5xx_hal_rcc_ex.o
 .debug_frame   0x00003ef0      0x7a8 ./Drivers/STM32H5xx_HAL_Driver/stm32h5xx_hal_spi.o
 .debug_frame   0x00004698     0x124c ./Drivers/STM32H5xx_HAL_Driver/stm32h5xx_hal_tim.o
 .debug_frame   0x000058e4      0xa68 ./Drivers/STM32H5xx_HAL_Driver/stm32h5xx_hal_tim_ex.o
 .debug_frame   0x0000634c      0x75c ./Drivers/STM32H5xx_HAL_Driver/stm32h5xx_hal_usart.o
 .debug_frame   0x00006aa8      0x194 ./Drivers/STM32H5xx_HAL_Driver/stm32h5xx_hal_usart_ex.o
 .debug_frame   0x00006c3c      0x590 ./Drivers/STM32H5xx_HAL_Driver/stm32h5xx_ll_usb.o
 .debug_frame   0x000071cc       0x20 C:/ST/STM32CubeIDE_1.14.1/STM32CubeIDE/plugins/com.st.stm32cube.ide.mcu.externaltools.gnu-tools-for-stm32.12.3.rel1.win32_1.0.100.202403111256/tools/bin/../lib/gcc/arm-none-eabi/12.3.1/../../../../arm-none-eabi/lib/thumb/v8-m.main+fp/hard\libc_nano.a(libc_a-memset.o)
 .debug_frame   0x000071ec       0x2c C:/ST/STM32CubeIDE_1.14.1/STM32CubeIDE/plugins/com.st.stm32cube.ide.mcu.externaltools.gnu-tools-for-stm32.12.3.rel1.win32_1.0.100.202403111256/tools/bin/../lib/gcc/arm-none-eabi/12.3.1/../../../../arm-none-eabi/lib/thumb/v8-m.main+fp/hard\libc_nano.a(libc_a-init.o)

.debug_line_str
                0x00000000       0xa3
 .debug_line_str
                0x00000000       0xa3 ./Core/Startup/startup_stm32h503rbtx.o
