C:/Users/TechRave/STM32Cube/Repository/STM32Cube_FW_H5_V1.2.0/Drivers/STM32H5xx_HAL_Driver/Src/stm32h5xx_hal_usart.c:278:19:HAL_USART_Init	16	static
C:/Users/TechRave/STM32Cube/Repository/STM32Cube_FW_H5_V1.2.0/Drivers/STM32H5xx_HAL_Driver/Src/stm32h5xx_hal_usart.c:340:19:HAL_USART_DeInit	16	static
C:/Users/TechRave/STM32Cube/Repository/STM32Cube_FW_H5_V1.2.0/Drivers/STM32H5xx_HAL_Driver/Src/stm32h5xx_hal_usart.c:383:13:HAL_USART_MspInit	16	static
C:/Users/TechRave/STM32Cube/Repository/STM32Cube_FW_H5_V1.2.0/Drivers/STM32H5xx_HAL_Driver/Src/stm32h5xx_hal_usart.c:398:13:HAL_USART_MspDeInit	16	static
C:/Users/TechRave/STM32Cube/Repository/STM32Cube_FW_H5_V1.2.0/Drivers/STM32H5xx_HAL_Driver/Src/stm32h5xx_hal_usart.c:746:19:HAL_USART_Transmit	48	static
C:/Users/TechRave/STM32Cube/Repository/STM32Cube_FW_H5_V1.2.0/Drivers/STM32H5xx_HAL_Driver/Src/stm32h5xx_hal_usart.c:850:19:HAL_USART_Receive	48	static
C:/Users/TechRave/STM32Cube/Repository/STM32Cube_FW_H5_V1.2.0/Drivers/STM32H5xx_HAL_Driver/Src/stm32h5xx_hal_usart.c:968:19:HAL_USART_TransmitReceive	64	static
C:/Users/TechRave/STM32Cube/Repository/STM32Cube_FW_H5_V1.2.0/Drivers/STM32H5xx_HAL_Driver/Src/stm32h5xx_hal_usart.c:1127:19:HAL_USART_Transmit_IT	24	static
C:/Users/TechRave/STM32Cube/Repository/STM32Cube_FW_H5_V1.2.0/Drivers/STM32H5xx_HAL_Driver/Src/stm32h5xx_hal_usart.c:1216:19:HAL_USART_Receive_IT	32	static
C:/Users/TechRave/STM32Cube/Repository/STM32Cube_FW_H5_V1.2.0/Drivers/STM32H5xx_HAL_Driver/Src/stm32h5xx_hal_usart.c:1336:19:HAL_USART_TransmitReceive_IT	24	static
C:/Users/TechRave/STM32Cube/Repository/STM32Cube_FW_H5_V1.2.0/Drivers/STM32H5xx_HAL_Driver/Src/stm32h5xx_hal_usart.c:1457:19:HAL_USART_Transmit_DMA	32	static
C:/Users/TechRave/STM32Cube/Repository/STM32Cube_FW_H5_V1.2.0/Drivers/STM32H5xx_HAL_Driver/Src/stm32h5xx_hal_usart.c:1578:19:HAL_USART_Receive_DMA	32	static
C:/Users/TechRave/STM32Cube/Repository/STM32Cube_FW_H5_V1.2.0/Drivers/STM32H5xx_HAL_Driver/Src/stm32h5xx_hal_usart.c:1761:19:HAL_USART_TransmitReceive_DMA	32	static
C:/Users/TechRave/STM32Cube/Repository/STM32Cube_FW_H5_V1.2.0/Drivers/STM32H5xx_HAL_Driver/Src/stm32h5xx_hal_usart.c:1944:19:HAL_USART_DMAPause	24	static
C:/Users/TechRave/STM32Cube/Repository/STM32Cube_FW_H5_V1.2.0/Drivers/STM32H5xx_HAL_Driver/Src/stm32h5xx_hal_usart.c:2029:19:HAL_USART_DMAResume	24	static
C:/Users/TechRave/STM32Cube/Repository/STM32Cube_FW_H5_V1.2.0/Drivers/STM32H5xx_HAL_Driver/Src/stm32h5xx_hal_usart.c:2106:19:HAL_USART_DMAStop	16	static
C:/Users/TechRave/STM32Cube/Repository/STM32Cube_FW_H5_V1.2.0/Drivers/STM32H5xx_HAL_Driver/Src/stm32h5xx_hal_usart.c:2167:19:HAL_USART_Abort	16	static
C:/Users/TechRave/STM32Cube/Repository/STM32Cube_FW_H5_V1.2.0/Drivers/STM32H5xx_HAL_Driver/Src/stm32h5xx_hal_usart.c:2261:19:HAL_USART_Abort_IT	24	static
C:/Users/TechRave/STM32Cube/Repository/STM32Cube_FW_H5_V1.2.0/Drivers/STM32H5xx_HAL_Driver/Src/stm32h5xx_hal_usart.c:2389:6:HAL_USART_IRQHandler	40	static
C:/Users/TechRave/STM32Cube/Repository/STM32Cube_FW_H5_V1.2.0/Drivers/STM32H5xx_HAL_Driver/Src/stm32h5xx_hal_usart.c:2628:13:HAL_USART_TxCpltCallback	16	static
C:/Users/TechRave/STM32Cube/Repository/STM32Cube_FW_H5_V1.2.0/Drivers/STM32H5xx_HAL_Driver/Src/stm32h5xx_hal_usart.c:2643:13:HAL_USART_TxHalfCpltCallback	16	static
C:/Users/TechRave/STM32Cube/Repository/STM32Cube_FW_H5_V1.2.0/Drivers/STM32H5xx_HAL_Driver/Src/stm32h5xx_hal_usart.c:2658:13:HAL_USART_RxCpltCallback	16	static
C:/Users/TechRave/STM32Cube/Repository/STM32Cube_FW_H5_V1.2.0/Drivers/STM32H5xx_HAL_Driver/Src/stm32h5xx_hal_usart.c:2673:13:HAL_USART_RxHalfCpltCallback	16	static
C:/Users/TechRave/STM32Cube/Repository/STM32Cube_FW_H5_V1.2.0/Drivers/STM32H5xx_HAL_Driver/Src/stm32h5xx_hal_usart.c:2688:13:HAL_USART_TxRxCpltCallback	16	static
C:/Users/TechRave/STM32Cube/Repository/STM32Cube_FW_H5_V1.2.0/Drivers/STM32H5xx_HAL_Driver/Src/stm32h5xx_hal_usart.c:2703:13:HAL_USART_ErrorCallback	16	static
C:/Users/TechRave/STM32Cube/Repository/STM32Cube_FW_H5_V1.2.0/Drivers/STM32H5xx_HAL_Driver/Src/stm32h5xx_hal_usart.c:2718:13:HAL_USART_AbortCpltCallback	16	static
C:/Users/TechRave/STM32Cube/Repository/STM32Cube_FW_H5_V1.2.0/Drivers/STM32H5xx_HAL_Driver/Src/stm32h5xx_hal_usart.c:2755:24:HAL_USART_GetState	16	static
C:/Users/TechRave/STM32Cube/Repository/STM32Cube_FW_H5_V1.2.0/Drivers/STM32H5xx_HAL_Driver/Src/stm32h5xx_hal_usart.c:2766:10:HAL_USART_GetError	16	static
C:/Users/TechRave/STM32Cube/Repository/STM32Cube_FW_H5_V1.2.0/Drivers/STM32H5xx_HAL_Driver/Src/stm32h5xx_hal_usart.c:2809:13:USART_EndTransfer	16	static
C:/Users/TechRave/STM32Cube/Repository/STM32Cube_FW_H5_V1.2.0/Drivers/STM32H5xx_HAL_Driver/Src/stm32h5xx_hal_usart.c:2826:13:USART_DMATransmitCplt	24	static
C:/Users/TechRave/STM32Cube/Repository/STM32Cube_FW_H5_V1.2.0/Drivers/STM32H5xx_HAL_Driver/Src/stm32h5xx_hal_usart.c:2862:13:USART_DMATxHalfCplt	24	static
C:/Users/TechRave/STM32Cube/Repository/STM32Cube_FW_H5_V1.2.0/Drivers/STM32H5xx_HAL_Driver/Src/stm32h5xx_hal_usart.c:2880:13:USART_DMAReceiveCplt	24	static
C:/Users/TechRave/STM32Cube/Repository/STM32Cube_FW_H5_V1.2.0/Drivers/STM32H5xx_HAL_Driver/Src/stm32h5xx_hal_usart.c:2948:13:USART_DMARxHalfCplt	24	static
C:/Users/TechRave/STM32Cube/Repository/STM32Cube_FW_H5_V1.2.0/Drivers/STM32H5xx_HAL_Driver/Src/stm32h5xx_hal_usart.c:2966:13:USART_DMAError	24	static
C:/Users/TechRave/STM32Cube/Repository/STM32Cube_FW_H5_V1.2.0/Drivers/STM32H5xx_HAL_Driver/Src/stm32h5xx_hal_usart.c:2992:13:USART_DMAAbortOnError	24	static
C:/Users/TechRave/STM32Cube/Repository/STM32Cube_FW_H5_V1.2.0/Drivers/STM32H5xx_HAL_Driver/Src/stm32h5xx_hal_usart.c:3015:13:USART_DMATxAbortCallback	24	static
C:/Users/TechRave/STM32Cube/Repository/STM32Cube_FW_H5_V1.2.0/Drivers/STM32H5xx_HAL_Driver/Src/stm32h5xx_hal_usart.c:3063:13:USART_DMARxAbortCallback	24	static
C:/Users/TechRave/STM32Cube/Repository/STM32Cube_FW_H5_V1.2.0/Drivers/STM32H5xx_HAL_Driver/Src/stm32h5xx_hal_usart.c:3113:26:USART_WaitOnFlagUntilTimeout	24	static
C:/Users/TechRave/STM32Cube/Repository/STM32Cube_FW_H5_V1.2.0/Drivers/STM32H5xx_HAL_Driver/Src/stm32h5xx_hal_usart.c:3141:26:USART_SetConfig	48	static
C:/Users/TechRave/STM32Cube/Repository/STM32Cube_FW_H5_V1.2.0/Drivers/STM32H5xx_HAL_Driver/Src/stm32h5xx_hal_usart.c:3260:26:USART_CheckIdleState	32	static
C:/Users/TechRave/STM32Cube/Repository/STM32Cube_FW_H5_V1.2.0/Drivers/STM32H5xx_HAL_Driver/Src/stm32h5xx_hal_usart.c:3310:13:USART_TxISR_8BIT	24	static
C:/Users/TechRave/STM32Cube/Repository/STM32Cube_FW_H5_V1.2.0/Drivers/STM32H5xx_HAL_Driver/Src/stm32h5xx_hal_usart.c:3345:13:USART_TxISR_16BIT	24	static
C:/Users/TechRave/STM32Cube/Repository/STM32Cube_FW_H5_V1.2.0/Drivers/STM32H5xx_HAL_Driver/Src/stm32h5xx_hal_usart.c:3381:13:USART_TxISR_8BIT_FIFOEN	24	static
C:/Users/TechRave/STM32Cube/Repository/STM32Cube_FW_H5_V1.2.0/Drivers/STM32H5xx_HAL_Driver/Src/stm32h5xx_hal_usart.c:3426:13:USART_TxISR_16BIT_FIFOEN	24	static
C:/Users/TechRave/STM32Cube/Repository/STM32Cube_FW_H5_V1.2.0/Drivers/STM32H5xx_HAL_Driver/Src/stm32h5xx_hal_usart.c:3469:13:USART_EndTransmit_IT	16	static
C:/Users/TechRave/STM32Cube/Repository/STM32Cube_FW_H5_V1.2.0/Drivers/STM32H5xx_HAL_Driver/Src/stm32h5xx_hal_usart.c:3526:13:USART_RxISR_8BIT	32	static
C:/Users/TechRave/STM32Cube/Repository/STM32Cube_FW_H5_V1.2.0/Drivers/STM32H5xx_HAL_Driver/Src/stm32h5xx_hal_usart.c:3617:13:USART_RxISR_16BIT	32	static
C:/Users/TechRave/STM32Cube/Repository/STM32Cube_FW_H5_V1.2.0/Drivers/STM32H5xx_HAL_Driver/Src/stm32h5xx_hal_usart.c:3710:13:USART_RxISR_8BIT_FIFOEN	32	static
C:/Users/TechRave/STM32Cube/Repository/STM32Cube_FW_H5_V1.2.0/Drivers/STM32H5xx_HAL_Driver/Src/stm32h5xx_hal_usart.c:3843:13:USART_RxISR_16BIT_FIFOEN	40	static
