Archive member included to satisfy reference by file (symbol)

C:/ST/STM32CubeIDE_1.13.1/STM32CubeIDE/plugins/com.st.stm32cube.ide.mcu.externaltools.gnu-tools-for-stm32.12.3.rel1.win32_1.0.100.202403111256/tools/bin/../lib/gcc/arm-none-eabi/12.3.1/../../../../arm-none-eabi/lib/thumb/v8-m.main+fp/hard\libc_nano.a(libc_a-exit.o)
                              C:/ST/STM32CubeIDE_1.13.1/STM32CubeIDE/plugins/com.st.stm32cube.ide.mcu.externaltools.gnu-tools-for-stm32.12.3.rel1.win32_1.0.100.202403111256/tools/bin/../lib/gcc/arm-none-eabi/12.3.1/../../../../arm-none-eabi/lib/thumb/v8-m.main+fp/hard/crt0.o (exit)
C:/ST/STM32CubeIDE_1.13.1/STM32CubeIDE/plugins/com.st.stm32cube.ide.mcu.externaltools.gnu-tools-for-stm32.12.3.rel1.win32_1.0.100.202403111256/tools/bin/../lib/gcc/arm-none-eabi/12.3.1/../../../../arm-none-eabi/lib/thumb/v8-m.main+fp/hard\libc_nano.a(libc_a-findfp.o)
                              C:/ST/STM32CubeIDE_1.13.1/STM32CubeIDE/plugins/com.st.stm32cube.ide.mcu.externaltools.gnu-tools-for-stm32.12.3.rel1.win32_1.0.100.202403111256/tools/bin/../lib/gcc/arm-none-eabi/12.3.1/../../../../arm-none-eabi/lib/thumb/v8-m.main+fp/hard\libc_nano.a(libc_a-exit.o) (__stdio_exit_handler)
C:/ST/STM32CubeIDE_1.13.1/STM32CubeIDE/plugins/com.st.stm32cube.ide.mcu.externaltools.gnu-tools-for-stm32.12.3.rel1.win32_1.0.100.202403111256/tools/bin/../lib/gcc/arm-none-eabi/12.3.1/../../../../arm-none-eabi/lib/thumb/v8-m.main+fp/hard\libc_nano.a(libc_a-fwalk.o)
                              C:/ST/STM32CubeIDE_1.13.1/STM32CubeIDE/plugins/com.st.stm32cube.ide.mcu.externaltools.gnu-tools-for-stm32.12.3.rel1.win32_1.0.100.202403111256/tools/bin/../lib/gcc/arm-none-eabi/12.3.1/../../../../arm-none-eabi/lib/thumb/v8-m.main+fp/hard\libc_nano.a(libc_a-findfp.o) (_fwalk_sglue)
C:/ST/STM32CubeIDE_1.13.1/STM32CubeIDE/plugins/com.st.stm32cube.ide.mcu.externaltools.gnu-tools-for-stm32.12.3.rel1.win32_1.0.100.202403111256/tools/bin/../lib/gcc/arm-none-eabi/12.3.1/../../../../arm-none-eabi/lib/thumb/v8-m.main+fp/hard\libc_nano.a(libc_a-stdio.o)
                              C:/ST/STM32CubeIDE_1.13.1/STM32CubeIDE/plugins/com.st.stm32cube.ide.mcu.externaltools.gnu-tools-for-stm32.12.3.rel1.win32_1.0.100.202403111256/tools/bin/../lib/gcc/arm-none-eabi/12.3.1/../../../../arm-none-eabi/lib/thumb/v8-m.main+fp/hard\libc_nano.a(libc_a-findfp.o) (__sread)
C:/ST/STM32CubeIDE_1.13.1/STM32CubeIDE/plugins/com.st.stm32cube.ide.mcu.externaltools.gnu-tools-for-stm32.12.3.rel1.win32_1.0.100.202403111256/tools/bin/../lib/gcc/arm-none-eabi/12.3.1/../../../../arm-none-eabi/lib/thumb/v8-m.main+fp/hard\libc_nano.a(libc_a-memset.o)
                              C:/ST/STM32CubeIDE_1.13.1/STM32CubeIDE/plugins/com.st.stm32cube.ide.mcu.externaltools.gnu-tools-for-stm32.12.3.rel1.win32_1.0.100.202403111256/tools/bin/../lib/gcc/arm-none-eabi/12.3.1/../../../../arm-none-eabi/lib/thumb/v8-m.main+fp/hard/crt0.o (memset)
C:/ST/STM32CubeIDE_1.13.1/STM32CubeIDE/plugins/com.st.stm32cube.ide.mcu.externaltools.gnu-tools-for-stm32.12.3.rel1.win32_1.0.100.202403111256/tools/bin/../lib/gcc/arm-none-eabi/12.3.1/../../../../arm-none-eabi/lib/thumb/v8-m.main+fp/hard\libc_nano.a(libc_a-closer.o)
                              C:/ST/STM32CubeIDE_1.13.1/STM32CubeIDE/plugins/com.st.stm32cube.ide.mcu.externaltools.gnu-tools-for-stm32.12.3.rel1.win32_1.0.100.202403111256/tools/bin/../lib/gcc/arm-none-eabi/12.3.1/../../../../arm-none-eabi/lib/thumb/v8-m.main+fp/hard\libc_nano.a(libc_a-stdio.o) (_close_r)
C:/ST/STM32CubeIDE_1.13.1/STM32CubeIDE/plugins/com.st.stm32cube.ide.mcu.externaltools.gnu-tools-for-stm32.12.3.rel1.win32_1.0.100.202403111256/tools/bin/../lib/gcc/arm-none-eabi/12.3.1/../../../../arm-none-eabi/lib/thumb/v8-m.main+fp/hard\libc_nano.a(libc_a-reent.o)
                              C:/ST/STM32CubeIDE_1.13.1/STM32CubeIDE/plugins/com.st.stm32cube.ide.mcu.externaltools.gnu-tools-for-stm32.12.3.rel1.win32_1.0.100.202403111256/tools/bin/../lib/gcc/arm-none-eabi/12.3.1/../../../../arm-none-eabi/lib/thumb/v8-m.main+fp/hard\libc_nano.a(libc_a-closer.o) (errno)
C:/ST/STM32CubeIDE_1.13.1/STM32CubeIDE/plugins/com.st.stm32cube.ide.mcu.externaltools.gnu-tools-for-stm32.12.3.rel1.win32_1.0.100.202403111256/tools/bin/../lib/gcc/arm-none-eabi/12.3.1/../../../../arm-none-eabi/lib/thumb/v8-m.main+fp/hard\libc_nano.a(libc_a-impure.o)
                              C:/ST/STM32CubeIDE_1.13.1/STM32CubeIDE/plugins/com.st.stm32cube.ide.mcu.externaltools.gnu-tools-for-stm32.12.3.rel1.win32_1.0.100.202403111256/tools/bin/../lib/gcc/arm-none-eabi/12.3.1/../../../../arm-none-eabi/lib/thumb/v8-m.main+fp/hard\libc_nano.a(libc_a-reent.o) (_impure_ptr)
C:/ST/STM32CubeIDE_1.13.1/STM32CubeIDE/plugins/com.st.stm32cube.ide.mcu.externaltools.gnu-tools-for-stm32.12.3.rel1.win32_1.0.100.202403111256/tools/bin/../lib/gcc/arm-none-eabi/12.3.1/../../../../arm-none-eabi/lib/thumb/v8-m.main+fp/hard\libc_nano.a(libc_a-lseekr.o)
[...]
Memory Configuration

Name             Origin             Length             Attributes
RAM              0x20000000         0x00008000         xrw
FLASH            0x08000000         0x00020000         xr
*default*        0x00000000         0xffffffff

Linker script and memory map

LOAD C:/ST/STM32CubeIDE_1.13.1/STM32CubeIDE/plugins/com.st.stm32cube.ide.mcu.externaltools.gnu-tools-for-stm32.12.3.rel1.win32_1.0.100.202403111256/tools/bin/../lib/gcc/arm-none-eabi/12.3.1/thumb/v8-m.main+fp/hard/crti.o
LOAD C:/ST/STM32CubeIDE_1.13.1/STM32CubeIDE/plugins/com.st.stm32cube.ide.mcu.externaltools.gnu-tools-for-stm32.12.3.rel1.win32_1.0.100.202403111256/tools/bin/../lib/gcc/arm-none-eabi/12.3.1/thumb/v8-m.main+fp/hard/crtbegin.o
LOAD C:/ST/STM32CubeIDE_1.13.1/STM32CubeIDE/plugins/com.st.stm32cube.ide.mcu.externaltools.gnu-tools-for-stm32.12.3.rel1.win32_1.0.100.202403111256/tools/bin/../lib/gcc/arm-none-eabi/12.3.1/../../../../arm-none-eabi/lib/thumb/v8-m.main+fp/hard/crt0.o
LOAD ./Core/Src/is31fl3236_driver.o
LOAD ./Core/Src/main.o
LOAD ./Core/Src/stm32h5xx_hal_msp.o
LOAD ./Core/Src/stm32h5xx_hal_timebase_tim.o
LOAD ./Core/Src/stm32h5xx_it.o
LOAD ./Core/Src/syscalls.o
LOAD ./Core/Src/sysmem.o
LOAD ./Core/Src/system_stm32h5xx.o
LOAD ./Core/Startup/startup_stm32h503rbtx.o
LOAD ./Drivers/STM32H5xx_HAL_Driver/Src/stm32h5xx_hal.o
LOAD ./Drivers/STM32H5xx_HAL_Driver/Src/stm32h5xx_hal_adc.o
LOAD ./Drivers/STM32H5xx_HAL_Driver/Src/stm32h5xx_hal_adc_ex.o
LOAD ./Drivers/STM32H5xx_HAL_Driver/Src/stm32h5xx_hal_cortex.o
LOAD ./Drivers/STM32H5xx_HAL_Driver/Src/stm32h5xx_hal_dac.o
LOAD ./Drivers/STM32H5xx_HAL_Driver/Src/stm32h5xx_hal_dac_ex.o
LOAD ./Drivers/STM32H5xx_HAL_Driver/Src/stm32h5xx_hal_dma.o
LOAD ./Drivers/STM32H5xx_HAL_Driver/Src/stm32h5xx_hal_dma_ex.o
LOAD ./Drivers/STM32H5xx_HAL_Driver/Src/stm32h5xx_hal_exti.o
LOAD ./Drivers/STM32H5xx_HAL_Driver/Src/stm32h5xx_hal_flash.o
LOAD ./Drivers/STM32H5xx_HAL_Driver/Src/stm32h5xx_hal_flash_ex.o
LOAD ./Drivers/STM32H5xx_HAL_Driver/Src/stm32h5xx_hal_gpio.o
LOAD ./Drivers/STM32H5xx_HAL_Driver/Src/stm32h5xx_hal_i2c.o
LOAD ./Drivers/STM32H5xx_HAL_Driver/Src/stm32h5xx_hal_i2c_ex.o
LOAD ./Drivers/STM32H5xx_HAL_Driver/Src/stm32h5xx_hal_icache.o
LOAD ./Drivers/STM32H5xx_HAL_Driver/Src/stm32h5xx_hal_pcd.o
LOAD ./Drivers/STM32H5xx_HAL_Driver/Src/stm32h5xx_hal_pcd_ex.o
LOAD ./Drivers/STM32H5xx_HAL_Driver/Src/stm32h5xx_hal_pwr.o
LOAD ./Drivers/STM32H5xx_HAL_Driver/Src/stm32h5xx_hal_pwr_ex.o
LOAD ./Drivers/STM32H5xx_HAL_Driver/Src/stm32h5xx_hal_rcc.o
LOAD ./Drivers/STM32H5xx_HAL_Driver/Src/stm32h5xx_hal_rcc_ex.o
LOAD ./Drivers/STM32H5xx_HAL_Driver/Src/stm32h5xx_hal_spi.o
LOAD ./Drivers/STM32H5xx_HAL_Driver/Src/stm32h5xx_hal_spi_ex.o
LOAD ./Drivers/STM32H5xx_HAL_Driver/Src/stm32h5xx_hal_tim.o
LOAD ./Drivers/STM32H5xx_HAL_Driver/Src/stm32h5xx_hal_tim_ex.o
LOAD ./Drivers/STM32H5xx_HAL_Driver/Src/stm32h5xx_hal_usart.o
LOAD ./Drivers/STM32H5xx_HAL_Driver/Src/stm32h5xx_hal_usart_ex.o
LOAD ./Drivers/STM32H5xx_HAL_Driver/Src/stm32h5xx_ll_usb.o
START GROUP
LOAD C:/ST/STM32CubeIDE_1.13.1/STM32CubeIDE/plugins/com.st.stm32cube.ide.mcu.externaltools.gnu-tools-for-stm32.12.3.rel1.win32_1.0.100.202403111256/tools/bin/../lib/gcc/arm-none-eabi/12.3.1/../../../../arm-none-eabi/lib/thumb/v8-m.main+fp/hard\libc_nano.a
LOAD C:/ST/STM32CubeIDE_1.13.1/STM32CubeIDE/plugins/com.st.stm32cube.ide.mcu.externaltools.gnu-tools-for-stm32.12.3.rel1.win32_1.0.100.202403111256/tools/bin/../lib/gcc/arm-none-eabi/12.3.1/../../../../arm-none-eabi/lib/thumb/v8-m.main+fp/hard\libm.a
END GROUP
START GROUP
LOAD C:/ST/STM32CubeIDE_1.13.1/STM32CubeIDE/plugins/com.st.stm32cube.ide.mcu.externaltools.gnu-tools-for-stm32.12.3.rel1.win32_1.0.100.202403111256/tools/bin/../lib/gcc/arm-none-eabi/12.3.1/thumb/v8-m.main+fp/hard\libgcc.a
LOAD C:/ST/STM32CubeIDE_1.13.1/STM32CubeIDE/plugins/com.st.stm32cube.ide.mcu.externaltools.gnu-tools-for-stm32.12.3.rel1.win32_1.0.100.202403111256/tools/bin/../lib/gcc/arm-none-eabi/12.3.1/../../../../arm-none-eabi/lib/thumb/v8-m.main+fp/hard\libc_nano.a
END GROUP
START GROUP
LOAD C:/ST/STM32CubeIDE_1.13.1/STM32CubeIDE/plugins/com.st.stm32cube.ide.mcu.externaltools.gnu-tools-for-stm32.12.3.rel1.win32_1.0.100.202403111256/tools/bin/../lib/gcc/arm-none-eabi/12.3.1/thumb/v8-m.main+fp/hard\libgcc.a
LOAD C:/ST/STM32CubeIDE_1.13.1/STM32CubeIDE/plugins/com.st.stm32cube.ide.mcu.externaltools.gnu-tools-for-stm32.12.3.rel1.win32_1.0.100.202403111256/tools/bin/../lib/gcc/arm-none-eabi/12.3.1/../../../../arm-none-eabi/lib/thumb/v8-m.main+fp/hard\libc_nano.a
LOAD C:/ST/STM32CubeIDE_1.13.1/STM32CubeIDE/plugins/com.st.stm32cube.ide.mcu.externaltools.gnu-tools-for-stm32.12.3.rel1.win32_1.0.100.202403111256/tools/bin/../lib/gcc/arm-none-eabi/12.3.1/../../../../arm-none-eabi/lib/thumb/v8-m.main+fp/hard\libnosys.a
END GROUP
START GROUP
LOAD C:/ST/STM32CubeIDE_1.13.1/STM32CubeIDE/plugins/com.st.stm32cube.ide.mcu.externaltools.gnu-tools-for-stm32.12.3.rel1.win32_1.0.100.202403111256/tools/bin/../lib/gcc/arm-none-eabi/12.3.1/thumb/v8-m.main+fp/hard\libgcc.a
LOAD C:/ST/STM32CubeIDE_1.13.1/STM32CubeIDE/plugins/com.st.stm32cube.ide.mcu.externaltools.gnu-tools-for-stm32.12.3.rel1.win32_1.0.100.202403111256/tools/bin/../lib/gcc/arm-none-eabi/12.3.1/../../../../arm-none-eabi/lib/thumb/v8-m.main+fp/hard\libc_nano.a
LOAD C:/ST/STM32CubeIDE_1.13.1/STM32CubeIDE/plugins/com.st.stm32cube.ide.mcu.externaltools.gnu-tools-for-stm32.12.3.rel1.win32_1.0.100.202403111256/tools/bin/../lib/gcc/arm-none-eabi/12.3.1/../../../../arm-none-eabi/lib/thumb/v8-m.main+fp/hard\libnosys.a
END GROUP
LOAD C:/ST/STM32CubeIDE_1.13.1/STM32CubeIDE/plugins/com.st.stm32cube.ide.mcu.externaltools.gnu-tools-for-stm32.12.3.rel1.win32_1.0.100.202403111256/tools/bin/../lib/gcc/arm-none-eabi/12.3.1/thumb/v8-m.main+fp/hard/crtend.o
LOAD C:/ST/STM32CubeIDE_1.13.1/STM32CubeIDE/plugins/com.st.stm32cube.ide.mcu.externaltools.gnu-tools-for-stm32.12.3.rel1.win32_1.0.100.202403111256/tools/bin/../lib/gcc/arm-none-eabi/12.3.1/thumb/v8-m.main+fp/hard/crtn.o
                0x20008000                        _estack = (ORIGIN (RAM) + LENGTH (RAM))
                0x00000200                        _Min_Heap_Size = 0x200
                0x00000400                        _Min_Stack_Size = 0x400

.isr_vector     0x08000000      0x258
                0x08000000                        . = ALIGN (0x4)
 *(.isr_vector)
 .isr_vector    0x08000000      0x258 ./Core/Startup/startup_stm32h503rbtx.o
                0x08000000                g_pfnVectors
                0x08000258                        . = ALIGN (0x4)

.text           0x08000258     0x74a0
                0x08000258                        . = ALIGN (0x4)
 *(.text)
 .text          0x08000258       0x40 C:/ST/STM32CubeIDE_1.13.1/STM32CubeIDE/plugins/com.st.stm32cube.ide.mcu.externaltools.gnu-tools-for-stm32.12.3.rel1.win32_1.0.100.202403111256/tools/bin/../lib/gcc/arm-none-eabi/12.3.1/thumb/v8-m.main+fp/hard/crtbegin.o
 *(.text*)
 .text.IS31FL3236_Init
                0x08000298       0x26 ./Core/Src/is31fl3236_driver.o
                0x08000298                IS31FL3236_Init
 .text.IS31FL3236_SetChipEnable
                0x080002be       0x24 ./Core/Src/is31fl3236_driver.o
                0x080002be                IS31FL3236_SetChipEnable
 .text.IS31FL3236_WriteRegister
                0x080002e2       0x3a ./Core/Src/is31fl3236_driver.o
                0x080002e2                IS31FL3236_WriteRegister
 .text.IS31FL3236_Reset
                0x0800031c       0x1a ./Core/Src/is31fl3236_driver.o
                0x0800031c                IS31FL3236_Reset
 .text.IS31FL3236_Update
                0x08000336       0x1a ./Core/Src/is31fl3236_driver.o
                0x08000336                IS31FL3236_Update
 .text.IS31FL3236_WriteLEDControl
                0x08000350       0x3e ./Core/Src/is31fl3236_driver.o
                0x08000350                IS31FL3236_WriteLEDControl
 .text.IS31FL3236_WriteSelectedLEDControl
                0x0800038e       0x5c ./Core/Src/is31fl3236_driver.o
                0x0800038e                IS31FL3236_WriteSelectedLEDControl
 *fill*         0x080003ea        0x2 
 .text.IS31FL3236_RotateSelectedChannels
                0x080003ec       0xb4 ./Core/Src/is31fl3236_driver.o
                0x080003ec                IS31FL3236_RotateSelectedChannels
 .text.IS31FL3236_WriteGlobalLEDControl
                0x080004a0       0x38 ./Core/Src/is31fl3236_driver.o
                0x080004a0                IS31FL3236_WriteGlobalLEDControl
 .text.IS31FL3236_WritePWM
                0x080004d8       0x2e ./Core/Src/is31fl3236_driver.o
                0x080004d8                IS31FL3236_WritePWM
 .text.IS31FL3236_SetSoftwareShutdown
                0x08000506       0x20 ./Core/Src/is31fl3236_driver.o
                0x08000506                IS31FL3236_SetSoftwareShutdown
 *fill*         0x08000526        0x2 
 .text.main     0x08000528      0x154 ./Core/Src/main.o
                0x08000528                main
 .text.SystemClock_Config
                0x0800067c       0xe8 ./Core/Src/main.o
                0x0800067c                SystemClock_Config
 .text.MX_ADC1_Init
                0x08000764       0xc8 ./Core/Src/main.o
 .text.MX_DAC1_Init
                0x0800082c       0x84 ./Core/Src/main.o
 .text.MX_I2C1_Init
                0x080008b0       0x80 ./Core/Src/main.o
 .text.MX_I2C2_Init
                0x08000930       0x80 ./Core/Src/main.o
 .text.MX_ICACHE_Init
                0x080009b0       0x26 ./Core/Src/main.o
 .text.MX_SAU_Init
                0x080009d6        0xe ./Core/Src/main.o
 .text.MX_SPI1_Init
                0x080009e4       0xac ./Core/Src/main.o
 .text.MX_TIM2_Init
                0x08000a90       0xb4 ./Core/Src/main.o
 .text.MX_TIM3_Init
                0x08000b44       0xb4 ./Core/Src/main.o
 .text.MX_USART3_Init
                0x08000bf8       0x98 ./Core/Src/main.o
 .text.MX_USB_PCD_Init
                0x08000c90       0x64 ./Core/Src/main.o
 .text.MX_GPIO_Init
                0x08000cf4      0x1c8 ./Core/Src/main.o
 .text.HAL_TIM_PeriodElapsedCallback
                0x08000ebc       0x24 ./Core/Src/main.o
                0x08000ebc                HAL_TIM_PeriodElapsedCallback
 .text.Error_Handler
                0x08000ee0        0xc ./Core/Src/main.o
                0x08000ee0                Error_Handler
 .text.HAL_MspInit
                0x08000eec        0xe ./Core/Src/stm32h5xx_hal_msp.o
                0x08000eec                HAL_MspInit
 *fill*         0x08000efa        0x2 
 .text.HAL_ADC_MspInit
                0x08000efc      0x104 ./Core/Src/stm32h5xx_hal_msp.o
                0x08000efc                HAL_ADC_MspInit
 .text.HAL_DAC_MspInit
                0x08001000       0xc0 ./Core/Src/stm32h5xx_hal_msp.o
                0x08001000                HAL_DAC_MspInit
 .text.HAL_I2C_MspInit
                0x080010c0      0x19c ./Core/Src/stm32h5xx_hal_msp.o
                0x080010c0                HAL_I2C_MspInit
 .text.HAL_SPI_MspInit
                0x0800125c       0xf8 ./Core/Src/stm32h5xx_hal_msp.o
                0x0800125c                HAL_SPI_MspInit
 .text.HAL_TIM_PWM_MspInit
                0x08001354       0x70 ./Core/Src/stm32h5xx_hal_msp.o
                0x08001354                HAL_TIM_PWM_MspInit
 .text.HAL_TIM_MspPostInit
                0x080013c4       0xc4 ./Core/Src/stm32h5xx_hal_msp.o
                0x080013c4                HAL_TIM_MspPostInit
 .text.HAL_USART_MspInit
                0x08001488      0x11c ./Core/Src/stm32h5xx_hal_msp.o
                0x08001488                HAL_USART_MspInit
 .text.HAL_PCD_MspInit
                0x080015a4       0x74 ./Core/Src/stm32h5xx_hal_msp.o
                0x080015a4                HAL_PCD_MspInit
 .text.HAL_InitTick
                0x08001618       0xd8 ./Core/Src/stm32h5xx_hal_timebase_tim.o
                0x08001618                HAL_InitTick
 .text.NMI_Handler
                0x080016f0        0x8 ./Core/Src/stm32h5xx_it.o
                0x080016f0                NMI_Handler
 .text.HardFault_Handler
                0x080016f8        0x8 ./Core/Src/stm32h5xx_it.o
                0x080016f8                HardFault_Handler
 .text.MemManage_Handler
                0x08001700        0x8 ./Core/Src/stm32h5xx_it.o
                0x08001700                MemManage_Handler
 .text.BusFault_Handler
                0x08001708        0x8 ./Core/Src/stm32h5xx_it.o
                0x08001708                BusFault_Handler
 .text.UsageFault_Handler
                0x08001710        0x8 ./Core/Src/stm32h5xx_it.o
                0x08001710                UsageFault_Handler
 .text.SVC_Handler
                0x08001718        0xe ./Core/Src/stm32h5xx_it.o
                0x08001718                SVC_Handler
 .text.DebugMon_Handler
                0x08001726        0xe ./Core/Src/stm32h5xx_it.o
                0x08001726                DebugMon_Handler
 .text.PendSV_Handler
                0x08001734        0xe ./Core/Src/stm32h5xx_it.o
                0x08001734                PendSV_Handler
 .text.SysTick_Handler
                0x08001742        0xe ./Core/Src/stm32h5xx_it.o
                0x08001742                SysTick_Handler
 .text.TIM1_UP_IRQHandler
                0x08001750       0x14 ./Core/Src/stm32h5xx_it.o
                0x08001750                TIM1_UP_IRQHandler
 .text.SystemInit
                0x08001764       0xe4 ./Core/Src/system_stm32h5xx.o
                0x08001764                SystemInit
 .text.Reset_Handler
                0x08001848       0x50 ./Core/Startup/startup_stm32h503rbtx.o
                0x08001848                Reset_Handler
 .text.Default_Handler
                0x08001898        0x2 ./Core/Startup/startup_stm32h503rbtx.o
                0x08001898                EXTI2_IRQHandler
                0x08001898                EXTI5_IRQHandler
                0x08001898                I3C1_ER_IRQHandler
                0x08001898                GPDMA2_Channel1_IRQHandler
                0x08001898                EXTI13_IRQHandler
                0x08001898                TIM1_CC_IRQHandler
                0x08001898                GPDMA2_Channel3_IRQHandler
                0x08001898                TAMP_IRQHandler
                0x08001898                TIM6_IRQHandler
                0x08001898                EXTI12_IRQHandler
                0x08001898                USB_DRD_FS_IRQHandler
                0x08001898                EXTI3_IRQHandler
                0x08001898                GPDMA1_Channel5_IRQHandler
                0x08001898                EXTI8_IRQHandler
                0x08001898                GPDMA2_Channel5_IRQHandler
                0x08001898                LPTIM2_IRQHandler
                0x08001898                GPDMA2_Channel2_IRQHandler
                0x08001898                EXTI0_IRQHandler
                0x08001898                I2C2_EV_IRQHandler
                0x08001898                FPU_IRQHandler
                0x08001898                GPDMA1_Channel3_IRQHandler
                0x08001898                GPDMA1_Channel7_IRQHandler
                0x08001898                FDCAN1_IT1_IRQHandler
                0x08001898                RAMCFG_IRQHandler
                0x08001898                SPI1_IRQHandler
                0x08001898                GPDMA1_Channel2_IRQHandler
                0x08001898                ADC1_IRQHandler
                0x08001898                I3C2_ER_IRQHandler
                0x08001898                EXTI15_IRQHandler
                0x08001898                USART3_IRQHandler
                0x08001898                RTC_IRQHandler
                0x08001898                EXTI9_IRQHandler
                0x08001898                I3C2_EV_IRQHandler
                0x08001898                I2C1_EV_IRQHandler
                0x08001898                GPDMA1_Channel1_IRQHandler
                0x08001898                TIM3_IRQHandler
                0x08001898                RCC_IRQHandler
                0x08001898                TIM1_TRG_COM_IRQHandler
                0x08001898                Default_Handler
                0x08001898                GPDMA2_Channel4_IRQHandler
                0x08001898                TIM7_IRQHandler
                0x08001898                GPDMA1_Channel0_IRQHandler
                0x08001898                I3C1_EV_IRQHandler
                0x08001898                PVD_AVD_IRQHandler
                0x08001898                SPI2_IRQHandler
                0x08001898                EXTI14_IRQHandler
                0x08001898                EXTI11_IRQHandler
                0x08001898                CRS_IRQHandler
                0x08001898                EXTI4_IRQHandler
                0x08001898                GPDMA2_Channel0_IRQHandler
                0x08001898                RNG_IRQHandler
                0x08001898                GPDMA2_Channel6_IRQHandler
                0x08001898                WWDG_IRQHandler
                0x08001898                IWDG_IRQHandler
                0x08001898                LPUART1_IRQHandler
                0x08001898                FDCAN1_IT0_IRQHandler
                0x08001898                TIM2_IRQHandler
                0x08001898                GPDMA1_Channel4_IRQHandler
                0x08001898                EXTI7_IRQHandler
                0x08001898                TIM1_BRK_IRQHandler
                0x08001898                EXTI1_IRQHandler
                0x08001898                DAC1_IRQHandler
                0x08001898                DTS_IRQHandler
                0x08001898                GTZC_IRQHandler
                0x08001898                USART2_IRQHandler
                0x08001898                GPDMA1_Channel6_IRQHandler
                0x08001898                GPDMA2_Channel7_IRQHandler
                0x08001898                I2C2_ER_IRQHandler
                0x08001898                FLASH_IRQHandler
                0x08001898                USART1_IRQHandler
                0x08001898                EXTI10_IRQHandler
                0x08001898                SPI3_IRQHandler
                0x08001898                I2C1_ER_IRQHandler
                0x08001898                EXTI6_IRQHandler
                0x08001898                COMP1_IRQHandler
                0x08001898                LPTIM1_IRQHandler
                0x08001898                ICACHE_IRQHandler
                0x08001898                HASH_IRQHandler
 *fill*         0x0800189a        0x2 
 .text.HAL_Init
                0x0800189c       0x50 ./Drivers/STM32H5xx_HAL_Driver/Src/stm32h5xx_hal.o
                0x0800189c                HAL_Init
 .text.HAL_IncTick
                0x080018ec       0x28 ./Drivers/STM32H5xx_HAL_Driver/Src/stm32h5xx_hal.o
                0x080018ec                HAL_IncTick
 .text.HAL_GetTick
                0x08001914       0x18 ./Drivers/STM32H5xx_HAL_Driver/Src/stm32h5xx_hal.o
                0x08001914                HAL_GetTick
 .text.HAL_Delay
                0x0800192c       0x48 ./Drivers/STM32H5xx_HAL_Driver/Src/stm32h5xx_hal.o
                0x0800192c                HAL_Delay
 .text.LL_ADC_SetCommonClock
                0x08001974       0x26 ./Drivers/STM32H5xx_HAL_Driver/Src/stm32h5xx_hal_adc.o
 .text.LL_ADC_SetCommonPathInternalCh
                0x0800199a       0x26 ./Drivers/STM32H5xx_HAL_Driver/Src/stm32h5xx_hal_adc.o
 .text.LL_ADC_GetCommonPathInternalCh
                0x080019c0       0x1c ./Drivers/STM32H5xx_HAL_Driver/Src/stm32h5xx_hal_adc.o
 .text.LL_ADC_EnableChannelVDDcore
                0x080019dc       0x24 ./Drivers/STM32H5xx_HAL_Driver/Src/stm32h5xx_hal_adc.o
 .text.LL_ADC_EnableChannel0_GPIO
                0x08001a00       0x28 ./Drivers/STM32H5xx_HAL_Driver/Src/stm32h5xx_hal_adc.o
 .text.LL_ADC_SetOffset
                0x08001a28       0x48 ./Drivers/STM32H5xx_HAL_Driver/Src/stm32h5xx_hal_adc.o
 .text.LL_ADC_GetOffsetChannel
                0x08001a70       0x2c ./Drivers/STM32H5xx_HAL_Driver/Src/stm32h5xx_hal_adc.o
 .text.LL_ADC_SetOffsetState
                0x08001a9c       0x36 ./Drivers/STM32H5xx_HAL_Driver/Src/stm32h5xx_hal_adc.o
 .text.LL_ADC_SetOffsetSign
                0x08001ad2       0x36 ./Drivers/STM32H5xx_HAL_Driver/Src/stm32h5xx_hal_adc.o
 .text.LL_ADC_SetOffsetSaturation
                0x08001b08       0x36 ./Drivers/STM32H5xx_HAL_Driver/Src/stm32h5xx_hal_adc.o
 .text.LL_ADC_SetSamplingTimeCommonConfig
                0x08001b3e       0x26 ./Drivers/STM32H5xx_HAL_Driver/Src/stm32h5xx_hal_adc.o
 .text.LL_ADC_REG_SetSequencerRanks
                0x08001b64       0x58 ./Drivers/STM32H5xx_HAL_Driver/Src/stm32h5xx_hal_adc.o
 .text.LL_ADC_SetChannelSamplingTime
                0x08001bbc       0x56 ./Drivers/STM32H5xx_HAL_Driver/Src/stm32h5xx_hal_adc.o
 *fill*         0x08001c12        0x2 
 .text.LL_ADC_SetChannelSingleDiff
                0x08001c14       0x48 ./Drivers/STM32H5xx_HAL_Driver/Src/stm32h5xx_hal_adc.o
 .text.LL_ADC_DisableDeepPowerDown
                0x08001c5c       0x24 ./Drivers/STM32H5xx_HAL_Driver/Src/stm32h5xx_hal_adc.o
 .text.LL_ADC_IsDeepPowerDownEnabled
                0x08001c80       0x28 ./Drivers/STM32H5xx_HAL_Driver/Src/stm32h5xx_hal_adc.o
 .text.LL_ADC_EnableInternalRegulator
                0x08001ca8       0x28 ./Drivers/STM32H5xx_HAL_Driver/Src/stm32h5xx_hal_adc.o
 .text.LL_ADC_IsInternalRegulatorEnabled
                0x08001cd0       0x28 ./Drivers/STM32H5xx_HAL_Driver/Src/stm32h5xx_hal_adc.o
 .text.LL_ADC_IsEnabled
                0x08001cf8       0x26 ./Drivers/STM32H5xx_HAL_Driver/Src/stm32h5xx_hal_adc.o
 .text.LL_ADC_REG_IsConversionOngoing
                0x08001d1e       0x26 ./Drivers/STM32H5xx_HAL_Driver/Src/stm32h5xx_hal_adc.o
 .text.LL_ADC_INJ_IsConversionOngoing
                0x08001d44       0x26 ./Drivers/STM32H5xx_HAL_Driver/Src/stm32h5xx_hal_adc.o
 *fill*         0x08001d6a        0x2 
 .text.HAL_ADC_Init
                0x08001d6c      0x29c ./Drivers/STM32H5xx_HAL_Driver/Src/stm32h5xx_hal_adc.o
                0x08001d6c                HAL_ADC_Init
 .text.HAL_ADC_ConfigChannel
                0x08002008      0x800 ./Drivers/STM32H5xx_HAL_Driver/Src/stm32h5xx_hal_adc.o
                0x08002008                HAL_ADC_ConfigChannel
 .text.__NVIC_SetPriorityGrouping
                0x08002808       0x48 ./Drivers/STM32H5xx_HAL_Driver/Src/stm32h5xx_hal_cortex.o
 .text.__NVIC_GetPriorityGrouping
                0x08002850       0x1c ./Drivers/STM32H5xx_HAL_Driver/Src/stm32h5xx_hal_cortex.o
 .text.__NVIC_EnableIRQ
                0x0800286c       0x3c ./Drivers/STM32H5xx_HAL_Driver/Src/stm32h5xx_hal_cortex.o
 .text.__NVIC_SetPriority
                0x080028a8       0x54 ./Drivers/STM32H5xx_HAL_Driver/Src/stm32h5xx_hal_cortex.o
 .text.NVIC_EncodePriority
                0x080028fc       0x66 ./Drivers/STM32H5xx_HAL_Driver/Src/stm32h5xx_hal_cortex.o
 .text.HAL_NVIC_SetPriorityGrouping
                0x08002962       0x16 ./Drivers/STM32H5xx_HAL_Driver/Src/stm32h5xx_hal_cortex.o
                0x08002962                HAL_NVIC_SetPriorityGrouping
 .text.HAL_NVIC_SetPriority
                0x08002978       0x34 ./Drivers/STM32H5xx_HAL_Driver/Src/stm32h5xx_hal_cortex.o
                0x08002978                HAL_NVIC_SetPriority
 .text.HAL_NVIC_EnableIRQ
                0x080029ac       0x1c ./Drivers/STM32H5xx_HAL_Driver/Src/stm32h5xx_hal_cortex.o
                0x080029ac                HAL_NVIC_EnableIRQ
 .text.HAL_SYSTICK_CLKSourceConfig
                0x080029c8       0xb0 ./Drivers/STM32H5xx_HAL_Driver/Src/stm32h5xx_hal_cortex.o
                0x080029c8                HAL_SYSTICK_CLKSourceConfig
 .text.HAL_DAC_Init
                0x08002a78       0x44 ./Drivers/STM32H5xx_HAL_Driver/Src/stm32h5xx_hal_dac.o
                0x08002a78                HAL_DAC_Init
 .text.HAL_DAC_ConfigChannel
                0x08002abc      0x36c ./Drivers/STM32H5xx_HAL_Driver/Src/stm32h5xx_hal_dac.o
                0x08002abc                HAL_DAC_ConfigChannel
 .text.HAL_GPIO_Init
                0x08002e28      0x2a4 ./Drivers/STM32H5xx_HAL_Driver/Src/stm32h5xx_hal_gpio.o
                0x08002e28                HAL_GPIO_Init
 .text.HAL_GPIO_WritePin
                0x080030cc       0x30 ./Drivers/STM32H5xx_HAL_Driver/Src/stm32h5xx_hal_gpio.o
                0x080030cc                HAL_GPIO_WritePin
 .text.HAL_I2C_Init
                0x080030fc      0x136 ./Drivers/STM32H5xx_HAL_Driver/Src/stm32h5xx_hal_i2c.o
                0x080030fc                HAL_I2C_Init
 *fill*         0x08003232        0x2 
 .text.HAL_I2C_Master_Transmit
                0x08003234      0x1e8 ./Drivers/STM32H5xx_HAL_Driver/Src/stm32h5xx_hal_i2c.o
                0x08003234                HAL_I2C_Master_Transmit
 .text.I2C_Flush_TXDR
                0x0800341c       0x48 ./Drivers/STM32H5xx_HAL_Driver/Src/stm32h5xx_hal_i2c.o
 .text.I2C_WaitOnFlagUntilTimeout
                0x08003464       0xb2 ./Drivers/STM32H5xx_HAL_Driver/Src/stm32h5xx_hal_i2c.o
 .text.I2C_WaitOnTXISFlagUntilTimeout
                0x08003516       0x8e ./Drivers/STM32H5xx_HAL_Driver/Src/stm32h5xx_hal_i2c.o
 .text.I2C_WaitOnSTOPFlagUntilTimeout
                0x080035a4       0x86 ./Drivers/STM32H5xx_HAL_Driver/Src/stm32h5xx_hal_i2c.o
 *fill*         0x0800362a        0x2 
 .text.I2C_IsErrorOccurred
                0x0800362c      0x1c0 ./Drivers/STM32H5xx_HAL_Driver/Src/stm32h5xx_hal_i2c.o
 .text.I2C_TransferConfig
                0x080037ec       0x64 ./Drivers/STM32H5xx_HAL_Driver/Src/stm32h5xx_hal_i2c.o
 .text.HAL_I2CEx_ConfigAnalogFilter
                0x08003850       0x96 ./Drivers/STM32H5xx_HAL_Driver/Src/stm32h5xx_hal_i2c_ex.o
                0x08003850                HAL_I2CEx_ConfigAnalogFilter
 .text.HAL_I2CEx_ConfigDigitalFilter
                0x080038e6       0x98 ./Drivers/STM32H5xx_HAL_Driver/Src/stm32h5xx_hal_i2c_ex.o
                0x080038e6                HAL_I2CEx_ConfigDigitalFilter
 *fill*         0x0800397e        0x2 
 .text.HAL_ICACHE_ConfigAssociativityMode
                0x08003980       0x40 ./Drivers/STM32H5xx_HAL_Driver/Src/stm32h5xx_hal_icache.o
                0x08003980                HAL_ICACHE_ConfigAssociativityMode
 .text.HAL_ICACHE_Enable
                0x080039c0       0x20 ./Drivers/STM32H5xx_HAL_Driver/Src/stm32h5xx_hal_icache.o
                0x080039c0                HAL_ICACHE_Enable
 .text.HAL_PCD_Init
                0x080039e0      0x1a2 ./Drivers/STM32H5xx_HAL_Driver/Src/stm32h5xx_hal_pcd.o
                0x080039e0                HAL_PCD_Init
 .text.HAL_PCDEx_ActivateLPM
                0x08003b82       0x44 ./Drivers/STM32H5xx_HAL_Driver/Src/stm32h5xx_hal_pcd_ex.o
                0x08003b82                HAL_PCDEx_ActivateLPM
 *fill*         0x08003bc6        0x2 
 .text.HAL_RCC_OscConfig
                0x08003bc8      0x870 ./Drivers/STM32H5xx_HAL_Driver/Src/stm32h5xx_hal_rcc.o
                0x08003bc8                HAL_RCC_OscConfig
 .text.HAL_RCC_ClockConfig
                0x08004438      0x370 ./Drivers/STM32H5xx_HAL_Driver/Src/stm32h5xx_hal_rcc.o
                0x08004438                HAL_RCC_ClockConfig
 .text.HAL_RCC_GetSysClockFreq
                0x080047a8      0x258 ./Drivers/STM32H5xx_HAL_Driver/Src/stm32h5xx_hal_rcc.o
                0x080047a8                HAL_RCC_GetSysClockFreq
 .text.HAL_RCC_GetHCLKFreq
                0x08004a00       0x38 ./Drivers/STM32H5xx_HAL_Driver/Src/stm32h5xx_hal_rcc.o
                0x08004a00                HAL_RCC_GetHCLKFreq
 .text.HAL_RCC_GetPCLK1Freq
                0x08004a38       0x2c ./Drivers/STM32H5xx_HAL_Driver/Src/stm32h5xx_hal_rcc.o
                0x08004a38                HAL_RCC_GetPCLK1Freq
 .text.HAL_RCC_GetPCLK2Freq
                0x08004a64       0x2c ./Drivers/STM32H5xx_HAL_Driver/Src/stm32h5xx_hal_rcc.o
                0x08004a64                HAL_RCC_GetPCLK2Freq
 .text.HAL_RCC_GetClockConfig
                0x08004a90       0x70 ./Drivers/STM32H5xx_HAL_Driver/Src/stm32h5xx_hal_rcc.o
                0x08004a90                HAL_RCC_GetClockConfig
 .text.HAL_RCCEx_PeriphCLKConfig
                0x08004b00      0xc48 ./Drivers/STM32H5xx_HAL_Driver/Src/stm32h5xx_hal_rcc_ex.o
                0x08004b00                HAL_RCCEx_PeriphCLKConfig
 .text.HAL_RCCEx_GetPLL2ClockFreq
                0x08005748      0x2d4 ./Drivers/STM32H5xx_HAL_Driver/Src/stm32h5xx_hal_rcc_ex.o
                0x08005748                HAL_RCCEx_GetPLL2ClockFreq
 .text.RCCEx_PLL2_Config
                0x08005a1c      0x130 ./Drivers/STM32H5xx_HAL_Driver/Src/stm32h5xx_hal_rcc_ex.o
 .text.HAL_SPI_Init
                0x08005b4c      0x1f8 ./Drivers/STM32H5xx_HAL_Driver/Src/stm32h5xx_hal_spi.o
                0x08005b4c                HAL_SPI_Init
 .text.SPI_GetPacketSize
                0x08005d44       0x36 ./Drivers/STM32H5xx_HAL_Driver/Src/stm32h5xx_hal_spi.o
 .text.HAL_TIM_Base_Init
                0x08005d7a       0xae ./Drivers/STM32H5xx_HAL_Driver/Src/stm32h5xx_hal_tim.o
                0x08005d7a                HAL_TIM_Base_Init
 .text.HAL_TIM_Base_MspInit
                0x08005e28       0x14 ./Drivers/STM32H5xx_HAL_Driver/Src/stm32h5xx_hal_tim.o
                0x08005e28                HAL_TIM_Base_MspInit
 .text.HAL_TIM_Base_Start_IT
                0x08005e3c       0xa8 ./Drivers/STM32H5xx_HAL_Driver/Src/stm32h5xx_hal_tim.o
                0x08005e3c                HAL_TIM_Base_Start_IT
 .text.HAL_TIM_PWM_Init
                0x08005ee4       0xae ./Drivers/STM32H5xx_HAL_Driver/Src/stm32h5xx_hal_tim.o
                0x08005ee4                HAL_TIM_PWM_Init
 .text.HAL_TIM_IRQHandler
                0x08005f92      0x29e ./Drivers/STM32H5xx_HAL_Driver/Src/stm32h5xx_hal_tim.o
                0x08005f92                HAL_TIM_IRQHandler
 .text.HAL_TIM_PWM_ConfigChannel
                0x08006230      0x228 ./Drivers/STM32H5xx_HAL_Driver/Src/stm32h5xx_hal_tim.o
                0x08006230                HAL_TIM_PWM_ConfigChannel
 .text.HAL_TIM_OC_DelayElapsedCallback
                0x08006458       0x14 ./Drivers/STM32H5xx_HAL_Driver/Src/stm32h5xx_hal_tim.o
                0x08006458                HAL_TIM_OC_DelayElapsedCallback
 .text.HAL_TIM_IC_CaptureCallback
                0x0800646c       0x14 ./Drivers/STM32H5xx_HAL_Driver/Src/stm32h5xx_hal_tim.o
                0x0800646c                HAL_TIM_IC_CaptureCallback
 .text.HAL_TIM_PWM_PulseFinishedCallback
                0x08006480       0x14 ./Drivers/STM32H5xx_HAL_Driver/Src/stm32h5xx_hal_tim.o
                0x08006480                HAL_TIM_PWM_PulseFinishedCallback
 .text.HAL_TIM_TriggerCallback
                0x08006494       0x14 ./Drivers/STM32H5xx_HAL_Driver/Src/stm32h5xx_hal_tim.o
                0x08006494                HAL_TIM_TriggerCallback
 .text.TIM_Base_SetConfig
                0x080064a8       0xcc ./Drivers/STM32H5xx_HAL_Driver/Src/stm32h5xx_hal_tim.o
                0x080064a8                TIM_Base_SetConfig
 .text.TIM_OC1_SetConfig
                0x08006574       0xd0 ./Drivers/STM32H5xx_HAL_Driver/Src/stm32h5xx_hal_tim.o
 .text.TIM_OC2_SetConfig
                0x08006644       0xdc ./Drivers/STM32H5xx_HAL_Driver/Src/stm32h5xx_hal_tim.o
                0x08006644                TIM_OC2_SetConfig
 .text.TIM_OC3_SetConfig
                0x08006720       0xd8 ./Drivers/STM32H5xx_HAL_Driver/Src/stm32h5xx_hal_tim.o
 .text.TIM_OC4_SetConfig
                0x080067f8       0xdc ./Drivers/STM32H5xx_HAL_Driver/Src/stm32h5xx_hal_tim.o
 .text.TIM_OC5_SetConfig
                0x080068d4       0x98 ./Drivers/STM32H5xx_HAL_Driver/Src/stm32h5xx_hal_tim.o
 .text.TIM_OC6_SetConfig
                0x0800696c       0x9c ./Drivers/STM32H5xx_HAL_Driver/Src/stm32h5xx_hal_tim.o
 .text.HAL_TIMEx_MasterConfigSynchronization
                0x08006a08       0xd0 ./Drivers/STM32H5xx_HAL_Driver/Src/stm32h5xx_hal_tim_ex.o
                0x08006a08                HAL_TIMEx_MasterConfigSynchronization
 .text.HAL_TIMEx_CommutCallback
                0x08006ad8       0x14 ./Drivers/STM32H5xx_HAL_Driver/Src/stm32h5xx_hal_tim_ex.o
                0x08006ad8                HAL_TIMEx_CommutCallback
 .text.HAL_TIMEx_BreakCallback
                0x08006aec       0x14 ./Drivers/STM32H5xx_HAL_Driver/Src/stm32h5xx_hal_tim_ex.o
                0x08006aec                HAL_TIMEx_BreakCallback
 .text.HAL_TIMEx_Break2Callback
                0x08006b00       0x14 ./Drivers/STM32H5xx_HAL_Driver/Src/stm32h5xx_hal_tim_ex.o
                0x08006b00                HAL_TIMEx_Break2Callback
 .text.HAL_TIMEx_EncoderIndexCallback
                0x08006b14       0x14 ./Drivers/STM32H5xx_HAL_Driver/Src/stm32h5xx_hal_tim_ex.o
                0x08006b14                HAL_TIMEx_EncoderIndexCallback
 .text.HAL_TIMEx_DirectionChangeCallback
                0x08006b28       0x14 ./Drivers/STM32H5xx_HAL_Driver/Src/stm32h5xx_hal_tim_ex.o
                0x08006b28                HAL_TIMEx_DirectionChangeCallback
 .text.HAL_TIMEx_IndexErrorCallback
                0x08006b3c       0x14 ./Drivers/STM32H5xx_HAL_Driver/Src/stm32h5xx_hal_tim_ex.o
                0x08006b3c                HAL_TIMEx_IndexErrorCallback
 .text.HAL_TIMEx_TransitionErrorCallback
                0x08006b50       0x14 ./Drivers/STM32H5xx_HAL_Driver/Src/stm32h5xx_hal_tim_ex.o
                0x08006b50                HAL_TIMEx_TransitionErrorCallback
 .text.HAL_USART_Init
                0x08006b64       0x94 ./Drivers/STM32H5xx_HAL_Driver/Src/stm32h5xx_hal_usart.o
                0x08006b64                HAL_USART_Init
 .text.USART_WaitOnFlagUntilTimeout
                0x08006bf8       0x6c ./Drivers/STM32H5xx_HAL_Driver/Src/stm32h5xx_hal_usart.o
 .text.USART_SetConfig
                0x08006c64      0x6e8 ./Drivers/STM32H5xx_HAL_Driver/Src/stm32h5xx_hal_usart.o
 .text.USART_CheckIdleState
                0x0800734c       0x86 ./Drivers/STM32H5xx_HAL_Driver/Src/stm32h5xx_hal_usart.o
 .text.HAL_USARTEx_DisableFifoMode
                0x080073d2       0x72 ./Drivers/STM32H5xx_HAL_Driver/Src/stm32h5xx_hal_usart_ex.o
                0x080073d2                HAL_USARTEx_DisableFifoMode
 .text.HAL_USARTEx_SetTxFifoThreshold
                0x08007444       0x7c ./Drivers/STM32H5xx_HAL_Driver/Src/stm32h5xx_hal_usart_ex.o
                0x08007444                HAL_USARTEx_SetTxFifoThreshold
 .text.HAL_USARTEx_SetRxFifoThreshold
                0x080074c0       0x7c ./Drivers/STM32H5xx_HAL_Driver/Src/stm32h5xx_hal_usart_ex.o
                0x080074c0                HAL_USARTEx_SetRxFifoThreshold
 .text.USARTEx_SetNbDataToProcess
                0x0800753c       0x94 ./Drivers/STM32H5xx_HAL_Driver/Src/stm32h5xx_hal_usart_ex.o
 .text.USB_DisableGlobalInt
                0x080075d0       0x2a ./Drivers/STM32H5xx_HAL_Driver/Src/stm32h5xx_ll_usb.o
                0x080075d0                USB_DisableGlobalInt
 .text.USB_SetCurrentMode
                0x080075fa       0x46 ./Drivers/STM32H5xx_HAL_Driver/Src/stm32h5xx_ll_usb.o
                0x080075fa                USB_SetCurrentMode
 .text.USB_DevInit
                0x08007640       0x46 ./Drivers/STM32H5xx_HAL_Driver/Src/stm32h5xx_ll_usb.o
                0x08007640                USB_DevInit
 .text.memset   0x08007686       0x10 C:/ST/STM32CubeIDE_1.13.1/STM32CubeIDE/plugins/com.st.stm32cube.ide.mcu.externaltools.gnu-tools-for-stm32.12.3.rel1.win32_1.0.100.202403111256/tools/bin/../lib/gcc/arm-none-eabi/12.3.1/../../../../arm-none-eabi/lib/thumb/v8-m.main+fp/hard\libc_nano.a(libc_a-memset.o)
                0x08007686                memset
 *fill*         0x08007696        0x2 
 .text.__libc_init_array
                0x08007698       0x48 C:/ST/STM32CubeIDE_1.13.1/STM32CubeIDE/plugins/com.st.stm32cube.ide.mcu.externaltools.gnu-tools-for-stm32.12.3.rel1.win32_1.0.100.202403111256/tools/bin/../lib/gcc/arm-none-eabi/12.3.1/../../../../arm-none-eabi/lib/thumb/v8-m.main+fp/hard\libc_nano.a(libc_a-init.o)
                0x08007698                __libc_init_array
 *(.glue_7)
 .glue_7        0x080076e0        0x0 linker stubs
 *(.glue_7t)
 .glue_7t       0x080076e0        0x0 linker stubs
 *(.eh_frame)
 .eh_frame      0x080076e0        0x0 C:/ST/STM32CubeIDE_1.13.1/STM32CubeIDE/plugins/com.st.stm32cube.ide.mcu.externaltools.gnu-tools-for-stm32.12.3.rel1.win32_1.0.100.202403111256/tools/bin/../lib/gcc/arm-none-eabi/12.3.1/thumb/v8-m.main+fp/hard/crtbegin.o
 *(.init)
 .init          0x080076e0        0x4 C:/ST/STM32CubeIDE_1.13.1/STM32CubeIDE/plugins/com.st.stm32cube.ide.mcu.externaltools.gnu-tools-for-stm32.12.3.rel1.win32_1.0.100.202403111256/tools/bin/../lib/gcc/arm-none-eabi/12.3.1/thumb/v8-m.main+fp/hard/crti.o
                0x080076e0                _init
 .init          0x080076e4        0x8 C:/ST/STM32CubeIDE_1.13.1/STM32CubeIDE/plugins/com.st.stm32cube.ide.mcu.externaltools.gnu-tools-for-stm32.12.3.rel1.win32_1.0.100.202403111256/tools/bin/../lib/gcc/arm-none-eabi/12.3.1/thumb/v8-m.main+fp/hard/crtn.o
 *(.fini)
 .fini          0x080076ec        0x4 C:/ST/STM32CubeIDE_1.13.1/STM32CubeIDE/plugins/com.st.stm32cube.ide.mcu.externaltools.gnu-tools-for-stm32.12.3.rel1.win32_1.0.100.202403111256/tools/bin/../lib/gcc/arm-none-eabi/12.3.1/thumb/v8-m.main+fp/hard/crti.o
                0x080076ec                _fini
 .fini          0x080076f0        0x8 C:/ST/STM32CubeIDE_1.13.1/STM32CubeIDE/plugins/com.st.stm32cube.ide.mcu.externaltools.gnu-tools-for-stm32.12.3.rel1.win32_1.0.100.202403111256/tools/bin/../lib/gcc/arm-none-eabi/12.3.1/thumb/v8-m.main+fp/hard/crtn.o
                0x080076f8                        . = ALIGN (0x4)
                0x080076f8                        _etext = .

.vfp11_veneer   0x080076f8        0x0
 .vfp11_veneer  0x080076f8        0x0 linker stubs

.v4_bx          0x080076f8        0x0
 .v4_bx         0x080076f8        0x0 linker stubs

.iplt           0x080076f8        0x0
 .iplt          0x080076f8        0x0 C:/ST/STM32CubeIDE_1.13.1/STM32CubeIDE/plugins/com.st.stm32cube.ide.mcu.externaltools.gnu-tools-for-stm32.12.3.rel1.win32_1.0.100.202403111256/tools/bin/../lib/gcc/arm-none-eabi/12.3.1/thumb/v8-m.main+fp/hard/crtbegin.o

.rodata         0x080076f8       0x3c
                0x080076f8                        . = ALIGN (0x4)
 *(.rodata)
 .rodata        0x080076f8        0x8 ./Core/Src/is31fl3236_driver.o
 .rodata        0x08007700        0x9 ./Core/Src/main.o
 *(.rodata*)
 *fill*         0x08007709        0x3 
 .rodata.AHBPrescTable
                0x0800770c       0x10 ./Core/Src/system_stm32h5xx.o
                0x0800770c                AHBPrescTable
 .rodata.APBPrescTable
                0x0800771c        0x8 ./Core/Src/system_stm32h5xx.o
                0x0800771c                APBPrescTable
 .rodata.numerator.1
                0x08007724        0x8 ./Drivers/STM32H5xx_HAL_Driver/Src/stm32h5xx_hal_usart_ex.o
 .rodata.denominator.0
                0x0800772c        0x8 ./Drivers/STM32H5xx_HAL_Driver/Src/stm32h5xx_hal_usart_ex.o
                0x08007734                        . = ALIGN (0x4)

.ARM.extab      0x08007734        0x0
                0x08007734                        . = ALIGN (0x4)
 *(.ARM.extab* .gnu.linkonce.armextab.*)
                0x08007734                        . = ALIGN (0x4)

.ARM            0x08007734        0x0
                0x08007734                        . = ALIGN (0x4)
                0x08007734                        __exidx_start = .
 *(.ARM.exidx*)
                0x08007734                        __exidx_end = .
                0x08007734                        . = ALIGN (0x4)

.preinit_array  0x08007734        0x0
                0x08007734                        . = ALIGN (0x4)
                0x08007734                        PROVIDE (__preinit_array_start = .)
 *(.preinit_array*)
                0x08007734                        PROVIDE (__preinit_array_end = .)
                0x08007734                        . = ALIGN (0x4)

.init_array     0x08007734        0x4
                0x08007734                        . = ALIGN (0x4)
                0x08007734                        PROVIDE (__init_array_start = .)
 *(SORT_BY_NAME(.init_array.*))
 *(.init_array*)
 .init_array    0x08007734        0x4 C:/ST/STM32CubeIDE_1.13.1/STM32CubeIDE/plugins/com.st.stm32cube.ide.mcu.externaltools.gnu-tools-for-stm32.12.3.rel1.win32_1.0.100.202403111256/tools/bin/../lib/gcc/arm-none-eabi/12.3.1/thumb/v8-m.main+fp/hard/crtbegin.o
                0x08007738                        PROVIDE (__init_array_end = .)
                0x08007738                        . = ALIGN (0x4)

.fini_array     0x08007738        0x4
                0x08007738                        . = ALIGN (0x4)
                [!provide]                        PROVIDE (__fini_array_start = .)
 *(SORT_BY_NAME(.fini_array.*))
 *(.fini_array*)
 .fini_array    0x08007738        0x4 C:/ST/STM32CubeIDE_1.13.1/STM32CubeIDE/plugins/com.st.stm32cube.ide.mcu.externaltools.gnu-tools-for-stm32.12.3.rel1.win32_1.0.100.202403111256/tools/bin/../lib/gcc/arm-none-eabi/12.3.1/thumb/v8-m.main+fp/hard/crtbegin.o
                [!provide]                        PROVIDE (__fini_array_end = .)
                0x0800773c                        . = ALIGN (0x4)
                0x0800773c                        _sidata = LOADADDR (.data)

.rel.dyn        0x0800773c        0x0
 .rel.iplt      0x0800773c        0x0 C:/ST/STM32CubeIDE_1.13.1/STM32CubeIDE/plugins/com.st.stm32cube.ide.mcu.externaltools.gnu-tools-for-stm32.12.3.rel1.win32_1.0.100.202403111256/tools/bin/../lib/gcc/arm-none-eabi/12.3.1/thumb/v8-m.main+fp/hard/crtbegin.o

.data           0x20000000        0xc load address 0x0800773c
                0x20000000                        . = ALIGN (0x4)
                0x20000000                        _sdata = .
 *(.data)
 *(.data*)
 .data.SystemCoreClock
                0x20000000        0x4 ./Core/Src/system_stm32h5xx.o
                0x20000000                SystemCoreClock
 .data.uwTickPrio
                0x20000004        0x4 ./Drivers/STM32H5xx_HAL_Driver/Src/stm32h5xx_hal.o
                0x20000004                uwTickPrio
 .data.uwTickFreq
                0x20000008        0x1 ./Drivers/STM32H5xx_HAL_Driver/Src/stm32h5xx_hal.o
                0x20000008                uwTickFreq
 *(.RamFunc)
 *(.RamFunc*)
                0x2000000c                        . = ALIGN (0x4)
 *fill*         0x20000009        0x3 
                0x2000000c                        _edata = .

.igot.plt       0x2000000c        0x0 load address 0x08007748
 .igot.plt      0x2000000c        0x0 C:/ST/STM32CubeIDE_1.13.1/STM32CubeIDE/plugins/com.st.stm32cube.ide.mcu.externaltools.gnu-tools-for-stm32.12.3.rel1.win32_1.0.100.202403111256/tools/bin/../lib/gcc/arm-none-eabi/12.3.1/thumb/v8-m.main+fp/hard/crtbegin.o
                0x2000000c                        . = ALIGN (0x4)

.bss            0x2000000c      0x5fc load address 0x08007748
                0x2000000c                        _sbss = .
                0x2000000c                        __bss_start__ = _sbss
 *(.bss)
 .bss           0x2000000c       0x1c C:/ST/STM32CubeIDE_1.13.1/STM32CubeIDE/plugins/com.st.stm32cube.ide.mcu.externaltools.gnu-tools-for-stm32.12.3.rel1.win32_1.0.100.202403111256/tools/bin/../lib/gcc/arm-none-eabi/12.3.1/thumb/v8-m.main+fp/hard/crtbegin.o
 *(.bss*)
 .bss.hadc1     0x20000028       0x68 ./Core/Src/main.o
                0x20000028                hadc1
 .bss.hdac1     0x20000090       0x14 ./Core/Src/main.o
                0x20000090                hdac1
 .bss.hi2c1     0x200000a4       0x54 ./Core/Src/main.o
                0x200000a4                hi2c1
 .bss.hi2c2     0x200000f8       0x54 ./Core/Src/main.o
                0x200000f8                hi2c2
 .bss.hspi1     0x2000014c       0x90 ./Core/Src/main.o
                0x2000014c                hspi1
 .bss.htim2     0x200001dc       0x4c ./Core/Src/main.o
                0x200001dc                htim2
 .bss.htim3     0x20000228       0x4c ./Core/Src/main.o
                0x20000228                htim3
 .bss.husart3   0x20000274       0x60 ./Core/Src/main.o
                0x20000274                husart3
 .bss.hpcd_USB_DRD_FS
                0x200002d4      0x2e0 ./Core/Src/main.o
                0x200002d4                hpcd_USB_DRD_FS
 .bss.ptr_h_led_drvr_foo
                0x200005b4        0x4 ./Core/Src/main.o
                0x200005b4                ptr_h_led_drvr_foo
 .bss.htim1     0x200005b8       0x4c ./Core/Src/stm32h5xx_hal_timebase_tim.o
                0x200005b8                htim1
 .bss.uwTick    0x20000604        0x4 ./Drivers/STM32H5xx_HAL_Driver/Src/stm32h5xx_hal.o
                0x20000604                uwTick
 *(COMMON)
                0x20000608                        . = ALIGN (0x4)
                0x20000608                        _ebss = .
                0x20000608                        __bss_end__ = _ebss

._user_heap_stack
                0x20000608      0x600 load address 0x08007748
                0x20000608                        . = ALIGN (0x8)
                [!provide]                        PROVIDE (end = .)
                0x20000608                        PROVIDE (_end = .)
                0x20000808                        . = (. + _Min_Heap_Size)
 *fill*         0x20000608      0x200 
                0x20000c08                        . = (. + _Min_Stack_Size)
 *fill*         0x20000808      0x400 
                0x20000c08                        . = ALIGN (0x8)

/DISCARD/
 libc.a(*)
 libm.a(*)
 libgcc.a(*)

.ARM.attributes
                0x00000000       0x36
 *(.ARM.attributes)
 .ARM.attributes
                0x00000000       0x26 C:/ST/STM32CubeIDE_1.13.1/STM32CubeIDE/plugins/com.st.stm32cube.ide.mcu.externaltools.gnu-tools-for-stm32.12.3.rel1.win32_1.0.100.202403111256/tools/bin/../lib/gcc/arm-none-eabi/12.3.1/thumb/v8-m.main+fp/hard/crti.o
 .ARM.attributes
                0x00000026       0x38 C:/ST/STM32CubeIDE_1.13.1/STM32CubeIDE/plugins/com.st.stm32cube.ide.mcu.externaltools.gnu-tools-for-stm32.12.3.rel1.win32_1.0.100.202403111256/tools/bin/../lib/gcc/arm-none-eabi/12.3.1/thumb/v8-m.main+fp/hard/crtbegin.o
 .ARM.attributes
                0x0000005e       0x3a ./Core/Src/is31fl3236_driver.o
 .ARM.attributes
                0x00000098       0x3a ./Core/Src/main.o
 .ARM.attributes
                0x000000d2       0x3a ./Core/Src/stm32h5xx_hal_msp.o
 .ARM.attributes
                0x0000010c       0x3a ./Core/Src/stm32h5xx_hal_timebase_tim.o
 .ARM.attributes
                0x00000146       0x3a ./Core/Src/stm32h5xx_it.o
 .ARM.attributes
                0x00000180       0x3a ./Core/Src/system_stm32h5xx.o
 .ARM.attributes
                0x000001ba       0x24 ./Core/Startup/startup_stm32h503rbtx.o
 .ARM.attributes
                0x000001de       0x3a ./Drivers/STM32H5xx_HAL_Driver/Src/stm32h5xx_hal.o
 .ARM.attributes
                0x00000218       0x3a ./Drivers/STM32H5xx_HAL_Driver/Src/stm32h5xx_hal_adc.o
 .ARM.attributes
                0x00000252       0x3a ./Drivers/STM32H5xx_HAL_Driver/Src/stm32h5xx_hal_cortex.o
 .ARM.attributes
                0x0000028c       0x3a ./Drivers/STM32H5xx_HAL_Driver/Src/stm32h5xx_hal_dac.o
 .ARM.attributes
                0x000002c6       0x3a ./Drivers/STM32H5xx_HAL_Driver/Src/stm32h5xx_hal_gpio.o
 .ARM.attributes
                0x00000300       0x3a ./Drivers/STM32H5xx_HAL_Driver/Src/stm32h5xx_hal_i2c.o
 .ARM.attributes
                0x0000033a       0x3a ./Drivers/STM32H5xx_HAL_Driver/Src/stm32h5xx_hal_i2c_ex.o
 .ARM.attributes
                0x00000374       0x3a ./Drivers/STM32H5xx_HAL_Driver/Src/stm32h5xx_hal_icache.o
 .ARM.attributes
                0x000003ae       0x3a ./Drivers/STM32H5xx_HAL_Driver/Src/stm32h5xx_hal_pcd.o
 .ARM.attributes
                0x000003e8       0x3a ./Drivers/STM32H5xx_HAL_Driver/Src/stm32h5xx_hal_pcd_ex.o
 .ARM.attributes
                0x00000422       0x3a ./Drivers/STM32H5xx_HAL_Driver/Src/stm32h5xx_hal_rcc.o
 .ARM.attributes
                0x0000045c       0x3a ./Drivers/STM32H5xx_HAL_Driver/Src/stm32h5xx_hal_rcc_ex.o
 .ARM.attributes
                0x00000496       0x3a ./Drivers/STM32H5xx_HAL_Driver/Src/stm32h5xx_hal_spi.o
 .ARM.attributes
                0x000004d0       0x3a ./Drivers/STM32H5xx_HAL_Driver/Src/stm32h5xx_hal_tim.o
 .ARM.attributes
                0x0000050a       0x3a ./Drivers/STM32H5xx_HAL_Driver/Src/stm32h5xx_hal_tim_ex.o
 .ARM.attributes
                0x00000544       0x3a ./Drivers/STM32H5xx_HAL_Driver/Src/stm32h5xx_hal_usart.o
 .ARM.attributes
                0x0000057e       0x3a ./Drivers/STM32H5xx_HAL_Driver/Src/stm32h5xx_hal_usart_ex.o
 .ARM.attributes
                0x000005b8       0x3a ./Drivers/STM32H5xx_HAL_Driver/Src/stm32h5xx_ll_usb.o
 .ARM.attributes
                0x000005f2       0x38 C:/ST/STM32CubeIDE_1.13.1/STM32CubeIDE/plugins/com.st.stm32cube.ide.mcu.externaltools.gnu-tools-for-stm32.12.3.rel1.win32_1.0.100.202403111256/tools/bin/../lib/gcc/arm-none-eabi/12.3.1/../../../../arm-none-eabi/lib/thumb/v8-m.main+fp/hard\libc_nano.a(libc_a-memset.o)
 .ARM.attributes
                0x0000062a       0x38 C:/ST/STM32CubeIDE_1.13.1/STM32CubeIDE/plugins/com.st.stm32cube.ide.mcu.externaltools.gnu-tools-for-stm32.12.3.rel1.win32_1.0.100.202403111256/tools/bin/../lib/gcc/arm-none-eabi/12.3.1/../../../../arm-none-eabi/lib/thumb/v8-m.main+fp/hard\libc_nano.a(libc_a-init.o)
 .ARM.attributes
                0x00000662       0x26 C:/ST/STM32CubeIDE_1.13.1/STM32CubeIDE/plugins/com.st.stm32cube.ide.mcu.externaltools.gnu-tools-for-stm32.12.3.rel1.win32_1.0.100.202403111256/tools/bin/../lib/gcc/arm-none-eabi/12.3.1/thumb/v8-m.main+fp/hard/crtn.o
OUTPUT(Occu.elf elf32-littlearm)
LOAD linker stubs
LOAD C:/ST/STM32CubeIDE_1.13.1/STM32CubeIDE/plugins/com.st.stm32cube.ide.mcu.externaltools.gnu-tools-for-stm32.12.3.rel1.win32_1.0.100.202403111256/tools/bin/../lib/gcc/arm-none-eabi/12.3.1/../../../../arm-none-eabi/lib/thumb/v8-m.main+fp/hard\libc.a
LOAD C:/ST/STM32CubeIDE_1.13.1/STM32CubeIDE/plugins/com.st.stm32cube.ide.mcu.externaltools.gnu-tools-for-stm32.12.3.rel1.win32_1.0.100.202403111256/tools/bin/../lib/gcc/arm-none-eabi/12.3.1/../../../../arm-none-eabi/lib/thumb/v8-m.main+fp/hard\libm.a
LOAD C:/ST/STM32CubeIDE_1.13.1/STM32CubeIDE/plugins/com.st.stm32cube.ide.mcu.externaltools.gnu-tools-for-stm32.12.3.rel1.win32_1.0.100.202403111256/tools/bin/../lib/gcc/arm-none-eabi/12.3.1/thumb/v8-m.main+fp/hard\libgcc.a

.debug_info     0x00000000    0x1f596
 .debug_info    0x00000000      0xe79 ./Core/Src/is31fl3236_driver.o
 .debug_info    0x00000e79     0x2e1f ./Core/Src/main.o
 .debug_info    0x00003c98     0x28e4 ./Core/Src/stm32h5xx_hal_msp.o
 .debug_info    0x0000657c     0x104e ./Core/Src/stm32h5xx_hal_timebase_tim.o
 .debug_info    0x000075ca      0x976 ./Core/Src/stm32h5xx_it.o
 .debug_info    0x00007f40      0xc0b ./Core/Src/system_stm32h5xx.o
 .debug_info    0x00008b4b       0x30 ./Core/Startup/startup_stm32h503rbtx.o
 .debug_info    0x00008b7b     0x1069 ./Drivers/STM32H5xx_HAL_Driver/Src/stm32h5xx_hal.o
 .debug_info    0x00009be4     0x229a ./Drivers/STM32H5xx_HAL_Driver/Src/stm32h5xx_hal_adc.o
 .debug_info    0x0000be7e     0x1522 ./Drivers/STM32H5xx_HAL_Driver/Src/stm32h5xx_hal_cortex.o
 .debug_info    0x0000d3a0      0xf86 ./Drivers/STM32H5xx_HAL_Driver/Src/stm32h5xx_hal_dac.o
 .debug_info    0x0000e326      0x6aa ./Drivers/STM32H5xx_HAL_Driver/Src/stm32h5xx_hal_gpio.o
 .debug_info    0x0000e9d0     0x231b ./Drivers/STM32H5xx_HAL_Driver/Src/stm32h5xx_hal_i2c.o
 .debug_info    0x00010ceb      0x8fb ./Drivers/STM32H5xx_HAL_Driver/Src/stm32h5xx_hal_i2c_ex.o
 .debug_info    0x000115e6      0x377 ./Drivers/STM32H5xx_HAL_Driver/Src/stm32h5xx_hal_icache.o
 .debug_info    0x0001195d     0x1461 ./Drivers/STM32H5xx_HAL_Driver/Src/stm32h5xx_hal_pcd.o
 .debug_info    0x00012dbe      0x7cb ./Drivers/STM32H5xx_HAL_Driver/Src/stm32h5xx_hal_pcd_ex.o
 .debug_info    0x00013589      0xfdf ./Drivers/STM32H5xx_HAL_Driver/Src/stm32h5xx_hal_rcc.o
 .debug_info    0x00014568      0xf52 ./Drivers/STM32H5xx_HAL_Driver/Src/stm32h5xx_hal_rcc_ex.o
 .debug_info    0x000154ba     0x158d ./Drivers/STM32H5xx_HAL_Driver/Src/stm32h5xx_hal_spi.o
 .debug_info    0x00016a47     0x2e54 ./Drivers/STM32H5xx_HAL_Driver/Src/stm32h5xx_hal_tim.o
 .debug_info    0x0001989b     0x1eaa ./Drivers/STM32H5xx_HAL_Driver/Src/stm32h5xx_hal_tim_ex.o
 .debug_info    0x0001b745     0x1ab5 ./Drivers/STM32H5xx_HAL_Driver/Src/stm32h5xx_hal_usart.o
 .debug_info    0x0001d1fa      0xa88 ./Drivers/STM32H5xx_HAL_Driver/Src/stm32h5xx_hal_usart_ex.o
 .debug_info    0x0001dc82     0x1914 ./Drivers/STM32H5xx_HAL_Driver/Src/stm32h5xx_ll_usb.o

.debug_abbrev   0x00000000     0x39e8
 .debug_abbrev  0x00000000      0x20e ./Core/Src/is31fl3236_driver.o
 .debug_abbrev  0x0000020e      0x38e ./Core/Src/main.o
 .debug_abbrev  0x0000059c      0x2a8 ./Core/Src/stm32h5xx_hal_msp.o
 .debug_abbrev  0x00000844      0x229 ./Core/Src/stm32h5xx_hal_timebase_tim.o
 .debug_abbrev  0x00000a6d      0x1af ./Core/Src/stm32h5xx_it.o
 .debug_abbrev  0x00000c1c      0x13a ./Core/Src/system_stm32h5xx.o
 .debug_abbrev  0x00000d56       0x24 ./Core/Startup/startup_stm32h503rbtx.o
 .debug_abbrev  0x00000d7a      0x2ac ./Drivers/STM32H5xx_HAL_Driver/Src/stm32h5xx_hal.o
 .debug_abbrev  0x00001026      0x2b9 ./Drivers/STM32H5xx_HAL_Driver/Src/stm32h5xx_hal_adc.o
 .debug_abbrev  0x000012df      0x311 ./Drivers/STM32H5xx_HAL_Driver/Src/stm32h5xx_hal_cortex.o
 .debug_abbrev  0x000015f0      0x234 ./Drivers/STM32H5xx_HAL_Driver/Src/stm32h5xx_hal_dac.o
 .debug_abbrev  0x00001824      0x1db ./Drivers/STM32H5xx_HAL_Driver/Src/stm32h5xx_hal_gpio.o
 .debug_abbrev  0x000019ff      0x280 ./Drivers/STM32H5xx_HAL_Driver/Src/stm32h5xx_hal_i2c.o
 .debug_abbrev  0x00001c7f      0x1b7 ./Drivers/STM32H5xx_HAL_Driver/Src/stm32h5xx_hal_i2c_ex.o
 .debug_abbrev  0x00001e36      0x1e4 ./Drivers/STM32H5xx_HAL_Driver/Src/stm32h5xx_hal_icache.o
 .debug_abbrev  0x0000201a      0x307 ./Drivers/STM32H5xx_HAL_Driver/Src/stm32h5xx_hal_pcd.o
 .debug_abbrev  0x00002321      0x228 ./Drivers/STM32H5xx_HAL_Driver/Src/stm32h5xx_hal_pcd_ex.o
 .debug_abbrev  0x00002549      0x28e ./Drivers/STM32H5xx_HAL_Driver/Src/stm32h5xx_hal_rcc.o
 .debug_abbrev  0x000027d7      0x25c ./Drivers/STM32H5xx_HAL_Driver/Src/stm32h5xx_hal_rcc_ex.o
 .debug_abbrev  0x00002a33      0x2b3 ./Drivers/STM32H5xx_HAL_Driver/Src/stm32h5xx_hal_spi.o
 .debug_abbrev  0x00002ce6      0x2bd ./Drivers/STM32H5xx_HAL_Driver/Src/stm32h5xx_hal_tim.o
 .debug_abbrev  0x00002fa3      0x2c7 ./Drivers/STM32H5xx_HAL_Driver/Src/stm32h5xx_hal_tim_ex.o
 .debug_abbrev  0x0000326a      0x2b2 ./Drivers/STM32H5xx_HAL_Driver/Src/stm32h5xx_hal_usart.o
 .debug_abbrev  0x0000351c      0x209 ./Drivers/STM32H5xx_HAL_Driver/Src/stm32h5xx_hal_usart_ex.o
 .debug_abbrev  0x00003725      0x2c3 ./Drivers/STM32H5xx_HAL_Driver/Src/stm32h5xx_ll_usb.o

.debug_aranges  0x00000000     0x1ab0
 .debug_aranges
                0x00000000       0x88 ./Core/Src/is31fl3236_driver.o
 .debug_aranges
                0x00000088       0x98 ./Core/Src/main.o
 .debug_aranges
                0x00000120       0x98 ./Core/Src/stm32h5xx_hal_msp.o
 .debug_aranges
                0x000001b8       0x30 ./Core/Src/stm32h5xx_hal_timebase_tim.o
 .debug_aranges
                0x000001e8       0x68 ./Core/Src/stm32h5xx_it.o
 .debug_aranges
                0x00000250       0x28 ./Core/Src/system_stm32h5xx.o
 .debug_aranges
                0x00000278       0x28 ./Core/Startup/startup_stm32h503rbtx.o
 .debug_aranges
                0x000002a0      0x1a0 ./Drivers/STM32H5xx_HAL_Driver/Src/stm32h5xx_hal.o
 .debug_aranges
                0x00000440      0x248 ./Drivers/STM32H5xx_HAL_Driver/Src/stm32h5xx_hal_adc.o
 .debug_aranges
                0x00000688      0x140 ./Drivers/STM32H5xx_HAL_Driver/Src/stm32h5xx_hal_cortex.o
 .debug_aranges
                0x000007c8       0xc0 ./Drivers/STM32H5xx_HAL_Driver/Src/stm32h5xx_hal_dac.o
 .debug_aranges
                0x00000888       0x78 ./Drivers/STM32H5xx_HAL_Driver/Src/stm32h5xx_hal_gpio.o
 .debug_aranges
                0x00000900      0x2a0 ./Drivers/STM32H5xx_HAL_Driver/Src/stm32h5xx_hal_i2c.o
 .debug_aranges
                0x00000ba0       0x40 ./Drivers/STM32H5xx_HAL_Driver/Src/stm32h5xx_hal_i2c_ex.o
 .debug_aranges
                0x00000be0       0x98 ./Drivers/STM32H5xx_HAL_Driver/Src/stm32h5xx_hal_icache.o
 .debug_aranges
                0x00000c78      0x150 ./Drivers/STM32H5xx_HAL_Driver/Src/stm32h5xx_hal_pcd.o
 .debug_aranges
                0x00000dc8       0x58 ./Drivers/STM32H5xx_HAL_Driver/Src/stm32h5xx_hal_pcd_ex.o
 .debug_aranges
                0x00000e20       0xa0 ./Drivers/STM32H5xx_HAL_Driver/Src/stm32h5xx_hal_rcc.o
 .debug_aranges
                0x00000ec0       0xe8 ./Drivers/STM32H5xx_HAL_Driver/Src/stm32h5xx_hal_rcc_ex.o
 .debug_aranges
                0x00000fa8      0x1a8 ./Drivers/STM32H5xx_HAL_Driver/Src/stm32h5xx_hal_spi.o
 .debug_aranges
                0x00001150      0x3e8 ./Drivers/STM32H5xx_HAL_Driver/Src/stm32h5xx_hal_tim.o
 .debug_aranges
                0x00001538      0x240 ./Drivers/STM32H5xx_HAL_Driver/Src/stm32h5xx_hal_tim_ex.o
 .debug_aranges
                0x00001778      0x1a0 ./Drivers/STM32H5xx_HAL_Driver/Src/stm32h5xx_hal_usart.o
 .debug_aranges
                0x00001918       0x68 ./Drivers/STM32H5xx_HAL_Driver/Src/stm32h5xx_hal_usart_ex.o
 .debug_aranges
                0x00001980      0x130 ./Drivers/STM32H5xx_HAL_Driver/Src/stm32h5xx_ll_usb.o

.debug_rnglists
                0x00000000     0x14a9
 .debug_rnglists
                0x00000000       0x63 ./Core/Src/is31fl3236_driver.o
 .debug_rnglists
                0x00000063       0x78 ./Core/Src/main.o
 .debug_rnglists
                0x000000db       0x74 ./Core/Src/stm32h5xx_hal_msp.o
 .debug_rnglists
                0x0000014f       0x20 ./Core/Src/stm32h5xx_hal_timebase_tim.o
 .debug_rnglists
                0x0000016f       0x49 ./Core/Src/stm32h5xx_it.o
 .debug_rnglists
                0x000001b8       0x1b ./Core/Src/system_stm32h5xx.o
 .debug_rnglists
                0x000001d3       0x19 ./Core/Startup/startup_stm32h503rbtx.o
 .debug_rnglists
                0x000001ec      0x134 ./Drivers/STM32H5xx_HAL_Driver/Src/stm32h5xx_hal.o
 .debug_rnglists
                0x00000320      0x1c0 ./Drivers/STM32H5xx_HAL_Driver/Src/stm32h5xx_hal_adc.o
 .debug_rnglists
                0x000004e0       0xec ./Drivers/STM32H5xx_HAL_Driver/Src/stm32h5xx_hal_cortex.o
 .debug_rnglists
                0x000005cc       0x90 ./Drivers/STM32H5xx_HAL_Driver/Src/stm32h5xx_hal_dac.o
 .debug_rnglists
                0x0000065c       0x57 ./Drivers/STM32H5xx_HAL_Driver/Src/stm32h5xx_hal_gpio.o
 .debug_rnglists
                0x000006b3      0x228 ./Drivers/STM32H5xx_HAL_Driver/Src/stm32h5xx_hal_i2c.o
 .debug_rnglists
                0x000008db       0x30 ./Drivers/STM32H5xx_HAL_Driver/Src/stm32h5xx_hal_i2c_ex.o
 .debug_rnglists
                0x0000090b       0x6d ./Drivers/STM32H5xx_HAL_Driver/Src/stm32h5xx_hal_icache.o
 .debug_rnglists
                0x00000978      0x100 ./Drivers/STM32H5xx_HAL_Driver/Src/stm32h5xx_hal_pcd.o
 .debug_rnglists
                0x00000a78       0x3f ./Drivers/STM32H5xx_HAL_Driver/Src/stm32h5xx_hal_pcd_ex.o
 .debug_rnglists
                0x00000ab7       0x79 ./Drivers/STM32H5xx_HAL_Driver/Src/stm32h5xx_hal_rcc.o
 .debug_rnglists
                0x00000b30       0xb4 ./Drivers/STM32H5xx_HAL_Driver/Src/stm32h5xx_hal_rcc_ex.o
 .debug_rnglists
                0x00000be4      0x148 ./Drivers/STM32H5xx_HAL_Driver/Src/stm32h5xx_hal_spi.o
 .debug_rnglists
                0x00000d2c      0x32e ./Drivers/STM32H5xx_HAL_Driver/Src/stm32h5xx_hal_tim.o
 .debug_rnglists
                0x0000105a      0x1cb ./Drivers/STM32H5xx_HAL_Driver/Src/stm32h5xx_hal_tim_ex.o
 .debug_rnglists
                0x00001225      0x14e ./Drivers/STM32H5xx_HAL_Driver/Src/stm32h5xx_hal_usart.o
 .debug_rnglists
                0x00001373       0x4b ./Drivers/STM32H5xx_HAL_Driver/Src/stm32h5xx_hal_usart_ex.o
 .debug_rnglists
                0x000013be       0xeb ./Drivers/STM32H5xx_HAL_Driver/Src/stm32h5xx_ll_usb.o

.debug_macro    0x00000000    0x24f10
 .debug_macro   0x00000000      0x314 ./Core/Src/is31fl3236_driver.o
 .debug_macro   0x00000314      0xaba ./Core/Src/is31fl3236_driver.o
 .debug_macro   0x00000dce      0x1ee ./Core/Src/is31fl3236_driver.o
 .debug_macro   0x00000fbc       0x22 ./Core/Src/is31fl3236_driver.o
 .debug_macro   0x00000fde       0x5b ./Core/Src/is31fl3236_driver.o
 .debug_macro   0x00001039       0x2a ./Core/Src/is31fl3236_driver.o
 .debug_macro   0x00001063       0x94 ./Core/Src/is31fl3236_driver.o
 .debug_macro   0x000010f7       0x43 ./Core/Src/is31fl3236_driver.o
 .debug_macro   0x0000113a       0x34 ./Core/Src/is31fl3236_driver.o
 .debug_macro   0x0000116e      0x189 ./Core/Src/is31fl3236_driver.o
 .debug_macro   0x000012f7       0x16 ./Core/Src/is31fl3236_driver.o
 .debug_macro   0x0000130d       0x43 ./Core/Src/is31fl3236_driver.o
 .debug_macro   0x00001350       0x57 ./Core/Src/is31fl3236_driver.o
 .debug_macro   0x000013a7       0x34 ./Core/Src/is31fl3236_driver.o
 .debug_macro   0x000013db       0x10 ./Core/Src/is31fl3236_driver.o
 .debug_macro   0x000013eb       0x58 ./Core/Src/is31fl3236_driver.o
 .debug_macro   0x00001443       0x8e ./Core/Src/is31fl3236_driver.o
 .debug_macro   0x000014d1       0x1c ./Core/Src/is31fl3236_driver.o
 .debug_macro   0x000014ed      0x177 ./Core/Src/is31fl3236_driver.o
 .debug_macro   0x00001664      0x369 ./Core/Src/is31fl3236_driver.o
 .debug_macro   0x000019cd      0x19b ./Core/Src/is31fl3236_driver.o
 .debug_macro   0x00001b68       0x28 ./Core/Src/is31fl3236_driver.o
 .debug_macro   0x00001b90       0x42 ./Core/Src/is31fl3236_driver.o
 .debug_macro   0x00001bd2      0x103 ./Core/Src/is31fl3236_driver.o
 .debug_macro   0x00001cd5       0x6a ./Core/Src/is31fl3236_driver.o
 .debug_macro   0x00001d3f      0x1df ./Core/Src/is31fl3236_driver.o
 .debug_macro   0x00001f1e       0x1c ./Core/Src/is31fl3236_driver.o
 .debug_macro   0x00001f3a       0x29 ./Core/Src/is31fl3236_driver.o
 .debug_macro   0x00001f63       0xfb ./Core/Src/is31fl3236_driver.o
 .debug_macro   0x0000205e     0x1685 ./Core/Src/is31fl3236_driver.o
 .debug_macro   0x000036e3       0x5e ./Core/Src/is31fl3236_driver.o
 .debug_macro   0x00003741    0x12007 ./Core/Src/is31fl3236_driver.o
 .debug_macro   0x00015748       0x6d ./Core/Src/is31fl3236_driver.o
 .debug_macro   0x000157b5     0x3891 ./Core/Src/is31fl3236_driver.o
 .debug_macro   0x00019046       0x63 ./Core/Src/is31fl3236_driver.o
 .debug_macro   0x000190a9     0x146a ./Core/Src/is31fl3236_driver.o
 .debug_macro   0x0001a513      0x75e ./Core/Src/is31fl3236_driver.o
 .debug_macro   0x0001ac71      0x166 ./Core/Src/is31fl3236_driver.o
 .debug_macro   0x0001add7      0x1a6 ./Core/Src/is31fl3236_driver.o
 .debug_macro   0x0001af7d       0x6e ./Core/Src/is31fl3236_driver.o
 .debug_macro   0x0001afeb      0x527 ./Core/Src/is31fl3236_driver.o
 .debug_macro   0x0001b512      0x40f ./Core/Src/is31fl3236_driver.o
 .debug_macro   0x0001b921       0xd6 ./Core/Src/is31fl3236_driver.o
 .debug_macro   0x0001b9f7      0x1ce ./Core/Src/is31fl3236_driver.o
 .debug_macro   0x0001bbc5      0xdd7 ./Core/Src/is31fl3236_driver.o
 .debug_macro   0x0001c99c      0x64e ./Core/Src/is31fl3236_driver.o
 .debug_macro   0x0001cfea      0x22c ./Core/Src/is31fl3236_driver.o
 .debug_macro   0x0001d216      0x199 ./Core/Src/is31fl3236_driver.o
 .debug_macro   0x0001d3af       0xde ./Core/Src/is31fl3236_driver.o
 .debug_macro   0x0001d48d      0x1c3 ./Core/Src/is31fl3236_driver.o
 .debug_macro   0x0001d650      0x4ef ./Core/Src/is31fl3236_driver.o
 .debug_macro   0x0001db3f       0x58 ./Core/Src/is31fl3236_driver.o
 .debug_macro   0x0001db97      0x22c ./Core/Src/is31fl3236_driver.o
 .debug_macro   0x0001ddc3       0x35 ./Core/Src/is31fl3236_driver.o
 .debug_macro   0x0001ddf8       0xa5 ./Core/Src/is31fl3236_driver.o
 .debug_macro   0x0001de9d      0x272 ./Core/Src/is31fl3236_driver.o
 .debug_macro   0x0001e10f      0x1a6 ./Core/Src/is31fl3236_driver.o
 .debug_macro   0x0001e2b5      0x5cf ./Core/Src/is31fl3236_driver.o
 .debug_macro   0x0001e884       0xd6 ./Core/Src/is31fl3236_driver.o
 .debug_macro   0x0001e95a      0xbef ./Core/Src/is31fl3236_driver.o
 .debug_macro   0x0001f549      0x2b6 ./Core/Src/is31fl3236_driver.o
 .debug_macro   0x0001f7ff      0x359 ./Core/Src/is31fl3236_driver.o
 .debug_macro   0x0001fb58       0xb9 ./Core/Src/is31fl3236_driver.o
 .debug_macro   0x0001fc11      0x224 ./Core/Src/is31fl3236_driver.o
 .debug_macro   0x0001fe35      0x169 ./Core/Src/is31fl3236_driver.o
 .debug_macro   0x0001ff9e      0x20a ./Core/Src/is31fl3236_driver.o
 .debug_macro   0x000201a8      0x31f ./Core/Src/is31fl3236_driver.o
 .debug_macro   0x000204c7       0xa0 ./Core/Src/is31fl3236_driver.o
 .debug_macro   0x00020567      0x323 ./Core/Src/main.o
 .debug_macro   0x0002088a      0x118 ./Core/Src/main.o
 .debug_macro   0x000209a2       0xa6 ./Core/Src/main.o
 .debug_macro   0x00020a48      0x314 ./Core/Src/stm32h5xx_hal_msp.o
 .debug_macro   0x00020d5c      0x305 ./Core/Src/stm32h5xx_hal_timebase_tim.o
 .debug_macro   0x00021061      0x31e ./Core/Src/stm32h5xx_it.o
 .debug_macro   0x0002137f      0x30c ./Core/Src/system_stm32h5xx.o
 .debug_macro   0x0002168b      0x335 ./Drivers/STM32H5xx_HAL_Driver/Src/stm32h5xx_hal.o
 .debug_macro   0x000219c0      0x322 ./Drivers/STM32H5xx_HAL_Driver/Src/stm32h5xx_hal_adc.o
 .debug_macro   0x00021ce2      0x305 ./Drivers/STM32H5xx_HAL_Driver/Src/stm32h5xx_hal_cortex.o
 .debug_macro   0x00021fe7      0x31b ./Drivers/STM32H5xx_HAL_Driver/Src/stm32h5xx_hal_dac.o
 .debug_macro   0x00022302      0x33b ./Drivers/STM32H5xx_HAL_Driver/Src/stm32h5xx_hal_gpio.o
 .debug_macro   0x0002263d      0x3d1 ./Drivers/STM32H5xx_HAL_Driver/Src/stm32h5xx_hal_i2c.o
 .debug_macro   0x00022a0e      0x305 ./Drivers/STM32H5xx_HAL_Driver/Src/stm32h5xx_hal_i2c_ex.o
 .debug_macro   0x00022d13      0x31d ./Drivers/STM32H5xx_HAL_Driver/Src/stm32h5xx_hal_icache.o
 .debug_macro   0x00023030      0x311 ./Drivers/STM32H5xx_HAL_Driver/Src/stm32h5xx_hal_pcd.o
 .debug_macro   0x00023341      0x305 ./Drivers/STM32H5xx_HAL_Driver/Src/stm32h5xx_hal_pcd_ex.o
 .debug_macro   0x00023646      0x347 ./Drivers/STM32H5xx_HAL_Driver/Src/stm32h5xx_hal_rcc.o
 .debug_macro   0x0002398d      0x311 ./Drivers/STM32H5xx_HAL_Driver/Src/stm32h5xx_hal_rcc_ex.o
 .debug_macro   0x00023c9e      0x30d ./Drivers/STM32H5xx_HAL_Driver/Src/stm32h5xx_hal_spi.o
 .debug_macro   0x00023fab      0x30d ./Drivers/STM32H5xx_HAL_Driver/Src/stm32h5xx_hal_tim.o
 .debug_macro   0x000242b8      0x30b ./Drivers/STM32H5xx_HAL_Driver/Src/stm32h5xx_hal_tim_ex.o
 .debug_macro   0x000245c3      0x337 ./Drivers/STM32H5xx_HAL_Driver/Src/stm32h5xx_hal_usart.o
 .debug_macro   0x000248fa      0x311 ./Drivers/STM32H5xx_HAL_Driver/Src/stm32h5xx_hal_usart_ex.o
 .debug_macro   0x00024c0b      0x305 ./Drivers/STM32H5xx_HAL_Driver/Src/stm32h5xx_ll_usb.o

.debug_line     0x00000000    0x22219
 .debug_line    0x00000000      0xbd5 ./Core/Src/is31fl3236_driver.o
 .debug_line    0x00000bd5      0xea9 ./Core/Src/main.o
 .debug_line    0x00001a7e      0xd04 ./Core/Src/stm32h5xx_hal_msp.o
 .debug_line    0x00002782      0xa2a ./Core/Src/stm32h5xx_hal_timebase_tim.o
 .debug_line    0x000031ac      0xa97 ./Core/Src/stm32h5xx_it.o
 .debug_line    0x00003c43      0xb33 ./Core/Src/system_stm32h5xx.o
 .debug_line    0x00004776       0x77 ./Core/Startup/startup_stm32h503rbtx.o
 .debug_line    0x000047ed      0xf83 ./Drivers/STM32H5xx_HAL_Driver/Src/stm32h5xx_hal.o
 .debug_line    0x00005770     0x20a6 ./Drivers/STM32H5xx_HAL_Driver/Src/stm32h5xx_hal_adc.o
 .debug_line    0x00007816     0x1032 ./Drivers/STM32H5xx_HAL_Driver/Src/stm32h5xx_hal_cortex.o
 .debug_line    0x00008848     0x10e9 ./Drivers/STM32H5xx_HAL_Driver/Src/stm32h5xx_hal_dac.o
 .debug_line    0x00009931      0xdbe ./Drivers/STM32H5xx_HAL_Driver/Src/stm32h5xx_hal_gpio.o
 .debug_line    0x0000a6ef     0x3f57 ./Drivers/STM32H5xx_HAL_Driver/Src/stm32h5xx_hal_i2c.o
 .debug_line    0x0000e646      0xc11 ./Drivers/STM32H5xx_HAL_Driver/Src/stm32h5xx_hal_i2c_ex.o
 .debug_line    0x0000f257      0xbf9 ./Drivers/STM32H5xx_HAL_Driver/Src/stm32h5xx_hal_icache.o
 .debug_line    0x0000fe50     0x16c4 ./Drivers/STM32H5xx_HAL_Driver/Src/stm32h5xx_hal_pcd.o
 .debug_line    0x00011514      0xb57 ./Drivers/STM32H5xx_HAL_Driver/Src/stm32h5xx_hal_pcd_ex.o
 .debug_line    0x0001206b     0x141d ./Drivers/STM32H5xx_HAL_Driver/Src/stm32h5xx_hal_rcc.o
 .debug_line    0x00013488     0x1cf9 ./Drivers/STM32H5xx_HAL_Driver/Src/stm32h5xx_hal_rcc_ex.o
 .debug_line    0x00015181     0x2444 ./Drivers/STM32H5xx_HAL_Driver/Src/stm32h5xx_hal_spi.o
 .debug_line    0x000175c5     0x3e60 ./Drivers/STM32H5xx_HAL_Driver/Src/stm32h5xx_hal_tim.o
 .debug_line    0x0001b425     0x21a1 ./Drivers/STM32H5xx_HAL_Driver/Src/stm32h5xx_hal_tim_ex.o
 .debug_line    0x0001d5c6     0x2780 ./Drivers/STM32H5xx_HAL_Driver/Src/stm32h5xx_hal_usart.o
 .debug_line    0x0001fd46      0xd21 ./Drivers/STM32H5xx_HAL_Driver/Src/stm32h5xx_hal_usart_ex.o
 .debug_line    0x00020a67     0x17b2 ./Drivers/STM32H5xx_HAL_Driver/Src/stm32h5xx_ll_usb.o

.debug_str      0x00000000    0xea7b5
 .debug_str     0x00000000    0xe1572 ./Core/Src/is31fl3236_driver.o
                              0xe1bcf (size before relaxing)
 .debug_str     0x000e1572     0x1ae4 ./Core/Src/main.o
                              0xe3693 (size before relaxing)
 .debug_str     0x000e3056      0x3be ./Core/Src/stm32h5xx_hal_msp.o
                              0xe2dab (size before relaxing)
 .debug_str     0x000e3414      0x5cc ./Core/Src/stm32h5xx_hal_timebase_tim.o
                              0xe1d07 (size before relaxing)
 .debug_str     0x000e39e0       0xe3 ./Core/Src/stm32h5xx_it.o
                              0xe19f2 (size before relaxing)
 .debug_str     0x000e3ac3      0x2e9 ./Core/Src/system_stm32h5xx.o
                              0xe12ce (size before relaxing)
 .debug_str     0x000e3dac       0x44 ./Core/Startup/startup_stm32h503rbtx.o
                                 0x72 (size before relaxing)
 .debug_str     0x000e3df0      0x7f4 ./Drivers/STM32H5xx_HAL_Driver/Src/stm32h5xx_hal.o
                              0xe1e41 (size before relaxing)
 .debug_str     0x000e45e4      0xc6e ./Drivers/STM32H5xx_HAL_Driver/Src/stm32h5xx_hal_adc.o
                              0xe222f (size before relaxing)
 .debug_str     0x000e5252      0x3e5 ./Drivers/STM32H5xx_HAL_Driver/Src/stm32h5xx_hal_cortex.o
                              0xe1bab (size before relaxing)
 .debug_str     0x000e5637      0x2b5 ./Drivers/STM32H5xx_HAL_Driver/Src/stm32h5xx_hal_dac.o
                              0xe1937 (size before relaxing)
 .debug_str     0x000e58ec      0x2b4 ./Drivers/STM32H5xx_HAL_Driver/Src/stm32h5xx_hal_gpio.o
                              0xe11ac (size before relaxing)
 .debug_str     0x000e5ba0      0xee1 ./Drivers/STM32H5xx_HAL_Driver/Src/stm32h5xx_hal_i2c.o
                              0xe23fe (size before relaxing)
 .debug_str     0x000e6a81       0x87 ./Drivers/STM32H5xx_HAL_Driver/Src/stm32h5xx_hal_i2c_ex.o
                              0xe151f (size before relaxing)
 .debug_str     0x000e6b08      0x30e ./Drivers/STM32H5xx_HAL_Driver/Src/stm32h5xx_hal_icache.o
                              0xe115e (size before relaxing)
 .debug_str     0x000e6e16      0x59b ./Drivers/STM32H5xx_HAL_Driver/Src/stm32h5xx_hal_pcd.o
                              0xe17b0 (size before relaxing)
 .debug_str     0x000e73b1      0x186 ./Drivers/STM32H5xx_HAL_Driver/Src/stm32h5xx_hal_pcd_ex.o
                              0xe13a7 (size before relaxing)
 .debug_str     0x000e7537      0x340 ./Drivers/STM32H5xx_HAL_Driver/Src/stm32h5xx_hal_rcc.o
                              0xe180e (size before relaxing)
 .debug_str     0x000e7877      0x5a6 ./Drivers/STM32H5xx_HAL_Driver/Src/stm32h5xx_hal_rcc_ex.o
                              0xe1965 (size before relaxing)
 .debug_str     0x000e7e1d      0x50d ./Drivers/STM32H5xx_HAL_Driver/Src/stm32h5xx_hal_spi.o
                              0xe1a94 (size before relaxing)
 .debug_str     0x000e832a      0xeb6 ./Drivers/STM32H5xx_HAL_Driver/Src/stm32h5xx_hal_tim.o
                              0xe25fa (size before relaxing)
 .debug_str     0x000e91e0      0x900 ./Drivers/STM32H5xx_HAL_Driver/Src/stm32h5xx_hal_tim_ex.o
                              0xe2224 (size before relaxing)
 .debug_str     0x000e9ae0      0x808 ./Drivers/STM32H5xx_HAL_Driver/Src/stm32h5xx_hal_usart.o
                              0xe1f85 (size before relaxing)
 .debug_str     0x000ea2e8      0x144 ./Drivers/STM32H5xx_HAL_Driver/Src/stm32h5xx_hal_usart_ex.o
                              0xe15af (size before relaxing)
 .debug_str     0x000ea42c      0x389 ./Drivers/STM32H5xx_HAL_Driver/Src/stm32h5xx_ll_usb.o
                              0xe157e (size before relaxing)

.comment        0x00000000       0x43
 .comment       0x00000000       0x43 ./Core/Src/is31fl3236_driver.o
                                 0x44 (size before relaxing)
 .comment       0x00000043       0x44 ./Core/Src/main.o
 .comment       0x00000043       0x44 ./Core/Src/stm32h5xx_hal_msp.o
 .comment       0x00000043       0x44 ./Core/Src/stm32h5xx_hal_timebase_tim.o
 .comment       0x00000043       0x44 ./Core/Src/stm32h5xx_it.o
 .comment       0x00000043       0x44 ./Core/Src/system_stm32h5xx.o
 .comment       0x00000043       0x44 ./Drivers/STM32H5xx_HAL_Driver/Src/stm32h5xx_hal.o
 .comment       0x00000043       0x44 ./Drivers/STM32H5xx_HAL_Driver/Src/stm32h5xx_hal_adc.o
 .comment       0x00000043       0x44 ./Drivers/STM32H5xx_HAL_Driver/Src/stm32h5xx_hal_cortex.o
 .comment       0x00000043       0x44 ./Drivers/STM32H5xx_HAL_Driver/Src/stm32h5xx_hal_dac.o
 .comment       0x00000043       0x44 ./Drivers/STM32H5xx_HAL_Driver/Src/stm32h5xx_hal_gpio.o
 .comment       0x00000043       0x44 ./Drivers/STM32H5xx_HAL_Driver/Src/stm32h5xx_hal_i2c.o
 .comment       0x00000043       0x44 ./Drivers/STM32H5xx_HAL_Driver/Src/stm32h5xx_hal_i2c_ex.o
 .comment       0x00000043       0x44 ./Drivers/STM32H5xx_HAL_Driver/Src/stm32h5xx_hal_icache.o
 .comment       0x00000043       0x44 ./Drivers/STM32H5xx_HAL_Driver/Src/stm32h5xx_hal_pcd.o
 .comment       0x00000043       0x44 ./Drivers/STM32H5xx_HAL_Driver/Src/stm32h5xx_hal_pcd_ex.o
 .comment       0x00000043       0x44 ./Drivers/STM32H5xx_HAL_Driver/Src/stm32h5xx_hal_rcc.o
 .comment       0x00000043       0x44 ./Drivers/STM32H5xx_HAL_Driver/Src/stm32h5xx_hal_rcc_ex.o
 .comment       0x00000043       0x44 ./Drivers/STM32H5xx_HAL_Driver/Src/stm32h5xx_hal_spi.o
 .comment       0x00000043       0x44 ./Drivers/STM32H5xx_HAL_Driver/Src/stm32h5xx_hal_tim.o
 .comment       0x00000043       0x44 ./Drivers/STM32H5xx_HAL_Driver/Src/stm32h5xx_hal_tim_ex.o
 .comment       0x00000043       0x44 ./Drivers/STM32H5xx_HAL_Driver/Src/stm32h5xx_hal_usart.o
 .comment       0x00000043       0x44 ./Drivers/STM32H5xx_HAL_Driver/Src/stm32h5xx_hal_usart_ex.o
 .comment       0x00000043       0x44 ./Drivers/STM32H5xx_HAL_Driver/Src/stm32h5xx_ll_usb.o

.debug_frame    0x00000000     0x742c
 .debug_frame   0x00000000      0x210 ./Core/Src/is31fl3236_driver.o
 .debug_frame   0x00000210      0x20c ./Core/Src/main.o
 .debug_frame   0x0000041c      0x26c ./Core/Src/stm32h5xx_hal_msp.o
 .debug_frame   0x00000688       0x74 ./Core/Src/stm32h5xx_hal_timebase_tim.o
 .debug_frame   0x000006fc      0x124 ./Core/Src/stm32h5xx_it.o
 .debug_frame   0x00000820       0x60 ./Core/Src/system_stm32h5xx.o
 .debug_frame   0x00000880      0x66c ./Drivers/STM32H5xx_HAL_Driver/Src/stm32h5xx_hal.o
 .debug_frame   0x00000eec      0xacc ./Drivers/STM32H5xx_HAL_Driver/Src/stm32h5xx_hal_adc.o
 .debug_frame   0x000019b8      0x560 ./Drivers/STM32H5xx_HAL_Driver/Src/stm32h5xx_hal_cortex.o
 .debug_frame   0x00001f18      0x33c ./Drivers/STM32H5xx_HAL_Driver/Src/stm32h5xx_hal_dac.o
 .debug_frame   0x00002254      0x1ec ./Drivers/STM32H5xx_HAL_Driver/Src/stm32h5xx_hal_gpio.o
 .debug_frame   0x00002440      0xc44 ./Drivers/STM32H5xx_HAL_Driver/Src/stm32h5xx_hal_i2c.o
 .debug_frame   0x00003084       0xd8 ./Drivers/STM32H5xx_HAL_Driver/Src/stm32h5xx_hal_i2c_ex.o
 .debug_frame   0x0000315c      0x248 ./Drivers/STM32H5xx_HAL_Driver/Src/stm32h5xx_hal_icache.o
 .debug_frame   0x000033a4      0x5e0 ./Drivers/STM32H5xx_HAL_Driver/Src/stm32h5xx_hal_pcd.o
 .debug_frame   0x00003984      0x14c ./Drivers/STM32H5xx_HAL_Driver/Src/stm32h5xx_hal_pcd_ex.o
 .debug_frame   0x00003ad0      0x264 ./Drivers/STM32H5xx_HAL_Driver/Src/stm32h5xx_hal_rcc.o
 .debug_frame   0x00003d34      0x3d0 ./Drivers/STM32H5xx_HAL_Driver/Src/stm32h5xx_hal_rcc_ex.o
 .debug_frame   0x00004104      0x7a8 ./Drivers/STM32H5xx_HAL_Driver/Src/stm32h5xx_hal_spi.o
 .debug_frame   0x000048ac     0x124c ./Drivers/STM32H5xx_HAL_Driver/Src/stm32h5xx_hal_tim.o
 .debug_frame   0x00005af8      0xa68 ./Drivers/STM32H5xx_HAL_Driver/Src/stm32h5xx_hal_tim_ex.o
 .debug_frame   0x00006560      0x75c ./Drivers/STM32H5xx_HAL_Driver/Src/stm32h5xx_hal_usart.o
 .debug_frame   0x00006cbc      0x194 ./Drivers/STM32H5xx_HAL_Driver/Src/stm32h5xx_hal_usart_ex.o
 .debug_frame   0x00006e50      0x590 ./Drivers/STM32H5xx_HAL_Driver/Src/stm32h5xx_ll_usb.o
 .debug_frame   0x000073e0       0x20 C:/ST/STM32CubeIDE_1.13.1/STM32CubeIDE/plugins/com.st.stm32cube.ide.mcu.externaltools.gnu-tools-for-stm32.12.3.rel1.win32_1.0.100.202403111256/tools/bin/../lib/gcc/arm-none-eabi/12.3.1/../../../../arm-none-eabi/lib/thumb/v8-m.main+fp/hard\libc_nano.a(libc_a-memset.o)
 .debug_frame   0x00007400       0x2c C:/ST/STM32CubeIDE_1.13.1/STM32CubeIDE/plugins/com.st.stm32cube.ide.mcu.externaltools.gnu-tools-for-stm32.12.3.rel1.win32_1.0.100.202403111256/tools/bin/../lib/gcc/arm-none-eabi/12.3.1/../../../../arm-none-eabi/lib/thumb/v8-m.main+fp/hard\libc_nano.a(libc_a-init.o)

.debug_line_str
                0x00000000       0x56
 .debug_line_str
                0x00000000       0x56 ./Core/Startup/startup_stm32h503rbtx.o
