../Core/Src/stm32h5xx_hal_msp.c:65:6:HAL_MspInit	4	static
../Core/Src/stm32h5xx_hal_msp.c:85:6:HAL_ADC_MspInit	192	static
../Core/Src/stm32h5xx_hal_msp.c:138:6:HAL_ADC_MspDeInit	16	static
../Core/Src/stm32h5xx_hal_msp.c:171:6:HAL_DAC_MspInit	184	static
../Core/Src/stm32h5xx_hal_msp.c:215:6:HAL_DAC_MspDeInit	16	static
../Core/Src/stm32h5xx_hal_msp.c:244:6:HAL_I2C_MspInit	192	static
../Core/Src/stm32h5xx_hal_msp.c:330:6:HAL_I2C_MspDeInit	16	static
../Core/Src/stm32h5xx_hal_msp.c:381:6:HAL_SPI_MspInit	184	static
../Core/Src/stm32h5xx_hal_msp.c:436:6:HAL_SPI_MspDeInit	16	static
../Core/Src/stm32h5xx_hal_msp.c:466:6:HAL_TIM_PWM_MspInit	24	static
../Core/Src/stm32h5xx_hal_msp.c:493:6:HAL_TIM_MspPostInit	48	static
../Core/Src/stm32h5xx_hal_msp.c:545:6:HAL_TIM_PWM_MspDeInit	16	static
../Core/Src/stm32h5xx_hal_msp.c:578:6:HAL_USART_MspInit	192	static
../Core/Src/stm32h5xx_hal_msp.c:634:6:HAL_USART_MspDeInit	16	static
../Core/Src/stm32h5xx_hal_msp.c:666:6:HAL_PCD_MspInit	160	static
../Core/Src/stm32h5xx_hal_msp.c:699:6:HAL_PCD_MspDeInit	16	static
