../Drivers/STM32H5xx_HAL_Driver/Src/stm32h5xx_hal_flash.c:162:19:HAL_FLASH_Program	32	static
../Drivers/STM32H5xx_HAL_Driver/Src/stm32h5xx_hal_flash.c:266:19:HAL_FLASH_Program_IT	32	static
../Drivers/STM32H5xx_HAL_Driver/Src/stm32h5xx_hal_flash.c:358:6:HAL_FLASH_IRQHandler	32	static
../Drivers/STM32H5xx_HAL_Driver/Src/stm32h5xx_hal_flash.c:500:13:HAL_FLASH_EndOfOperationCallback	16	static
../Drivers/STM32H5xx_HAL_Driver/Src/stm32h5xx_hal_flash.c:518:13:HAL_FLASH_OperationErrorCallback	16	static
../Drivers/STM32H5xx_HAL_Driver/Src/stm32h5xx_hal_flash.c:551:19:HAL_FLASH_Unlock	16	static
../Drivers/STM32H5xx_HAL_Driver/Src/stm32h5xx_hal_flash.c:593:19:HAL_FLASH_Lock	16	static
../Drivers/STM32H5xx_HAL_Driver/Src/stm32h5xx_hal_flash.c:627:19:HAL_FLASH_OB_Unlock	4	static
../Drivers/STM32H5xx_HAL_Driver/Src/stm32h5xx_hal_flash.c:649:19:HAL_FLASH_OB_Lock	4	static
../Drivers/STM32H5xx_HAL_Driver/Src/stm32h5xx_hal_flash.c:667:19:HAL_FLASH_OB_Launch	16	static
../Drivers/STM32H5xx_HAL_Driver/Src/stm32h5xx_hal_flash.c:712:10:HAL_FLASH_GetError	4	static
../Drivers/STM32H5xx_HAL_Driver/Src/stm32h5xx_hal_flash.c:736:19:FLASH_WaitForLastOperation	32	static
../Drivers/STM32H5xx_HAL_Driver/Src/stm32h5xx_hal_flash.c:816:13:FLASH_Program_QuadWord	48	static,ignoring_inline_asm
../Drivers/STM32H5xx_HAL_Driver/Src/stm32h5xx_hal_flash.c:901:13:FLASH_Program_HalfWord	24	static
