../Drivers/STM32H5xx_HAL_Driver/Src/stm32h5xx_hal_pwr_ex.c:109:19:HAL_PWREx_ConfigSupply	24	static
../Drivers/STM32H5xx_HAL_Driver/Src/stm32h5xx_hal_pwr_ex.c:141:10:HAL_PWREx_GetSupplyConfig	4	static
../Drivers/STM32H5xx_HAL_Driver/Src/stm32h5xx_hal_pwr_ex.c:162:19:HAL_PWREx_ControlVoltageScaling	24	static
../Drivers/STM32H5xx_HAL_Driver/Src/stm32h5xx_hal_pwr_ex.c:196:10:HAL_PWREx_GetVoltageRange	4	static
../Drivers/STM32H5xx_HAL_Driver/Src/stm32h5xx_hal_pwr_ex.c:222:19:HAL_PWREx_ControlStopModeVoltageScaling	16	static
../Drivers/STM32H5xx_HAL_Driver/Src/stm32h5xx_hal_pwr_ex.c:237:10:HAL_PWREx_GetStopModeVoltageRange	4	static
../Drivers/STM32H5xx_HAL_Driver/Src/stm32h5xx_hal_pwr_ex.c:268:6:HAL_PWREx_ConfigAVD	16	static
../Drivers/STM32H5xx_HAL_Driver/Src/stm32h5xx_hal_pwr_ex.c:312:6:HAL_PWREx_EnableAVD	4	static
../Drivers/STM32H5xx_HAL_Driver/Src/stm32h5xx_hal_pwr_ex.c:322:6:HAL_PWREx_DisableAVD	4	static
../Drivers/STM32H5xx_HAL_Driver/Src/stm32h5xx_hal_pwr_ex.c:374:6:HAL_PWREx_EnableMonitoring	4	static
../Drivers/STM32H5xx_HAL_Driver/Src/stm32h5xx_hal_pwr_ex.c:383:6:HAL_PWREx_DisableMonitoring	4	static
../Drivers/STM32H5xx_HAL_Driver/Src/stm32h5xx_hal_pwr_ex.c:450:6:HAL_PWREx_EnableBatteryCharging	16	static
../Drivers/STM32H5xx_HAL_Driver/Src/stm32h5xx_hal_pwr_ex.c:466:6:HAL_PWREx_DisableBatteryCharging	4	static
../Drivers/STM32H5xx_HAL_Driver/Src/stm32h5xx_hal_pwr_ex.c:478:6:HAL_PWREx_EnableAnalogBooster	4	static
../Drivers/STM32H5xx_HAL_Driver/Src/stm32h5xx_hal_pwr_ex.c:491:6:HAL_PWREx_DisableAnalogBooster	4	static
../Drivers/STM32H5xx_HAL_Driver/Src/stm32h5xx_hal_pwr_ex.c:506:6:HAL_PWREx_PVD_AVD_IRQHandler	8	static
../Drivers/STM32H5xx_HAL_Driver/Src/stm32h5xx_hal_pwr_ex.c:533:13:HAL_PWREx_PVD_AVD_Rising_Callback	4	static
../Drivers/STM32H5xx_HAL_Driver/Src/stm32h5xx_hal_pwr_ex.c:544:13:HAL_PWREx_PVD_AVD_Falling_Callback	4	static
../Drivers/STM32H5xx_HAL_Driver/Src/stm32h5xx_hal_pwr_ex.c:573:6:HAL_PWREx_EnableWakeUpPin	80	static,ignoring_inline_asm
../Drivers/STM32H5xx_HAL_Driver/Src/stm32h5xx_hal_pwr_ex.c:614:6:HAL_PWREx_DisableWakeUpPin	16	static
../Drivers/STM32H5xx_HAL_Driver/Src/stm32h5xx_hal_pwr_ex.c:647:6:HAL_PWREx_EnableFlashPowerDown	4	static
../Drivers/STM32H5xx_HAL_Driver/Src/stm32h5xx_hal_pwr_ex.c:661:6:HAL_PWREx_DisableFlashPowerDown	4	static
../Drivers/STM32H5xx_HAL_Driver/Src/stm32h5xx_hal_pwr_ex.c:694:6:HAL_PWREx_EnableMemoryShutOff	16	static
../Drivers/STM32H5xx_HAL_Driver/Src/stm32h5xx_hal_pwr_ex.c:726:6:HAL_PWREx_DisableMemoryShutOff	16	static
../Drivers/STM32H5xx_HAL_Driver/Src/stm32h5xx_hal_pwr_ex.c:742:19:HAL_PWREx_EnableBkupRAMRetention	4	static
../Drivers/STM32H5xx_HAL_Driver/Src/stm32h5xx_hal_pwr_ex.c:756:6:HAL_PWREx_DisableBkupRAMRetention	4	static
../Drivers/STM32H5xx_HAL_Driver/Src/stm32h5xx_hal_pwr_ex.c:791:6:HAL_PWREx_EnableStandbyIORetention	4	static
../Drivers/STM32H5xx_HAL_Driver/Src/stm32h5xx_hal_pwr_ex.c:801:6:HAL_PWREx_DisableStandbyIORetention	4	static
../Drivers/STM32H5xx_HAL_Driver/Src/stm32h5xx_hal_pwr_ex.c:813:6:HAL_PWREx_EnableStandbyJTAGIORetention	4	static
../Drivers/STM32H5xx_HAL_Driver/Src/stm32h5xx_hal_pwr_ex.c:823:6:HAL_PWREx_DisableStandbyJTAGIORetention	4	static
