../Drivers/STM32H5xx_HAL_Driver/Src/stm32h5xx_hal_rcc_ex.c:155:19:HAL_RCCEx_PeriphCLKConfig	200	static
../Drivers/STM32H5xx_HAL_Driver/Src/stm32h5xx_hal_rcc_ex.c:2455:6:HAL_RCCEx_GetPeriphCLKConfig	24	static
../Drivers/STM32H5xx_HAL_Driver/Src/stm32h5xx_hal_rcc_ex.c:2774:6:HAL_RCCEx_GetPLL1ClockFreq	48	static
../Drivers/STM32H5xx_HAL_Driver/Src/stm32h5xx_hal_rcc_ex.c:2911:6:HAL_RCCEx_GetPLL2ClockFreq	48	static
../Drivers/STM32H5xx_HAL_Driver/Src/stm32h5xx_hal_rcc_ex.c:3222:10:HAL_RCCEx_GetPeriphCLKFreq	56	static
../Drivers/STM32H5xx_HAL_Driver/Src/stm32h5xx_hal_rcc_ex.c:5278:19:HAL_RCCEx_EnablePLL2	24	static
../Drivers/STM32H5xx_HAL_Driver/Src/stm32h5xx_hal_rcc_ex.c:5366:19:HAL_RCCEx_DisablePLL2	16	static
../Drivers/STM32H5xx_HAL_Driver/Src/stm32h5xx_hal_rcc_ex.c:5530:6:HAL_RCCEx_WakeUpStopCLKConfig	16	static
../Drivers/STM32H5xx_HAL_Driver/Src/stm32h5xx_hal_rcc_ex.c:5545:6:HAL_RCCEx_KerWakeUpStopCLKConfig	16	static
../Drivers/STM32H5xx_HAL_Driver/Src/stm32h5xx_hal_rcc_ex.c:5559:6:HAL_RCCEx_EnableLSECSS	4	static
../Drivers/STM32H5xx_HAL_Driver/Src/stm32h5xx_hal_rcc_ex.c:5569:6:HAL_RCCEx_DisableLSECSS	4	static
../Drivers/STM32H5xx_HAL_Driver/Src/stm32h5xx_hal_rcc_ex.c:5578:6:HAL_RCCEx_LSECSS_IRQHandler	8	static
../Drivers/STM32H5xx_HAL_Driver/Src/stm32h5xx_hal_rcc_ex.c:5591:13:HAL_RCCEx_LSECSS_Callback	4	static
../Drivers/STM32H5xx_HAL_Driver/Src/stm32h5xx_hal_rcc_ex.c:5606:6:HAL_RCCEx_EnableLSCO	24	static
../Drivers/STM32H5xx_HAL_Driver/Src/stm32h5xx_hal_rcc_ex.c:5632:6:HAL_RCCEx_DisableLSCO	16	static
../Drivers/STM32H5xx_HAL_Driver/Src/stm32h5xx_hal_rcc_ex.c:5729:6:HAL_RCCEx_CRSConfig	24	static
../Drivers/STM32H5xx_HAL_Driver/Src/stm32h5xx_hal_rcc_ex.c:5771:6:HAL_RCCEx_CRSSoftwareSynchronizationGenerate	4	static
../Drivers/STM32H5xx_HAL_Driver/Src/stm32h5xx_hal_rcc_ex.c:5781:6:HAL_RCCEx_CRSGetSynchronizationInfo	16	static
../Drivers/STM32H5xx_HAL_Driver/Src/stm32h5xx_hal_rcc_ex.c:5814:10:HAL_RCCEx_CRSWaitSynchronization	24	static
../Drivers/STM32H5xx_HAL_Driver/Src/stm32h5xx_hal_rcc_ex.c:5897:6:HAL_RCCEx_CRS_IRQHandler	24	static
../Drivers/STM32H5xx_HAL_Driver/Src/stm32h5xx_hal_rcc_ex.c:5962:13:HAL_RCCEx_CRS_SyncOkCallback	4	static
../Drivers/STM32H5xx_HAL_Driver/Src/stm32h5xx_hal_rcc_ex.c:5973:13:HAL_RCCEx_CRS_SyncWarnCallback	4	static
../Drivers/STM32H5xx_HAL_Driver/Src/stm32h5xx_hal_rcc_ex.c:5984:13:HAL_RCCEx_CRS_ExpectedSyncCallback	4	static
../Drivers/STM32H5xx_HAL_Driver/Src/stm32h5xx_hal_rcc_ex.c:6000:13:HAL_RCCEx_CRS_ErrorCallback	16	static
../Drivers/STM32H5xx_HAL_Driver/Src/stm32h5xx_hal_rcc_ex.c:6029:26:RCCEx_PLLSource_Enable	24	static
../Drivers/STM32H5xx_HAL_Driver/Src/stm32h5xx_hal_rcc_ex.c:6117:26:RCCEx_PLL2_Config	24	static
