17:00:30 **** Build of configuration Debug for project Pleiades-Sensor-Integration ****
make -j12 all 
arm-none-eabi-gcc "C:/Users/TechRave/STM32Cube/Repository/STM32Cube_FW_H5_V1.2.0/Drivers/STM32H5xx_HAL_Driver/Src/stm32h5xx_hal.c" -mcpu=cortex-m33 -std=gnu11 -g3 -DDEBUG -DUSE_HAL_DRIVER -DSTM32H503xx -c -I../Core/Inc -IC:/Users/TechRave/STM32Cube/Repository/STM32Cube_FW_H5_V1.2.0/Drivers/STM32H5xx_HAL_Driver/Inc -IC:/Users/TechRave/STM32Cube/Repository/STM32Cube_FW_H5_V1.2.0/Drivers/STM32H5xx_HAL_Driver/Inc/Legacy -IC:/Users/TechRave/STM32Cube/Repository/STM32Cube_FW_H5_V1.2.0/Drivers/CMSIS/Device/ST/STM32H5xx/Include -IC:/Users/TechRave/STM32Cube/Repository/STM32Cube_FW_H5_V1.2.0/Drivers/CMSIS/Include -O0 -ffunction-sections -fdata-sections -Wall -fstack-usage -fcyclomatic-complexity -MMD -MP -MF"Drivers/STM32H5xx_HAL_Driver/stm32h5xx_hal.d" -MT"Drivers/STM32H5xx_HAL_Driver/stm32h5xx_hal.o" --specs=nano.specs -mfpu=fpv5-sp-d16 -mfloat-abi=hard -mthumb -o "Drivers/STM32H5xx_HAL_Driver/stm32h5xx_hal.o"
arm-none-eabi-gcc "C:/Users/TechRave/STM32Cube/Repository/STM32Cube_FW_H5_V1.2.0/Drivers/STM32H5xx_HAL_Driver/Src/stm32h5xx_hal_adc.c" -mcpu=cortex-m33 -std=gnu11 -g3 -DDEBUG -DUSE_HAL_DRIVER -DSTM32H503xx -c -I../Core/Inc -IC:/Users/TechRave/STM32Cube/Repository/STM32Cube_FW_H5_V1.2.0/Drivers/STM32H5xx_HAL_Driver/Inc -IC:/Users/TechRave/STM32Cube/Repository/STM32Cube_FW_H5_V1.2.0/Drivers/STM32H5xx_HAL_Driver/Inc/Legacy -IC:/Users/TechRave/STM32Cube/Repository/STM32Cube_FW_H5_V1.2.0/Drivers/CMSIS/Device/ST/STM32H5xx/Include -IC:/Users/TechRave/STM32Cube/Repository/STM32Cube_FW_H5_V1.2.0/Drivers/CMSIS/Include -O0 -ffunction-sections -fdata-sections -Wall -fstack-usage -fcyclomatic-complexity -MMD -MP -MF"Drivers/STM32H5xx_HAL_Driver/stm32h5xx_hal_adc.d" -MT"Drivers/STM32H5xx_HAL_Driver/stm32h5xx_hal_adc.o" --specs=nano.specs -mfpu=fpv5-sp-d16 -mfloat-abi=hard -mthumb -o "Drivers/STM32H5xx_HAL_Driver/stm32h5xx_hal_adc.o"
arm-none-eabi-gcc "C:/Users/TechRave/STM32Cube/Repository/STM32Cube_FW_H5_V1.2.0/Drivers/STM32H5xx_HAL_Driver/Src/stm32h5xx_hal_adc_ex.c" -mcpu=cortex-m33 -std=gnu11 -g3 -DDEBUG -DUSE_HAL_DRIVER -DSTM32H503xx -c -I../Core/Inc -IC:/Users/TechRave/STM32Cube/Repository/STM32Cube_FW_H5_V1.2.0/Drivers/STM32H5xx_HAL_Driver/Inc -IC:/Users/TechRave/STM32Cube/Repository/STM32Cube_FW_H5_V1.2.0/Drivers/STM32H5xx_HAL_Driver/Inc/Legacy -IC:/Users/TechRave/STM32Cube/Repository/STM32Cube_FW_H5_V1.2.0/Drivers/CMSIS/Device/ST/STM32H5xx/Include -IC:/Users/TechRave/STM32Cube/Repository/STM32Cube_FW_H5_V1.2.0/Drivers/CMSIS/Include -O0 -ffunction-sections -fdata-sections -Wall -fstack-usage -fcyclomatic-complexity -MMD -MP -MF"Drivers/STM32H5xx_HAL_Driver/stm32h5xx_hal_adc_ex.d" -MT"Drivers/STM32H5xx_HAL_Driver/stm32h5xx_hal_adc_ex.o" --specs=nano.specs -mfpu=fpv5-sp-d16 -mfloat-abi=hard -mthumb -o "Drivers/STM32H5xx_HAL_Driver/stm32h5xx_hal_adc_ex.o"
arm-none-eabi-gcc "C:/Users/TechRave/STM32Cube/Repository/STM32Cube_FW_H5_V1.2.0/Drivers/STM32H5xx_HAL_Driver/Src/stm32h5xx_hal_cortex.c" -mcpu=cortex-m33 -std=gnu11 -g3 -DDEBUG -DUSE_HAL_DRIVER -DSTM32H503xx -c -I../Core/Inc -IC:/Users/TechRave/STM32Cube/Repository/STM32Cube_FW_H5_V1.2.0/Drivers/STM32H5xx_HAL_Driver/Inc -IC:/Users/TechRave/STM32Cube/Repository/STM32Cube_FW_H5_V1.2.0/Drivers/STM32H5xx_HAL_Driver/Inc/Legacy -IC:/Users/TechRave/STM32Cube/Repository/STM32Cube_FW_H5_V1.2.0/Drivers/CMSIS/Device/ST/STM32H5xx/Include -IC:/Users/TechRave/STM32Cube/Repository/STM32Cube_FW_H5_V1.2.0/Drivers/CMSIS/Include -O0 -ffunction-sections -fdata-sections -Wall -fstack-usage -fcyclomatic-complexity -MMD -MP -MF"Drivers/STM32H5xx_HAL_Driver/stm32h5xx_hal_cortex.d" -MT"Drivers/STM32H5xx_HAL_Driver/stm32h5xx_hal_cortex.o" --specs=nano.specs -mfpu=fpv5-sp-d16 -mfloat-abi=hard -mthumb -o "Drivers/STM32H5xx_HAL_Driver/stm32h5xx_hal_cortex.o"
arm-none-eabi-gcc "C:/Users/TechRave/STM32Cube/Repository/STM32Cube_FW_H5_V1.2.0/Drivers/STM32H5xx_HAL_Driver/Src/stm32h5xx_hal_dac.c" -mcpu=cortex-m33 -std=gnu11 -g3 -DDEBUG -DUSE_HAL_DRIVER -DSTM32H503xx -c -I../Core/Inc -IC:/Users/TechRave/STM32Cube/Repository/STM32Cube_FW_H5_V1.2.0/Drivers/STM32H5xx_HAL_Driver/Inc -IC:/Users/TechRave/STM32Cube/Repository/STM32Cube_FW_H5_V1.2.0/Drivers/STM32H5xx_HAL_Driver/Inc/Legacy -IC:/Users/TechRave/STM32Cube/Repository/STM32Cube_FW_H5_V1.2.0/Drivers/CMSIS/Device/ST/STM32H5xx/Include -IC:/Users/TechRave/STM32Cube/Repository/STM32Cube_FW_H5_V1.2.0/Drivers/CMSIS/Include -O0 -ffunction-sections -fdata-sections -Wall -fstack-usage -fcyclomatic-complexity -MMD -MP -MF"Drivers/STM32H5xx_HAL_Driver/stm32h5xx_hal_dac.d" -MT"Drivers/STM32H5xx_HAL_Driver/stm32h5xx_hal_dac.o" --specs=nano.specs -mfpu=fpv5-sp-d16 -mfloat-abi=hard -mthumb -o "Drivers/STM32H5xx_HAL_Driver/stm32h5xx_hal_dac.o"
arm-none-eabi-gcc "C:/Users/TechRave/STM32Cube/Repository/STM32Cube_FW_H5_V1.2.0/Drivers/STM32H5xx_HAL_Driver/Src/stm32h5xx_hal_dac_ex.c" -mcpu=cortex-m33 -std=gnu11 -g3 -DDEBUG -DUSE_HAL_DRIVER -DSTM32H503xx -c -I../Core/Inc -IC:/Users/TechRave/STM32Cube/Repository/STM32Cube_FW_H5_V1.2.0/Drivers/STM32H5xx_HAL_Driver/Inc -IC:/Users/TechRave/STM32Cube/Repository/STM32Cube_FW_H5_V1.2.0/Drivers/STM32H5xx_HAL_Driver/Inc/Legacy -IC:/Users/TechRave/STM32Cube/Repository/STM32Cube_FW_H5_V1.2.0/Drivers/CMSIS/Device/ST/STM32H5xx/Include -IC:/Users/TechRave/STM32Cube/Repository/STM32Cube_FW_H5_V1.2.0/Drivers/CMSIS/Include -O0 -ffunction-sections -fdata-sections -Wall -fstack-usage -fcyclomatic-complexity -MMD -MP -MF"Drivers/STM32H5xx_HAL_Driver/stm32h5xx_hal_dac_ex.d" -MT"Drivers/STM32H5xx_HAL_Driver/stm32h5xx_hal_dac_ex.o" --specs=nano.specs -mfpu=fpv5-sp-d16 -mfloat-abi=hard -mthumb -o "Drivers/STM32H5xx_HAL_Driver/stm32h5xx_hal_dac_ex.o"
arm-none-eabi-gcc "C:/Users/TechRave/STM32Cube/Repository/STM32Cube_FW_H5_V1.2.0/Drivers/STM32H5xx_HAL_Driver/Src/stm32h5xx_hal_dma.c" -mcpu=cortex-m33 -std=gnu11 -g3 -DDEBUG -DUSE_HAL_DRIVER -DSTM32H503xx -c -I../Core/Inc -IC:/Users/TechRave/STM32Cube/Repository/STM32Cube_FW_H5_V1.2.0/Drivers/STM32H5xx_HAL_Driver/Inc -IC:/Users/TechRave/STM32Cube/Repository/STM32Cube_FW_H5_V1.2.0/Drivers/STM32H5xx_HAL_Driver/Inc/Legacy -IC:/Users/TechRave/STM32Cube/Repository/STM32Cube_FW_H5_V1.2.0/Drivers/CMSIS/Device/ST/STM32H5xx/Include -IC:/Users/TechRave/STM32Cube/Repository/STM32Cube_FW_H5_V1.2.0/Drivers/CMSIS/Include -O0 -ffunction-sections -fdata-sections -Wall -fstack-usage -fcyclomatic-complexity -MMD -MP -MF"Drivers/STM32H5xx_HAL_Driver/stm32h5xx_hal_dma.d" -MT"Drivers/STM32H5xx_HAL_Driver/stm32h5xx_hal_dma.o" --specs=nano.specs -mfpu=fpv5-sp-d16 -mfloat-abi=hard -mthumb -o "Drivers/STM32H5xx_HAL_Driver/stm32h5xx_hal_dma.o"
arm-none-eabi-gcc "C:/Users/TechRave/STM32Cube/Repository/STM32Cube_FW_H5_V1.2.0/Drivers/STM32H5xx_HAL_Driver/Src/stm32h5xx_hal_dma_ex.c" -mcpu=cortex-m33 -std=gnu11 -g3 -DDEBUG -DUSE_HAL_DRIVER -DSTM32H503xx -c -I../Core/Inc -IC:/Users/TechRave/STM32Cube/Repository/STM32Cube_FW_H5_V1.2.0/Drivers/STM32H5xx_HAL_Driver/Inc -IC:/Users/TechRave/STM32Cube/Repository/STM32Cube_FW_H5_V1.2.0/Drivers/STM32H5xx_HAL_Driver/Inc/Legacy -IC:/Users/TechRave/STM32Cube/Repository/STM32Cube_FW_H5_V1.2.0/Drivers/CMSIS/Device/ST/STM32H5xx/Include -IC:/Users/TechRave/STM32Cube/Repository/STM32Cube_FW_H5_V1.2.0/Drivers/CMSIS/Include -O0 -ffunction-sections -fdata-sections -Wall -fstack-usage -fcyclomatic-complexity -MMD -MP -MF"Drivers/STM32H5xx_HAL_Driver/stm32h5xx_hal_dma_ex.d" -MT"Drivers/STM32H5xx_HAL_Driver/stm32h5xx_hal_dma_ex.o" --specs=nano.specs -mfpu=fpv5-sp-d16 -mfloat-abi=hard -mthumb -o "Drivers/STM32H5xx_HAL_Driver/stm32h5xx_hal_dma_ex.o"
arm-none-eabi-gcc "C:/Users/TechRave/STM32Cube/Repository/STM32Cube_FW_H5_V1.2.0/Drivers/STM32H5xx_HAL_Driver/Src/stm32h5xx_hal_exti.c" -mcpu=cortex-m33 -std=gnu11 -g3 -DDEBUG -DUSE_HAL_DRIVER -DSTM32H503xx -c -I../Core/Inc -IC:/Users/TechRave/STM32Cube/Repository/STM32Cube_FW_H5_V1.2.0/Drivers/STM32H5xx_HAL_Driver/Inc -IC:/Users/TechRave/STM32Cube/Repository/STM32Cube_FW_H5_V1.2.0/Drivers/STM32H5xx_HAL_Driver/Inc/Legacy -IC:/Users/TechRave/STM32Cube/Repository/STM32Cube_FW_H5_V1.2.0/Drivers/CMSIS/Device/ST/STM32H5xx/Include -IC:/Users/TechRave/STM32Cube/Repository/STM32Cube_FW_H5_V1.2.0/Drivers/CMSIS/Include -O0 -ffunction-sections -fdata-sections -Wall -fstack-usage -fcyclomatic-complexity -MMD -MP -MF"Drivers/STM32H5xx_HAL_Driver/stm32h5xx_hal_exti.d" -MT"Drivers/STM32H5xx_HAL_Driver/stm32h5xx_hal_exti.o" --specs=nano.specs -mfpu=fpv5-sp-d16 -mfloat-abi=hard -mthumb -o "Drivers/STM32H5xx_HAL_Driver/stm32h5xx_hal_exti.o"
arm-none-eabi-gcc "C:/Users/TechRave/STM32Cube/Repository/STM32Cube_FW_H5_V1.2.0/Drivers/STM32H5xx_HAL_Driver/Src/stm32h5xx_hal_flash.c" -mcpu=cortex-m33 -std=gnu11 -g3 -DDEBUG -DUSE_HAL_DRIVER -DSTM32H503xx -c -I../Core/Inc -IC:/Users/TechRave/STM32Cube/Repository/STM32Cube_FW_H5_V1.2.0/Drivers/STM32H5xx_HAL_Driver/Inc -IC:/Users/TechRave/STM32Cube/Repository/STM32Cube_FW_H5_V1.2.0/Drivers/STM32H5xx_HAL_Driver/Inc/Legacy -IC:/Users/TechRave/STM32Cube/Repository/STM32Cube_FW_H5_V1.2.0/Drivers/CMSIS/Device/ST/STM32H5xx/Include -IC:/Users/TechRave/STM32Cube/Repository/STM32Cube_FW_H5_V1.2.0/Drivers/CMSIS/Include -O0 -ffunction-sections -fdata-sections -Wall -fstack-usage -fcyclomatic-complexity -MMD -MP -MF"Drivers/STM32H5xx_HAL_Driver/stm32h5xx_hal_flash.d" -MT"Drivers/STM32H5xx_HAL_Driver/stm32h5xx_hal_flash.o" --specs=nano.specs -mfpu=fpv5-sp-d16 -mfloat-abi=hard -mthumb -o "Drivers/STM32H5xx_HAL_Driver/stm32h5xx_hal_flash.o"
arm-none-eabi-gcc "C:/Users/TechRave/STM32Cube/Repository/STM32Cube_FW_H5_V1.2.0/Drivers/STM32H5xx_HAL_Driver/Src/stm32h5xx_hal_flash_ex.c" -mcpu=cortex-m33 -std=gnu11 -g3 -DDEBUG -DUSE_HAL_DRIVER -DSTM32H503xx -c -I../Core/Inc -IC:/Users/TechRave/STM32Cube/Repository/STM32Cube_FW_H5_V1.2.0/Drivers/STM32H5xx_HAL_Driver/Inc -IC:/Users/TechRave/STM32Cube/Repository/STM32Cube_FW_H5_V1.2.0/Drivers/STM32H5xx_HAL_Driver/Inc/Legacy -IC:/Users/TechRave/STM32Cube/Repository/STM32Cube_FW_H5_V1.2.0/Drivers/CMSIS/Device/ST/STM32H5xx/Include -IC:/Users/TechRave/STM32Cube/Repository/STM32Cube_FW_H5_V1.2.0/Drivers/CMSIS/Include -O0 -ffunction-sections -fdata-sections -Wall -fstack-usage -fcyclomatic-complexity -MMD -MP -MF"Drivers/STM32H5xx_HAL_Driver/stm32h5xx_hal_flash_ex.d" -MT"Drivers/STM32H5xx_HAL_Driver/stm32h5xx_hal_flash_ex.o" --specs=nano.specs -mfpu=fpv5-sp-d16 -mfloat-abi=hard -mthumb -o "Drivers/STM32H5xx_HAL_Driver/stm32h5xx_hal_flash_ex.o"
arm-none-eabi-gcc "C:/Users/TechRave/STM32Cube/Repository/STM32Cube_FW_H5_V1.2.0/Drivers/STM32H5xx_HAL_Driver/Src/stm32h5xx_hal_gpio.c" -mcpu=cortex-m33 -std=gnu11 -g3 -DDEBUG -DUSE_HAL_DRIVER -DSTM32H503xx -c -I../Core/Inc -IC:/Users/TechRave/STM32Cube/Repository/STM32Cube_FW_H5_V1.2.0/Drivers/STM32H5xx_HAL_Driver/Inc -IC:/Users/TechRave/STM32Cube/Repository/STM32Cube_FW_H5_V1.2.0/Drivers/STM32H5xx_HAL_Driver/Inc/Legacy -IC:/Users/TechRave/STM32Cube/Repository/STM32Cube_FW_H5_V1.2.0/Drivers/CMSIS/Device/ST/STM32H5xx/Include -IC:/Users/TechRave/STM32Cube/Repository/STM32Cube_FW_H5_V1.2.0/Drivers/CMSIS/Include -O0 -ffunction-sections -fdata-sections -Wall -fstack-usage -fcyclomatic-complexity -MMD -MP -MF"Drivers/STM32H5xx_HAL_Driver/stm32h5xx_hal_gpio.d" -MT"Drivers/STM32H5xx_HAL_Driver/stm32h5xx_hal_gpio.o" --specs=nano.specs -mfpu=fpv5-sp-d16 -mfloat-abi=hard -mthumb -o "Drivers/STM32H5xx_HAL_Driver/stm32h5xx_hal_gpio.o"
arm-none-eabi-gcc "C:/Users/TechRave/STM32Cube/Repository/STM32Cube_FW_H5_V1.2.0/Drivers/STM32H5xx_HAL_Driver/Src/stm32h5xx_hal_i2c.c" -mcpu=cortex-m33 -std=gnu11 -g3 -DDEBUG -DUSE_HAL_DRIVER -DSTM32H503xx -c -I../Core/Inc -IC:/Users/TechRave/STM32Cube/Repository/STM32Cube_FW_H5_V1.2.0/Drivers/STM32H5xx_HAL_Driver/Inc -IC:/Users/TechRave/STM32Cube/Repository/STM32Cube_FW_H5_V1.2.0/Drivers/STM32H5xx_HAL_Driver/Inc/Legacy -IC:/Users/TechRave/STM32Cube/Repository/STM32Cube_FW_H5_V1.2.0/Drivers/CMSIS/Device/ST/STM32H5xx/Include -IC:/Users/TechRave/STM32Cube/Repository/STM32Cube_FW_H5_V1.2.0/Drivers/CMSIS/Include -O0 -ffunction-sections -fdata-sections -Wall -fstack-usage -fcyclomatic-complexity -MMD -MP -MF"Drivers/STM32H5xx_HAL_Driver/stm32h5xx_hal_i2c.d" -MT"Drivers/STM32H5xx_HAL_Driver/stm32h5xx_hal_i2c.o" --specs=nano.specs -mfpu=fpv5-sp-d16 -mfloat-abi=hard -mthumb -o "Drivers/STM32H5xx_HAL_Driver/stm32h5xx_hal_i2c.o"
arm-none-eabi-gcc "C:/Users/TechRave/STM32Cube/Repository/STM32Cube_FW_H5_V1.2.0/Drivers/STM32H5xx_HAL_Driver/Src/stm32h5xx_hal_i2c_ex.c" -mcpu=cortex-m33 -std=gnu11 -g3 -DDEBUG -DUSE_HAL_DRIVER -DSTM32H503xx -c -I../Core/Inc -IC:/Users/TechRave/STM32Cube/Repository/STM32Cube_FW_H5_V1.2.0/Drivers/STM32H5xx_HAL_Driver/Inc -IC:/Users/TechRave/STM32Cube/Repository/STM32Cube_FW_H5_V1.2.0/Drivers/STM32H5xx_HAL_Driver/Inc/Legacy -IC:/Users/TechRave/STM32Cube/Repository/STM32Cube_FW_H5_V1.2.0/Drivers/CMSIS/Device/ST/STM32H5xx/Include -IC:/Users/TechRave/STM32Cube/Repository/STM32Cube_FW_H5_V1.2.0/Drivers/CMSIS/Include -O0 -ffunction-sections -fdata-sections -Wall -fstack-usage -fcyclomatic-complexity -MMD -MP -MF"Drivers/STM32H5xx_HAL_Driver/stm32h5xx_hal_i2c_ex.d" -MT"Drivers/STM32H5xx_HAL_Driver/stm32h5xx_hal_i2c_ex.o" --specs=nano.specs -mfpu=fpv5-sp-d16 -mfloat-abi=hard -mthumb -o "Drivers/STM32H5xx_HAL_Driver/stm32h5xx_hal_i2c_ex.o"
arm-none-eabi-gcc "C:/Users/TechRave/STM32Cube/Repository/STM32Cube_FW_H5_V1.2.0/Drivers/STM32H5xx_HAL_Driver/Src/stm32h5xx_hal_icache.c" -mcpu=cortex-m33 -std=gnu11 -g3 -DDEBUG -DUSE_HAL_DRIVER -DSTM32H503xx -c -I../Core/Inc -IC:/Users/TechRave/STM32Cube/Repository/STM32Cube_FW_H5_V1.2.0/Drivers/STM32H5xx_HAL_Driver/Inc -IC:/Users/TechRave/STM32Cube/Repository/STM32Cube_FW_H5_V1.2.0/Drivers/STM32H5xx_HAL_Driver/Inc/Legacy -IC:/Users/TechRave/STM32Cube/Repository/STM32Cube_FW_H5_V1.2.0/Drivers/CMSIS/Device/ST/STM32H5xx/Include -IC:/Users/TechRave/STM32Cube/Repository/STM32Cube_FW_H5_V1.2.0/Drivers/CMSIS/Include -O0 -ffunction-sections -fdata-sections -Wall -fstack-usage -fcyclomatic-complexity -MMD -MP -MF"Drivers/STM32H5xx_HAL_Driver/stm32h5xx_hal_icache.d" -MT"Drivers/STM32H5xx_HAL_Driver/stm32h5xx_hal_icache.o" --specs=nano.specs -mfpu=fpv5-sp-d16 -mfloat-abi=hard -mthumb -o "Drivers/STM32H5xx_HAL_Driver/stm32h5xx_hal_icache.o"
arm-none-eabi-gcc "C:/Users/TechRave/STM32Cube/Repository/STM32Cube_FW_H5_V1.2.0/Drivers/STM32H5xx_HAL_Driver/Src/stm32h5xx_hal_pcd.c" -mcpu=cortex-m33 -std=gnu11 -g3 -DDEBUG -DUSE_HAL_DRIVER -DSTM32H503xx -c -I../Core/Inc -IC:/Users/TechRave/STM32Cube/Repository/STM32Cube_FW_H5_V1.2.0/Drivers/STM32H5xx_HAL_Driver/Inc -IC:/Users/TechRave/STM32Cube/Repository/STM32Cube_FW_H5_V1.2.0/Drivers/STM32H5xx_HAL_Driver/Inc/Legacy -IC:/Users/TechRave/STM32Cube/Repository/STM32Cube_FW_H5_V1.2.0/Drivers/CMSIS/Device/ST/STM32H5xx/Include -IC:/Users/TechRave/STM32Cube/Repository/STM32Cube_FW_H5_V1.2.0/Drivers/CMSIS/Include -O0 -ffunction-sections -fdata-sections -Wall -fstack-usage -fcyclomatic-complexity -MMD -MP -MF"Drivers/STM32H5xx_HAL_Driver/stm32h5xx_hal_pcd.d" -MT"Drivers/STM32H5xx_HAL_Driver/stm32h5xx_hal_pcd.o" --specs=nano.specs -mfpu=fpv5-sp-d16 -mfloat-abi=hard -mthumb -o "Drivers/STM32H5xx_HAL_Driver/stm32h5xx_hal_pcd.o"
arm-none-eabi-gcc "C:/Users/TechRave/STM32Cube/Repository/STM32Cube_FW_H5_V1.2.0/Drivers/STM32H5xx_HAL_Driver/Src/stm32h5xx_hal_pcd_ex.c" -mcpu=cortex-m33 -std=gnu11 -g3 -DDEBUG -DUSE_HAL_DRIVER -DSTM32H503xx -c -I../Core/Inc -IC:/Users/TechRave/STM32Cube/Repository/STM32Cube_FW_H5_V1.2.0/Drivers/STM32H5xx_HAL_Driver/Inc -IC:/Users/TechRave/STM32Cube/Repository/STM32Cube_FW_H5_V1.2.0/Drivers/STM32H5xx_HAL_Driver/Inc/Legacy -IC:/Users/TechRave/STM32Cube/Repository/STM32Cube_FW_H5_V1.2.0/Drivers/CMSIS/Device/ST/STM32H5xx/Include -IC:/Users/TechRave/STM32Cube/Repository/STM32Cube_FW_H5_V1.2.0/Drivers/CMSIS/Include -O0 -ffunction-sections -fdata-sections -Wall -fstack-usage -fcyclomatic-complexity -MMD -MP -MF"Drivers/STM32H5xx_HAL_Driver/stm32h5xx_hal_pcd_ex.d" -MT"Drivers/STM32H5xx_HAL_Driver/stm32h5xx_hal_pcd_ex.o" --specs=nano.specs -mfpu=fpv5-sp-d16 -mfloat-abi=hard -mthumb -o "Drivers/STM32H5xx_HAL_Driver/stm32h5xx_hal_pcd_ex.o"
arm-none-eabi-gcc "C:/Users/TechRave/STM32Cube/Repository/STM32Cube_FW_H5_V1.2.0/Drivers/STM32H5xx_HAL_Driver/Src/stm32h5xx_hal_pwr.c" -mcpu=cortex-m33 -std=gnu11 -g3 -DDEBUG -DUSE_HAL_DRIVER -DSTM32H503xx -c -I../Core/Inc -IC:/Users/TechRave/STM32Cube/Repository/STM32Cube_FW_H5_V1.2.0/Drivers/STM32H5xx_HAL_Driver/Inc -IC:/Users/TechRave/STM32Cube/Repository/STM32Cube_FW_H5_V1.2.0/Drivers/STM32H5xx_HAL_Driver/Inc/Legacy -IC:/Users/TechRave/STM32Cube/Repository/STM32Cube_FW_H5_V1.2.0/Drivers/CMSIS/Device/ST/STM32H5xx/Include -IC:/Users/TechRave/STM32Cube/Repository/STM32Cube_FW_H5_V1.2.0/Drivers/CMSIS/Include -O0 -ffunction-sections -fdata-sections -Wall -fstack-usage -fcyclomatic-complexity -MMD -MP -MF"Drivers/STM32H5xx_HAL_Driver/stm32h5xx_hal_pwr.d" -MT"Drivers/STM32H5xx_HAL_Driver/stm32h5xx_hal_pwr.o" --specs=nano.specs -mfpu=fpv5-sp-d16 -mfloat-abi=hard -mthumb -o "Drivers/STM32H5xx_HAL_Driver/stm32h5xx_hal_pwr.o"
arm-none-eabi-gcc "C:/Users/TechRave/STM32Cube/Repository/STM32Cube_FW_H5_V1.2.0/Drivers/STM32H5xx_HAL_Driver/Src/stm32h5xx_hal_pwr_ex.c" -mcpu=cortex-m33 -std=gnu11 -g3 -DDEBUG -DUSE_HAL_DRIVER -DSTM32H503xx -c -I../Core/Inc -IC:/Users/TechRave/STM32Cube/Repository/STM32Cube_FW_H5_V1.2.0/Drivers/STM32H5xx_HAL_Driver/Inc -IC:/Users/TechRave/STM32Cube/Repository/STM32Cube_FW_H5_V1.2.0/Drivers/STM32H5xx_HAL_Driver/Inc/Legacy -IC:/Users/TechRave/STM32Cube/Repository/STM32Cube_FW_H5_V1.2.0/Drivers/CMSIS/Device/ST/STM32H5xx/Include -IC:/Users/TechRave/STM32Cube/Repository/STM32Cube_FW_H5_V1.2.0/Drivers/CMSIS/Include -O0 -ffunction-sections -fdata-sections -Wall -fstack-usage -fcyclomatic-complexity -MMD -MP -MF"Drivers/STM32H5xx_HAL_Driver/stm32h5xx_hal_pwr_ex.d" -MT"Drivers/STM32H5xx_HAL_Driver/stm32h5xx_hal_pwr_ex.o" --specs=nano.specs -mfpu=fpv5-sp-d16 -mfloat-abi=hard -mthumb -o "Drivers/STM32H5xx_HAL_Driver/stm32h5xx_hal_pwr_ex.o"
arm-none-eabi-gcc "C:/Users/TechRave/STM32Cube/Repository/STM32Cube_FW_H5_V1.2.0/Drivers/STM32H5xx_HAL_Driver/Src/stm32h5xx_hal_rcc.c" -mcpu=cortex-m33 -std=gnu11 -g3 -DDEBUG -DUSE_HAL_DRIVER -DSTM32H503xx -c -I../Core/Inc -IC:/Users/TechRave/STM32Cube/Repository/STM32Cube_FW_H5_V1.2.0/Drivers/STM32H5xx_HAL_Driver/Inc -IC:/Users/TechRave/STM32Cube/Repository/STM32Cube_FW_H5_V1.2.0/Drivers/STM32H5xx_HAL_Driver/Inc/Legacy -IC:/Users/TechRave/STM32Cube/Repository/STM32Cube_FW_H5_V1.2.0/Drivers/CMSIS/Device/ST/STM32H5xx/Include -IC:/Users/TechRave/STM32Cube/Repository/STM32Cube_FW_H5_V1.2.0/Drivers/CMSIS/Include -O0 -ffunction-sections -fdata-sections -Wall -fstack-usage -fcyclomatic-complexity -MMD -MP -MF"Drivers/STM32H5xx_HAL_Driver/stm32h5xx_hal_rcc.d" -MT"Drivers/STM32H5xx_HAL_Driver/stm32h5xx_hal_rcc.o" --specs=nano.specs -mfpu=fpv5-sp-d16 -mfloat-abi=hard -mthumb -o "Drivers/STM32H5xx_HAL_Driver/stm32h5xx_hal_rcc.o"
arm-none-eabi-gcc "C:/Users/TechRave/STM32Cube/Repository/STM32Cube_FW_H5_V1.2.0/Drivers/STM32H5xx_HAL_Driver/Src/stm32h5xx_hal_rcc_ex.c" -mcpu=cortex-m33 -std=gnu11 -g3 -DDEBUG -DUSE_HAL_DRIVER -DSTM32H503xx -c -I../Core/Inc -IC:/Users/TechRave/STM32Cube/Repository/STM32Cube_FW_H5_V1.2.0/Drivers/STM32H5xx_HAL_Driver/Inc -IC:/Users/TechRave/STM32Cube/Repository/STM32Cube_FW_H5_V1.2.0/Drivers/STM32H5xx_HAL_Driver/Inc/Legacy -IC:/Users/TechRave/STM32Cube/Repository/STM32Cube_FW_H5_V1.2.0/Drivers/CMSIS/Device/ST/STM32H5xx/Include -IC:/Users/TechRave/STM32Cube/Repository/STM32Cube_FW_H5_V1.2.0/Drivers/CMSIS/Include -O0 -ffunction-sections -fdata-sections -Wall -fstack-usage -fcyclomatic-complexity -MMD -MP -MF"Drivers/STM32H5xx_HAL_Driver/stm32h5xx_hal_rcc_ex.d" -MT"Drivers/STM32H5xx_HAL_Driver/stm32h5xx_hal_rcc_ex.o" --specs=nano.specs -mfpu=fpv5-sp-d16 -mfloat-abi=hard -mthumb -o "Drivers/STM32H5xx_HAL_Driver/stm32h5xx_hal_rcc_ex.o"
arm-none-eabi-gcc "C:/Users/TechRave/STM32Cube/Repository/STM32Cube_FW_H5_V1.2.0/Drivers/STM32H5xx_HAL_Driver/Src/stm32h5xx_hal_spi.c" -mcpu=cortex-m33 -std=gnu11 -g3 -DDEBUG -DUSE_HAL_DRIVER -DSTM32H503xx -c -I../Core/Inc -IC:/Users/TechRave/STM32Cube/Repository/STM32Cube_FW_H5_V1.2.0/Drivers/STM32H5xx_HAL_Driver/Inc -IC:/Users/TechRave/STM32Cube/Repository/STM32Cube_FW_H5_V1.2.0/Drivers/STM32H5xx_HAL_Driver/Inc/Legacy -IC:/Users/TechRave/STM32Cube/Repository/STM32Cube_FW_H5_V1.2.0/Drivers/CMSIS/Device/ST/STM32H5xx/Include -IC:/Users/TechRave/STM32Cube/Repository/STM32Cube_FW_H5_V1.2.0/Drivers/CMSIS/Include -O0 -ffunction-sections -fdata-sections -Wall -fstack-usage -fcyclomatic-complexity -MMD -MP -MF"Drivers/STM32H5xx_HAL_Driver/stm32h5xx_hal_spi.d" -MT"Drivers/STM32H5xx_HAL_Driver/stm32h5xx_hal_spi.o" --specs=nano.specs -mfpu=fpv5-sp-d16 -mfloat-abi=hard -mthumb -o "Drivers/STM32H5xx_HAL_Driver/stm32h5xx_hal_spi.o"
arm-none-eabi-gcc "C:/Users/TechRave/STM32Cube/Repository/STM32Cube_FW_H5_V1.2.0/Drivers/STM32H5xx_HAL_Driver/Src/stm32h5xx_hal_spi_ex.c" -mcpu=cortex-m33 -std=gnu11 -g3 -DDEBUG -DUSE_HAL_DRIVER -DSTM32H503xx -c -I../Core/Inc -IC:/Users/TechRave/STM32Cube/Repository/STM32Cube_FW_H5_V1.2.0/Drivers/STM32H5xx_HAL_Driver/Inc -IC:/Users/TechRave/STM32Cube/Repository/STM32Cube_FW_H5_V1.2.0/Drivers/STM32H5xx_HAL_Driver/Inc/Legacy -IC:/Users/TechRave/STM32Cube/Repository/STM32Cube_FW_H5_V1.2.0/Drivers/CMSIS/Device/ST/STM32H5xx/Include -IC:/Users/TechRave/STM32Cube/Repository/STM32Cube_FW_H5_V1.2.0/Drivers/CMSIS/Include -O0 -ffunction-sections -fdata-sections -Wall -fstack-usage -fcyclomatic-complexity -MMD -MP -MF"Drivers/STM32H5xx_HAL_Driver/stm32h5xx_hal_spi_ex.d" -MT"Drivers/STM32H5xx_HAL_Driver/stm32h5xx_hal_spi_ex.o" --specs=nano.specs -mfpu=fpv5-sp-d16 -mfloat-abi=hard -mthumb -o "Drivers/STM32H5xx_HAL_Driver/stm32h5xx_hal_spi_ex.o"
arm-none-eabi-gcc "C:/Users/TechRave/STM32Cube/Repository/STM32Cube_FW_H5_V1.2.0/Drivers/STM32H5xx_HAL_Driver/Src/stm32h5xx_hal_tim.c" -mcpu=cortex-m33 -std=gnu11 -g3 -DDEBUG -DUSE_HAL_DRIVER -DSTM32H503xx -c -I../Core/Inc -IC:/Users/TechRave/STM32Cube/Repository/STM32Cube_FW_H5_V1.2.0/Drivers/STM32H5xx_HAL_Driver/Inc -IC:/Users/TechRave/STM32Cube/Repository/STM32Cube_FW_H5_V1.2.0/Drivers/STM32H5xx_HAL_Driver/Inc/Legacy -IC:/Users/TechRave/STM32Cube/Repository/STM32Cube_FW_H5_V1.2.0/Drivers/CMSIS/Device/ST/STM32H5xx/Include -IC:/Users/TechRave/STM32Cube/Repository/STM32Cube_FW_H5_V1.2.0/Drivers/CMSIS/Include -O0 -ffunction-sections -fdata-sections -Wall -fstack-usage -fcyclomatic-complexity -MMD -MP -MF"Drivers/STM32H5xx_HAL_Driver/stm32h5xx_hal_tim.d" -MT"Drivers/STM32H5xx_HAL_Driver/stm32h5xx_hal_tim.o" --specs=nano.specs -mfpu=fpv5-sp-d16 -mfloat-abi=hard -mthumb -o "Drivers/STM32H5xx_HAL_Driver/stm32h5xx_hal_tim.o"
arm-none-eabi-gcc "C:/Users/TechRave/STM32Cube/Repository/STM32Cube_FW_H5_V1.2.0/Drivers/STM32H5xx_HAL_Driver/Src/stm32h5xx_hal_tim_ex.c" -mcpu=cortex-m33 -std=gnu11 -g3 -DDEBUG -DUSE_HAL_DRIVER -DSTM32H503xx -c -I../Core/Inc -IC:/Users/TechRave/STM32Cube/Repository/STM32Cube_FW_H5_V1.2.0/Drivers/STM32H5xx_HAL_Driver/Inc -IC:/Users/TechRave/STM32Cube/Repository/STM32Cube_FW_H5_V1.2.0/Drivers/STM32H5xx_HAL_Driver/Inc/Legacy -IC:/Users/TechRave/STM32Cube/Repository/STM32Cube_FW_H5_V1.2.0/Drivers/CMSIS/Device/ST/STM32H5xx/Include -IC:/Users/TechRave/STM32Cube/Repository/STM32Cube_FW_H5_V1.2.0/Drivers/CMSIS/Include -O0 -ffunction-sections -fdata-sections -Wall -fstack-usage -fcyclomatic-complexity -MMD -MP -MF"Drivers/STM32H5xx_HAL_Driver/stm32h5xx_hal_tim_ex.d" -MT"Drivers/STM32H5xx_HAL_Driver/stm32h5xx_hal_tim_ex.o" --specs=nano.specs -mfpu=fpv5-sp-d16 -mfloat-abi=hard -mthumb -o "Drivers/STM32H5xx_HAL_Driver/stm32h5xx_hal_tim_ex.o"
arm-none-eabi-gcc "C:/Users/TechRave/STM32Cube/Repository/STM32Cube_FW_H5_V1.2.0/Drivers/STM32H5xx_HAL_Driver/Src/stm32h5xx_hal_usart.c" -mcpu=cortex-m33 -std=gnu11 -g3 -DDEBUG -DUSE_HAL_DRIVER -DSTM32H503xx -c -I../Core/Inc -IC:/Users/TechRave/STM32Cube/Repository/STM32Cube_FW_H5_V1.2.0/Drivers/STM32H5xx_HAL_Driver/Inc -IC:/Users/TechRave/STM32Cube/Repository/STM32Cube_FW_H5_V1.2.0/Drivers/STM32H5xx_HAL_Driver/Inc/Legacy -IC:/Users/TechRave/STM32Cube/Repository/STM32Cube_FW_H5_V1.2.0/Drivers/CMSIS/Device/ST/STM32H5xx/Include -IC:/Users/TechRave/STM32Cube/Repository/STM32Cube_FW_H5_V1.2.0/Drivers/CMSIS/Include -O0 -ffunction-sections -fdata-sections -Wall -fstack-usage -fcyclomatic-complexity -MMD -MP -MF"Drivers/STM32H5xx_HAL_Driver/stm32h5xx_hal_usart.d" -MT"Drivers/STM32H5xx_HAL_Driver/stm32h5xx_hal_usart.o" --specs=nano.specs -mfpu=fpv5-sp-d16 -mfloat-abi=hard -mthumb -o "Drivers/STM32H5xx_HAL_Driver/stm32h5xx_hal_usart.o"
arm-none-eabi-gcc "C:/Users/TechRave/STM32Cube/Repository/STM32Cube_FW_H5_V1.2.0/Drivers/STM32H5xx_HAL_Driver/Src/stm32h5xx_hal_usart_ex.c" -mcpu=cortex-m33 -std=gnu11 -g3 -DDEBUG -DUSE_HAL_DRIVER -DSTM32H503xx -c -I../Core/Inc -IC:/Users/TechRave/STM32Cube/Repository/STM32Cube_FW_H5_V1.2.0/Drivers/STM32H5xx_HAL_Driver/Inc -IC:/Users/TechRave/STM32Cube/Repository/STM32Cube_FW_H5_V1.2.0/Drivers/STM32H5xx_HAL_Driver/Inc/Legacy -IC:/Users/TechRave/STM32Cube/Repository/STM32Cube_FW_H5_V1.2.0/Drivers/CMSIS/Device/ST/STM32H5xx/Include -IC:/Users/TechRave/STM32Cube/Repository/STM32Cube_FW_H5_V1.2.0/Drivers/CMSIS/Include -O0 -ffunction-sections -fdata-sections -Wall -fstack-usage -fcyclomatic-complexity -MMD -MP -MF"Drivers/STM32H5xx_HAL_Driver/stm32h5xx_hal_usart_ex.d" -MT"Drivers/STM32H5xx_HAL_Driver/stm32h5xx_hal_usart_ex.o" --specs=nano.specs -mfpu=fpv5-sp-d16 -mfloat-abi=hard -mthumb -o "Drivers/STM32H5xx_HAL_Driver/stm32h5xx_hal_usart_ex.o"
arm-none-eabi-gcc "C:/Users/TechRave/STM32Cube/Repository/STM32Cube_FW_H5_V1.2.0/Drivers/STM32H5xx_HAL_Driver/Src/stm32h5xx_ll_usb.c" -mcpu=cortex-m33 -std=gnu11 -g3 -DDEBUG -DUSE_HAL_DRIVER -DSTM32H503xx -c -I../Core/Inc -IC:/Users/TechRave/STM32Cube/Repository/STM32Cube_FW_H5_V1.2.0/Drivers/STM32H5xx_HAL_Driver/Inc -IC:/Users/TechRave/STM32Cube/Repository/STM32Cube_FW_H5_V1.2.0/Drivers/STM32H5xx_HAL_Driver/Inc/Legacy -IC:/Users/TechRave/STM32Cube/Repository/STM32Cube_FW_H5_V1.2.0/Drivers/CMSIS/Device/ST/STM32H5xx/Include -IC:/Users/TechRave/STM32Cube/Repository/STM32Cube_FW_H5_V1.2.0/Drivers/CMSIS/Include -O0 -ffunction-sections -fdata-sections -Wall -fstack-usage -fcyclomatic-complexity -MMD -MP -MF"Drivers/STM32H5xx_HAL_Driver/stm32h5xx_ll_usb.d" -MT"Drivers/STM32H5xx_HAL_Driver/stm32h5xx_ll_usb.o" --specs=nano.specs -mfpu=fpv5-sp-d16 -mfloat-abi=hard -mthumb -o "Drivers/STM32H5xx_HAL_Driver/stm32h5xx_ll_usb.o"
arm-none-eabi-gcc -mcpu=cortex-m33 -g3 -DDEBUG -c -x assembler-with-cpp -MMD -MP -MF"Core/Startup/startup_stm32h503rbtx.d" -MT"Core/Startup/startup_stm32h503rbtx.o" --specs=nano.specs -mfpu=fpv5-sp-d16 -mfloat-abi=hard -mthumb -o "Core/Startup/startup_stm32h503rbtx.o" "../Core/Startup/startup_stm32h503rbtx.s"
arm-none-eabi-gcc "../Core/Src/main.c" -mcpu=cortex-m33 -std=gnu11 -g3 -DDEBUG -DUSE_HAL_DRIVER -DSTM32H503xx -c -I../Core/Inc -IC:/Users/TechRave/STM32Cube/Repository/STM32Cube_FW_H5_V1.2.0/Drivers/STM32H5xx_HAL_Driver/Inc -IC:/Users/TechRave/STM32Cube/Repository/STM32Cube_FW_H5_V1.2.0/Drivers/STM32H5xx_HAL_Driver/Inc/Legacy -IC:/Users/TechRave/STM32Cube/Repository/STM32Cube_FW_H5_V1.2.0/Drivers/CMSIS/Device/ST/STM32H5xx/Include -IC:/Users/TechRave/STM32Cube/Repository/STM32Cube_FW_H5_V1.2.0/Drivers/CMSIS/Include -O0 -ffunction-sections -fdata-sections -Wall -fstack-usage -fcyclomatic-complexity -MMD -MP -MF"Core/Src/main.d" -MT"Core/Src/main.o" --specs=nano.specs -mfpu=fpv5-sp-d16 -mfloat-abi=hard -mthumb -o "Core/Src/main.o"
arm-none-eabi-gcc "../Core/Src/sht40_lib.c" -mcpu=cortex-m33 -std=gnu11 -g3 -DDEBUG -DUSE_HAL_DRIVER -DSTM32H503xx -c -I../Core/Inc -IC:/Users/TechRave/STM32Cube/Repository/STM32Cube_FW_H5_V1.2.0/Drivers/STM32H5xx_HAL_Driver/Inc -IC:/Users/TechRave/STM32Cube/Repository/STM32Cube_FW_H5_V1.2.0/Drivers/STM32H5xx_HAL_Driver/Inc/Legacy -IC:/Users/TechRave/STM32Cube/Repository/STM32Cube_FW_H5_V1.2.0/Drivers/CMSIS/Device/ST/STM32H5xx/Include -IC:/Users/TechRave/STM32Cube/Repository/STM32Cube_FW_H5_V1.2.0/Drivers/CMSIS/Include -O0 -ffunction-sections -fdata-sections -Wall -fstack-usage -fcyclomatic-complexity -MMD -MP -MF"Core/Src/sht40_lib.d" -MT"Core/Src/sht40_lib.o" --specs=nano.specs -mfpu=fpv5-sp-d16 -mfloat-abi=hard -mthumb -o "Core/Src/sht40_lib.o"
arm-none-eabi-gcc "../Core/Src/stm32h5xx_hal_msp.c" -mcpu=cortex-m33 -std=gnu11 -g3 -DDEBUG -DUSE_HAL_DRIVER -DSTM32H503xx -c -I../Core/Inc -IC:/Users/TechRave/STM32Cube/Repository/STM32Cube_FW_H5_V1.2.0/Drivers/STM32H5xx_HAL_Driver/Inc -IC:/Users/TechRave/STM32Cube/Repository/STM32Cube_FW_H5_V1.2.0/Drivers/STM32H5xx_HAL_Driver/Inc/Legacy -IC:/Users/TechRave/STM32Cube/Repository/STM32Cube_FW_H5_V1.2.0/Drivers/CMSIS/Device/ST/STM32H5xx/Include -IC:/Users/TechRave/STM32Cube/Repository/STM32Cube_FW_H5_V1.2.0/Drivers/CMSIS/Include -O0 -ffunction-sections -fdata-sections -Wall -fstack-usage -fcyclomatic-complexity -MMD -MP -MF"Core/Src/stm32h5xx_hal_msp.d" -MT"Core/Src/stm32h5xx_hal_msp.o" --specs=nano.specs -mfpu=fpv5-sp-d16 -mfloat-abi=hard -mthumb -o "Core/Src/stm32h5xx_hal_msp.o"
arm-none-eabi-gcc "../Core/Src/stm32h5xx_hal_timebase_tim.c" -mcpu=cortex-m33 -std=gnu11 -g3 -DDEBUG -DUSE_HAL_DRIVER -DSTM32H503xx -c -I../Core/Inc -IC:/Users/TechRave/STM32Cube/Repository/STM32Cube_FW_H5_V1.2.0/Drivers/STM32H5xx_HAL_Driver/Inc -IC:/Users/TechRave/STM32Cube/Repository/STM32Cube_FW_H5_V1.2.0/Drivers/STM32H5xx_HAL_Driver/Inc/Legacy -IC:/Users/TechRave/STM32Cube/Repository/STM32Cube_FW_H5_V1.2.0/Drivers/CMSIS/Device/ST/STM32H5xx/Include -IC:/Users/TechRave/STM32Cube/Repository/STM32Cube_FW_H5_V1.2.0/Drivers/CMSIS/Include -O0 -ffunction-sections -fdata-sections -Wall -fstack-usage -fcyclomatic-complexity -MMD -MP -MF"Core/Src/stm32h5xx_hal_timebase_tim.d" -MT"Core/Src/stm32h5xx_hal_timebase_tim.o" --specs=nano.specs -mfpu=fpv5-sp-d16 -mfloat-abi=hard -mthumb -o "Core/Src/stm32h5xx_hal_timebase_tim.o"
arm-none-eabi-gcc "../Core/Src/stm32h5xx_it.c" -mcpu=cortex-m33 -std=gnu11 -g3 -DDEBUG -DUSE_HAL_DRIVER -DSTM32H503xx -c -I../Core/Inc -IC:/Users/TechRave/STM32Cube/Repository/STM32Cube_FW_H5_V1.2.0/Drivers/STM32H5xx_HAL_Driver/Inc -IC:/Users/TechRave/STM32Cube/Repository/STM32Cube_FW_H5_V1.2.0/Drivers/STM32H5xx_HAL_Driver/Inc/Legacy -IC:/Users/TechRave/STM32Cube/Repository/STM32Cube_FW_H5_V1.2.0/Drivers/CMSIS/Device/ST/STM32H5xx/Include -IC:/Users/TechRave/STM32Cube/Repository/STM32Cube_FW_H5_V1.2.0/Drivers/CMSIS/Include -O0 -ffunction-sections -fdata-sections -Wall -fstack-usage -fcyclomatic-complexity -MMD -MP -MF"Core/Src/stm32h5xx_it.d" -MT"Core/Src/stm32h5xx_it.o" --specs=nano.specs -mfpu=fpv5-sp-d16 -mfloat-abi=hard -mthumb -o "Core/Src/stm32h5xx_it.o"
arm-none-eabi-gcc "../Core/Src/syscalls.c" -mcpu=cortex-m33 -std=gnu11 -g3 -DDEBUG -DUSE_HAL_DRIVER -DSTM32H503xx -c -I../Core/Inc -IC:/Users/TechRave/STM32Cube/Repository/STM32Cube_FW_H5_V1.2.0/Drivers/STM32H5xx_HAL_Driver/Inc -IC:/Users/TechRave/STM32Cube/Repository/STM32Cube_FW_H5_V1.2.0/Drivers/STM32H5xx_HAL_Driver/Inc/Legacy -IC:/Users/TechRave/STM32Cube/Repository/STM32Cube_FW_H5_V1.2.0/Drivers/CMSIS/Device/ST/STM32H5xx/Include -IC:/Users/TechRave/STM32Cube/Repository/STM32Cube_FW_H5_V1.2.0/Drivers/CMSIS/Include -O0 -ffunction-sections -fdata-sections -Wall -fstack-usage -fcyclomatic-complexity -MMD -MP -MF"Core/Src/syscalls.d" -MT"Core/Src/syscalls.o" --specs=nano.specs -mfpu=fpv5-sp-d16 -mfloat-abi=hard -mthumb -o "Core/Src/syscalls.o"
arm-none-eabi-gcc "../Core/Src/sysmem.c" -mcpu=cortex-m33 -std=gnu11 -g3 -DDEBUG -DUSE_HAL_DRIVER -DSTM32H503xx -c -I../Core/Inc -IC:/Users/TechRave/STM32Cube/Repository/STM32Cube_FW_H5_V1.2.0/Drivers/STM32H5xx_HAL_Driver/Inc -IC:/Users/TechRave/STM32Cube/Repository/STM32Cube_FW_H5_V1.2.0/Drivers/STM32H5xx_HAL_Driver/Inc/Legacy -IC:/Users/TechRave/STM32Cube/Repository/STM32Cube_FW_H5_V1.2.0/Drivers/CMSIS/Device/ST/STM32H5xx/Include -IC:/Users/TechRave/STM32Cube/Repository/STM32Cube_FW_H5_V1.2.0/Drivers/CMSIS/Include -O0 -ffunction-sections -fdata-sections -Wall -fstack-usage -fcyclomatic-complexity -MMD -MP -MF"Core/Src/sysmem.d" -MT"Core/Src/sysmem.o" --specs=nano.specs -mfpu=fpv5-sp-d16 -mfloat-abi=hard -mthumb -o "Core/Src/sysmem.o"
arm-none-eabi-gcc "../Core/Src/system_stm32h5xx.c" -mcpu=cortex-m33 -std=gnu11 -g3 -DDEBUG -DUSE_HAL_DRIVER -DSTM32H503xx -c -I../Core/Inc -IC:/Users/TechRave/STM32Cube/Repository/STM32Cube_FW_H5_V1.2.0/Drivers/STM32H5xx_HAL_Driver/Inc -IC:/Users/TechRave/STM32Cube/Repository/STM32Cube_FW_H5_V1.2.0/Drivers/STM32H5xx_HAL_Driver/Inc/Legacy -IC:/Users/TechRave/STM32Cube/Repository/STM32Cube_FW_H5_V1.2.0/Drivers/CMSIS/Device/ST/STM32H5xx/Include -IC:/Users/TechRave/STM32Cube/Repository/STM32Cube_FW_H5_V1.2.0/Drivers/CMSIS/Include -O0 -ffunction-sections -fdata-sections -Wall -fstack-usage -fcyclomatic-complexity -MMD -MP -MF"Core/Src/system_stm32h5xx.d" -MT"Core/Src/system_stm32h5xx.o" --specs=nano.specs -mfpu=fpv5-sp-d16 -mfloat-abi=hard -mthumb -o "Core/Src/system_stm32h5xx.o"
arm-none-eabi-gcc -o "Pleiades-Sensor-Integration.elf" @"objects.list"   -mcpu=cortex-m33 -T"C:\Users\TechRave\Desktop\AmStar\Pleiades_Sensor_Integration\Pleiades-Sensor-Integration\Pleiades-Sensor-Integration\STM32H503RBTX_FLASH.ld" --specs=nosys.specs -Wl,-Map="Pleiades-Sensor-Integration.map" -Wl,--gc-sections -static --specs=nano.specs -mfpu=fpv5-sp-d16 -mfloat-abi=hard -mthumb -Wl,--start-group -lc -lm -Wl,--end-group
Finished building target: Pleiades-Sensor-Integration.elf
 
arm-none-eabi-size  Pleiades-Sensor-Integration.elf 
arm-none-eabi-objdump -h -S Pleiades-Sensor-Integration.elf  > "Pleiades-Sensor-Integration.list"
   text	   data	    bss	    dec	    hex	filename
  27932	     12	   3068	  31012	   7924	Pleiades-Sensor-Integration.elf
Finished building: default.size.stdout
 
Finished building: Pleiades-Sensor-Integration.list
 
